Component: ARM Compiler 5.06 update 7 (build 960) Tool: armlink [4d3601]

==============================================================================

Section Cross References

    system_stm32f4xx.o(.text) refers to system_stm32f4xx.o(.data) for .data
    startup_stm32f40_41xxx.o(RESET) refers to startup_stm32f40_41xxx.o(STACK) for __initial_sp
    startup_stm32f40_41xxx.o(RESET) refers to startup_stm32f40_41xxx.o(.text) for Reset_Handler
    startup_stm32f40_41xxx.o(RESET) refers to stm32f4xx_it.o(.text) for NMI_Handler
    startup_stm32f40_41xxx.o(RESET) refers to sys.o(.text) for SysTick_Handler
    startup_stm32f40_41xxx.o(RESET) refers to usart.o(.text) for USART1_IRQHandler
    startup_stm32f40_41xxx.o(RESET) refers to servo.o(.text) for TIM8_TRG_COM_TIM14_IRQHandler
    startup_stm32f40_41xxx.o(RESET) refers to usb_bsp.o(.text) for OTG_FS_IRQHandler
    startup_stm32f40_41xxx.o(.text) refers to system_stm32f4xx.o(.text) for SystemInit
    startup_stm32f40_41xxx.o(.text) refers to entry.o(.ARM.Collect$$$$00000000) for __main
    stm32f4xx_adc.o(.text) refers to stm32f4xx_rcc.o(.text) for RCC_APB2PeriphResetCmd
    stm32f4xx_can.o(.text) refers to stm32f4xx_rcc.o(.text) for RCC_APB1PeriphResetCmd
    stm32f4xx_gpio.o(.text) refers to stm32f4xx_rcc.o(.text) for RCC_AHB1PeriphResetCmd
    stm32f4xx_i2c.o(.text) refers to stm32f4xx_rcc.o(.text) for RCC_APB1PeriphResetCmd
    stm32f4xx_rcc.o(.text) refers to stm32f4xx_rcc.o(.data) for .data
    stm32f4xx_sdio.o(.text) refers to stm32f4xx_rcc.o(.text) for RCC_APB2PeriphResetCmd
    stm32f4xx_spi.o(.text) refers to stm32f4xx_rcc.o(.text) for RCC_APB1PeriphResetCmd
    stm32f4xx_syscfg.o(.text) refers to stm32f4xx_rcc.o(.text) for RCC_APB2PeriphResetCmd
    stm32f4xx_tim.o(.text) refers to stm32f4xx_rcc.o(.text) for RCC_APB2PeriphResetCmd
    stm32f4xx_usart.o(.text) refers to stm32f4xx_rcc.o(.text) for RCC_APB2PeriphResetCmd
    stm32f4xx_dac.o(.text) refers to stm32f4xx_rcc.o(.text) for RCC_APB1PeriphResetCmd
    usbh_hid_core.o(.text) refers to printfa.o(i.__0printf) for __2printf
    usbh_hid_core.o(.text) refers to usbh_hcs.o(.text) for USBH_Alloc_Channel
    usbh_hid_core.o(.text) refers to usb_core.o(.text) for USB_OTG_HC_Halt
    usbh_hid_core.o(.text) refers to usbh_stdreq.o(.text) for USBH_GetDescriptor
    usbh_hid_core.o(.text) refers to usbh_ioreq.o(.text) for USBH_CtlReq
    usbh_hid_core.o(.text) refers to usb_hcd.o(.text) for HCD_GetCurrentFrame
    usbh_hid_core.o(.text) refers to usbh_hid_core.o(.bss) for .bss
    usbh_hid_core.o(.text) refers to usbh_hid_core.o(.data) for .data
    usbh_hid_core.o(.text) refers to usbh_hid_keybd.o(.data) for HID_KEYBRD_cb
    usbh_hid_core.o(.text) refers to usbh_hid_mouse.o(.data) for HID_MOUSE_cb
    usbh_hid_core.o(.text) refers to usbh_hid_gamepad.o(.data) for HID_GAMEPAD_cb
    usbh_hid_core.o(.data) refers to usbh_hid_core.o(.text) for USBH_HID_InterfaceInit
    usbh_hid_gamepad.o(.text) refers to usbh_usr.o(.text) for USR_GAMEPAD_Init
    usbh_hid_gamepad.o(.text) refers to printfa.o(i.__0printf) for __2printf
    usbh_hid_gamepad.o(.text) refers to usbh_hid_gamepad.o(.bss) for .bss
    usbh_hid_gamepad.o(.text) refers to usbh_hid_gamepad.o(.data) for .data
    usbh_hid_gamepad.o(.data) refers to usbh_hid_gamepad.o(.text) for GAMEPAD_Init
    usbh_hid_keybd.o(.text) refers to usbh_usr.o(.text) for USR_KEYBRD_Init
    usbh_hid_keybd.o(.text) refers to usbh_hid_keybd.o(.data) for .data
    usbh_hid_keybd.o(.text) refers to usbh_hid_keybd.o(.constdata) for .constdata
    usbh_hid_keybd.o(.data) refers to usbh_hid_keybd.o(.text) for KEYBRD_Init
    usbh_hcs.o(.text) refers to usb_core.o(.text) for USB_OTG_HC_Init
    usbh_ioreq.o(.text) refers to usb_hcd.o(.text) for HCD_SubmitRequest
    usbh_stdreq.o(.text) refers to usbh_ioreq.o(.text) for USBH_CtlReq
    usbh_stdreq.o(.text) refers to usbh_stdreq.o(.data) for .data
    usbh_stdreq.o(.text) refers to usbh_stdreq.o(.bss) for .bss
    usb_hcd_int.o(.text) refers to usb_core.o(.text) for USB_OTG_InitFSLSPClkSel
    usb_hcd_int.o(.text) refers to usbh_core.o(.data) for USBH_HCD_INT_fops
    usbh_core.o(.text) refers to usb_bsp.o(.text) for USB_OTG_BSP_DriveVBUS
    usbh_core.o(.text) refers to usb_core.o(.text) for USB_OTG_DisableGlobalInt
    usbh_core.o(.text) refers to usbh_hcs.o(.text) for USBH_Free_Channel
    usbh_core.o(.text) refers to usb_hcd.o(.text) for HCD_Init
    usbh_core.o(.text) refers to usbh_ioreq.o(.text) for USBH_CtlSendSetup
    usbh_core.o(.text) refers to usbh_stdreq.o(.text) for USBH_Get_DevDesc
    usbh_core.o(.text) refers to usbh_core.o(.data) for .data
    usbh_core.o(.data) refers to usbh_core.o(.text) for USBH_SOF
    usbh_core.o(.data) refers to usbh_core.o(.data) for USBH_HCD_INT_cb
    usb_hcd.o(.text) refers to usb_core.o(.text) for USB_OTG_SelectCore
    usbh_hid_mouse.o(.text) refers to usbh_usr.o(.text) for USR_MOUSE_Init
    usbh_hid_mouse.o(.text) refers to usbh_hid_mouse.o(.data) for .data
[...]
    GPIO_ReadOutputDataBit                   0x08000911   Thumb Code    14  stm32f4xx_gpio.o(.text)
    GPIO_ReadOutputData                      0x0800091f   Thumb Code     6  stm32f4xx_gpio.o(.text)
    GPIO_SetBits                             0x08000925   Thumb Code     4  stm32f4xx_gpio.o(.text)
    GPIO_ResetBits                           0x08000929   Thumb Code     4  stm32f4xx_gpio.o(.text)
    GPIO_WriteBit                            0x0800092d   Thumb Code    10  stm32f4xx_gpio.o(.text)
    GPIO_Write                               0x08000937   Thumb Code     4  stm32f4xx_gpio.o(.text)
    GPIO_ToggleBits                          0x0800093b   Thumb Code     8  stm32f4xx_gpio.o(.text)
    GPIO_PinAFConfig                         0x08000943   Thumb Code    32  stm32f4xx_gpio.o(.text)
    RCC_DeInit                               0x08000991   Thumb Code    68  stm32f4xx_rcc.o(.text)
    RCC_HSEConfig                            0x080009d5   Thumb Code    12  stm32f4xx_rcc.o(.text)
    RCC_GetFlagStatus                        0x080009e1   Thumb Code    46  stm32f4xx_rcc.o(.text)
    RCC_WaitForHSEStartUp                    0x08000a0f   Thumb Code    44  stm32f4xx_rcc.o(.text)
    RCC_AdjustHSICalibrationValue            0x08000a3b   Thumb Code    16  stm32f4xx_rcc.o(.text)
    RCC_HSICmd                               0x08000a4b   Thumb Code     6  stm32f4xx_rcc.o(.text)
    RCC_LSEConfig                            0x08000a51   Thumb Code    24  stm32f4xx_rcc.o(.text)
    RCC_LSICmd                               0x08000a69   Thumb Code     6  stm32f4xx_rcc.o(.text)
    RCC_PLLConfig                            0x08000a6f   Thumb Code    32  stm32f4xx_rcc.o(.text)
    RCC_PLLCmd                               0x08000a8f   Thumb Code     6  stm32f4xx_rcc.o(.text)
    RCC_PLLI2SConfig                         0x08000a95   Thumb Code    14  stm32f4xx_rcc.o(.text)
    RCC_PLLI2SCmd                            0x08000aa3   Thumb Code     6  stm32f4xx_rcc.o(.text)
    RCC_PLLSAIConfig                         0x08000aa9   Thumb Code    18  stm32f4xx_rcc.o(.text)
    RCC_PLLSAICmd                            0x08000abb   Thumb Code     6  stm32f4xx_rcc.o(.text)
    RCC_ClockSecuritySystemCmd               0x08000ac1   Thumb Code     6  stm32f4xx_rcc.o(.text)
    RCC_MCO1Config                           0x08000ac7   Thumb Code    18  stm32f4xx_rcc.o(.text)
    RCC_MCO2Config                           0x08000ad9   Thumb Code    18  stm32f4xx_rcc.o(.text)
    RCC_SYSCLKConfig                         0x08000aeb   Thumb Code    16  stm32f4xx_rcc.o(.text)
    RCC_GetSYSCLKSource                      0x08000afb   Thumb Code    12  stm32f4xx_rcc.o(.text)
    RCC_HCLKConfig                           0x08000b07   Thumb Code    16  stm32f4xx_rcc.o(.text)
    RCC_PCLK1Config                          0x08000b17   Thumb Code    16  stm32f4xx_rcc.o(.text)
    RCC_PCLK2Config                          0x08000b27   Thumb Code    18  stm32f4xx_rcc.o(.text)
    RCC_GetClocksFreq                        0x08000b39   Thumb Code   134  stm32f4xx_rcc.o(.text)
    RCC_RTCCLKConfig                         0x08000bbf   Thumb Code    42  stm32f4xx_rcc.o(.text)
    RCC_RTCCLKCmd                            0x08000be9   Thumb Code     8  stm32f4xx_rcc.o(.text)
    RCC_BackupResetCmd                       0x08000bf1   Thumb Code     8  stm32f4xx_rcc.o(.text)
    RCC_I2SCLKConfig                         0x08000bf9   Thumb Code     8  stm32f4xx_rcc.o(.text)
    RCC_SAIPLLI2SClkDivConfig                0x08000c01   Thumb Code    18  stm32f4xx_rcc.o(.text)
    RCC_SAIPLLSAIClkDivConfig                0x08000c13   Thumb Code    24  stm32f4xx_rcc.o(.text)
    RCC_SAIBlockACLKConfig                   0x08000c2b   Thumb Code    16  stm32f4xx_rcc.o(.text)
    RCC_SAIBlockBCLKConfig                   0x08000c3b   Thumb Code    16  stm32f4xx_rcc.o(.text)
    RCC_LTDCCLKDivConfig                     0x08000c4b   Thumb Code    16  stm32f4xx_rcc.o(.text)
    RCC_TIMCLKPresConfig                     0x08000c5b   Thumb Code     8  stm32f4xx_rcc.o(.text)
    RCC_AHB1PeriphClockCmd                   0x08000c63   Thumb Code    20  stm32f4xx_rcc.o(.text)
    RCC_AHB2PeriphClockCmd                   0x08000c77   Thumb Code    20  stm32f4xx_rcc.o(.text)
    RCC_AHB3PeriphClockCmd                   0x08000c8b   Thumb Code    20  stm32f4xx_rcc.o(.text)
    RCC_APB1PeriphClockCmd                   0x08000c9f   Thumb Code    20  stm32f4xx_rcc.o(.text)
    RCC_APB2PeriphClockCmd                   0x08000cb3   Thumb Code    20  stm32f4xx_rcc.o(.text)
    RCC_AHB1PeriphResetCmd                   0x08000cc7   Thumb Code    20  stm32f4xx_rcc.o(.text)
    RCC_AHB2PeriphResetCmd                   0x08000cdb   Thumb Code    20  stm32f4xx_rcc.o(.text)
    RCC_AHB3PeriphResetCmd                   0x08000cef   Thumb Code    20  stm32f4xx_rcc.o(.text)
    RCC_APB1PeriphResetCmd                   0x08000d03   Thumb Code    20  stm32f4xx_rcc.o(.text)
    RCC_APB2PeriphResetCmd                   0x08000d17   Thumb Code    20  stm32f4xx_rcc.o(.text)
    RCC_AHB1PeriphClockLPModeCmd             0x08000d2b   Thumb Code    20  stm32f4xx_rcc.o(.text)
    RCC_AHB2PeriphClockLPModeCmd             0x08000d3f   Thumb Code    20  stm32f4xx_rcc.o(.text)
    RCC_AHB3PeriphClockLPModeCmd             0x08000d53   Thumb Code    20  stm32f4xx_rcc.o(.text)
    RCC_APB1PeriphClockLPModeCmd             0x08000d67   Thumb Code    68  stm32f4xx_rcc.o(.text)
    RCC_APB2PeriphClockLPModeCmd             0x08000dab   Thumb Code    18  stm32f4xx_rcc.o(.text)
    RCC_LSEModeConfig                        0x08000dbd   Thumb Code    24  stm32f4xx_rcc.o(.text)
    RCC_ITConfig                             0x08000dd5   Thumb Code    20  stm32f4xx_rcc.o(.text)
    RCC_ClearFlag                            0x08000de9   Thumb Code    14  stm32f4xx_rcc.o(.text)
    RCC_GetITStatus                          0x08000df7   Thumb Code    18  stm32f4xx_rcc.o(.text)
    RCC_ClearITPendingBit                    0x08000e09   Thumb Code     8  stm32f4xx_rcc.o(.text)
    SPI_I2S_DeInit                           0x08000e15   Thumb Code   108  stm32f4xx_spi.o(.text)
    SPI_Init                                 0x08000e81   Thumb Code    56  stm32f4xx_spi.o(.text)
    I2S_Init                                 0x08000eb9   Thumb Code   198  stm32f4xx_spi.o(.text)
    SPI_StructInit                           0x08000f7f   Thumb Code    24  stm32f4xx_spi.o(.text)
    I2S_StructInit                           0x08000f97   Thumb Code    18  stm32f4xx_spi.o(.text)
    SPI_Cmd                                  0x08000fa9   Thumb Code    20  stm32f4xx_spi.o(.text)
    I2S_Cmd                                  0x08000fbd   Thumb Code    20  stm32f4xx_spi.o(.text)
    SPI_DataSizeConfig                       0x08000fd1   Thumb Code    16  stm32f4xx_spi.o(.text)
    SPI_BiDirectionalLineConfig              0x08000fe1   Thumb Code    22  stm32f4xx_spi.o(.text)
    SPI_NSSInternalSoftwareConfig            0x08000ff7   Thumb Code    24  stm32f4xx_spi.o(.text)
    SPI_SSOutputCmd                          0x0800100f   Thumb Code    20  stm32f4xx_spi.o(.text)
    SPI_TIModeCmd                            0x08001023   Thumb Code    20  stm32f4xx_spi.o(.text)
    I2S_FullDuplexConfig                     0x08001037   Thumb Code    58  stm32f4xx_spi.o(.text)
    SPI_I2S_ReceiveData                      0x08001071   Thumb Code     4  stm32f4xx_spi.o(.text)
    SPI_I2S_SendData                         0x08001075   Thumb Code     4  stm32f4xx_spi.o(.text)
    SPI_CalculateCRC                         0x08001079   Thumb Code    20  stm32f4xx_spi.o(.text)
    SPI_TransmitCRC                          0x0800108d   Thumb Code    10  stm32f4xx_spi.o(.text)
    SPI_GetCRC                               0x08001097   Thumb Code    12  stm32f4xx_spi.o(.text)
    SPI_GetCRCPolynomial                     0x080010a3   Thumb Code     4  stm32f4xx_spi.o(.text)
    SPI_I2S_DMACmd                           0x080010a7   Thumb Code    16  stm32f4xx_spi.o(.text)
    SPI_I2S_ITConfig                         0x080010b7   Thumb Code    24  stm32f4xx_spi.o(.text)
    SPI_I2S_GetFlagStatus                    0x080010cf   Thumb Code    14  stm32f4xx_spi.o(.text)
    SPI_I2S_ClearFlag                        0x080010dd   Thumb Code     6  stm32f4xx_spi.o(.text)
    SPI_I2S_GetITStatus                      0x080010e3   Thumb Code    42  stm32f4xx_spi.o(.text)
    SPI_I2S_ClearITPendingBit                0x0800110d   Thumb Code    14  stm32f4xx_spi.o(.text)
    TIM_DeInit                               0x08001141   Thumb Code   284  stm32f4xx_tim.o(.text)
    TIM_TimeBaseInit                         0x0800125d   Thumb Code    96  stm32f4xx_tim.o(.text)
    TIM_TimeBaseStructInit                   0x080012bd   Thumb Code    18  stm32f4xx_tim.o(.text)
    TIM_PrescalerConfig                      0x080012cf   Thumb Code     6  stm32f4xx_tim.o(.text)
    TIM_CounterModeConfig                    0x080012d5   Thumb Code    12  stm32f4xx_tim.o(.text)
    TIM_SetCounter                           0x080012e1   Thumb Code     4  stm32f4xx_tim.o(.text)
    TIM_SetAutoreload                        0x080012e5   Thumb Code     4  stm32f4xx_tim.o(.text)
    TIM_GetCounter                           0x080012e9   Thumb Code     4  stm32f4xx_tim.o(.text)
    TIM_GetPrescaler                         0x080012ed   Thumb Code     4  stm32f4xx_tim.o(.text)
    TIM_UpdateDisableConfig                  0x080012f1   Thumb Code    20  stm32f4xx_tim.o(.text)
    TIM_UpdateRequestConfig                  0x08001305   Thumb Code    20  stm32f4xx_tim.o(.text)
    TIM_ARRPreloadConfig                     0x08001319   Thumb Code    20  stm32f4xx_tim.o(.text)
    TIM_SelectOnePulseMode                   0x0800132d   Thumb Code    16  stm32f4xx_tim.o(.text)
    TIM_SetClockDivision                     0x0800133d   Thumb Code    16  stm32f4xx_tim.o(.text)
    TIM_Cmd                                  0x0800134d   Thumb Code    20  stm32f4xx_tim.o(.text)
    TIM_OC1Init                              0x08001361   Thumb Code    88  stm32f4xx_tim.o(.text)
    TIM_OC2Init                              0x080013b9   Thumb Code   120  stm32f4xx_tim.o(.text)
    TIM_OC3Init                              0x08001431   Thumb Code   116  stm32f4xx_tim.o(.text)
    TIM_OC4Init                              0x080014a5   Thumb Code    88  stm32f4xx_tim.o(.text)
    TIM_OCStructInit                         0x080014fd   Thumb Code    20  stm32f4xx_tim.o(.text)
    TIM_SelectOCxM                           0x08001511   Thumb Code   130  stm32f4xx_tim.o(.text)
    TIM_SetCompare1                          0x08001593   Thumb Code     4  stm32f4xx_tim.o(.text)
    TIM_SetCompare2                          0x08001597   Thumb Code     4  stm32f4xx_tim.o(.text)
    TIM_SetCompare3                          0x0800159b   Thumb Code     4  stm32f4xx_tim.o(.text)
    TIM_SetCompare4                          0x0800159f   Thumb Code     4  stm32f4xx_tim.o(.text)
    TIM_ForcedOC1Config                      0x080015a3   Thumb Code    12  stm32f4xx_tim.o(.text)
    TIM_ForcedOC2Config                      0x080015af   Thumb Code    20  stm32f4xx_tim.o(.text)
    TIM_ForcedOC3Config                      0x080015c3   Thumb Code    12  stm32f4xx_tim.o(.text)
    TIM_ForcedOC4Config                      0x080015cf   Thumb Code    20  stm32f4xx_tim.o(.text)
    TIM_OC1PreloadConfig                     0x080015e3   Thumb Code    12  stm32f4xx_tim.o(.text)
    TIM_OC2PreloadConfig                     0x080015ef   Thumb Code    20  stm32f4xx_tim.o(.text)
    TIM_OC3PreloadConfig                     0x08001603   Thumb Code    12  stm32f4xx_tim.o(.text)
    TIM_OC4PreloadConfig                     0x0800160f   Thumb Code    20  stm32f4xx_tim.o(.text)
    TIM_OC1FastConfig                        0x08001623   Thumb Code    12  stm32f4xx_tim.o(.text)
    TIM_OC2FastConfig                        0x0800162f   Thumb Code    20  stm32f4xx_tim.o(.text)
    TIM_OC3FastConfig                        0x08001643   Thumb Code    12  stm32f4xx_tim.o(.text)
    TIM_OC4FastConfig                        0x0800164f   Thumb Code    20  stm32f4xx_tim.o(.text)
    TIM_ClearOC1Ref                          0x08001663   Thumb Code    12  stm32f4xx_tim.o(.text)
    TIM_ClearOC2Ref                          0x0800166f   Thumb Code    20  stm32f4xx_tim.o(.text)
    TIM_ClearOC3Ref                          0x08001683   Thumb Code    12  stm32f4xx_tim.o(.text)
    TIM_ClearOC4Ref                          0x0800168f   Thumb Code    20  stm32f4xx_tim.o(.text)
    TIM_OC1PolarityConfig                    0x080016a3   Thumb Code    12  stm32f4xx_tim.o(.text)
    TIM_OC1NPolarityConfig                   0x080016af   Thumb Code    12  stm32f4xx_tim.o(.text)
    TIM_OC2PolarityConfig                    0x080016bb   Thumb Code    20  stm32f4xx_tim.o(.text)
    TIM_OC2NPolarityConfig                   0x080016cf   Thumb Code    20  stm32f4xx_tim.o(.text)
    TIM_OC3PolarityConfig                    0x080016e3   Thumb Code    20  stm32f4xx_tim.o(.text)
    TIM_OC3NPolarityConfig                   0x080016f7   Thumb Code    20  stm32f4xx_tim.o(.text)
    TIM_OC4PolarityConfig                    0x0800170b   Thumb Code    20  stm32f4xx_tim.o(.text)
    TIM_CCxCmd                               0x0800171f   Thumb Code    22  stm32f4xx_tim.o(.text)
    TIM_CCxNCmd                              0x08001735   Thumb Code    22  stm32f4xx_tim.o(.text)
    TIM_SetIC4Prescaler                      0x0800174b   Thumb Code    24  stm32f4xx_tim.o(.text)
    TIM_SetIC3Prescaler                      0x08001763   Thumb Code    16  stm32f4xx_tim.o(.text)
    TIM_SetIC2Prescaler                      0x08001773   Thumb Code    24  stm32f4xx_tim.o(.text)
    TIM_SetIC1Prescaler                      0x080017c1   Thumb Code    16  stm32f4xx_tim.o(.text)
    TIM_ICInit                               0x080017d1   Thumb Code   164  stm32f4xx_tim.o(.text)
    TIM_ICStructInit                         0x08001875   Thumb Code    16  stm32f4xx_tim.o(.text)
    TIM_PWMIConfig                           0x08001885   Thumb Code   104  stm32f4xx_tim.o(.text)
    TIM_GetCapture1                          0x080018ed   Thumb Code     4  stm32f4xx_tim.o(.text)
    TIM_GetCapture2                          0x080018f1   Thumb Code     4  stm32f4xx_tim.o(.text)
    TIM_GetCapture3                          0x080018f5   Thumb Code     4  stm32f4xx_tim.o(.text)
    TIM_GetCapture4                          0x080018f9   Thumb Code     4  stm32f4xx_tim.o(.text)
    TIM_BDTRConfig                           0x080018fd   Thumb Code    34  stm32f4xx_tim.o(.text)
    TIM_BDTRStructInit                       0x0800191f   Thumb Code    18  stm32f4xx_tim.o(.text)
    TIM_CtrlPWMOutputs                       0x08001931   Thumb Code    22  stm32f4xx_tim.o(.text)
    TIM_SelectCOM                            0x08001947   Thumb Code    20  stm32f4xx_tim.o(.text)
    TIM_CCPreloadControl                     0x0800195b   Thumb Code    20  stm32f4xx_tim.o(.text)
    TIM_ITConfig                             0x0800196f   Thumb Code    16  stm32f4xx_tim.o(.text)
    TIM_GenerateEvent                        0x0800197f   Thumb Code     4  stm32f4xx_tim.o(.text)
    TIM_GetFlagStatus                        0x08001983   Thumb Code    14  stm32f4xx_tim.o(.text)
    TIM_ClearFlag                            0x08001991   Thumb Code     6  stm32f4xx_tim.o(.text)
    TIM_GetITStatus                          0x08001997   Thumb Code    24  stm32f4xx_tim.o(.text)
    TIM_ClearITPendingBit                    0x080019af   Thumb Code     6  stm32f4xx_tim.o(.text)
    TIM_DMAConfig                            0x080019b5   Thumb Code     8  stm32f4xx_tim.o(.text)
    TIM_DMACmd                               0x080019bd   Thumb Code    16  stm32f4xx_tim.o(.text)
    TIM_SelectCCDMA                          0x080019cd   Thumb Code    20  stm32f4xx_tim.o(.text)
    TIM_InternalClockConfig                  0x080019e1   Thumb Code    10  stm32f4xx_tim.o(.text)
    TIM_SelectInputTrigger                   0x080019eb   Thumb Code    12  stm32f4xx_tim.o(.text)
    TIM_ITRxExternalClockConfig              0x080019f7   Thumb Code    18  stm32f4xx_tim.o(.text)
    TIM_TIxExternalClockConfig               0x08001a09   Thumb Code    46  stm32f4xx_tim.o(.text)
    TIM_ETRConfig                            0x08001a37   Thumb Code    24  stm32f4xx_tim.o(.text)
    TIM_ETRClockMode1Config                  0x08001a4f   Thumb Code    18  stm32f4xx_tim.o(.text)
    TIM_ETRClockMode2Config                  0x08001a61   Thumb Code    18  stm32f4xx_tim.o(.text)
    TIM_SelectOutputTrigger                  0x08001a73   Thumb Code    16  stm32f4xx_tim.o(.text)
    TIM_SelectSlaveMode                      0x08001a83   Thumb Code    16  stm32f4xx_tim.o(.text)
    TIM_SelectMasterSlaveMode                0x08001a93   Thumb Code    16  stm32f4xx_tim.o(.text)
    TIM_EncoderInterfaceConfig               0x08001aa3   Thumb Code    50  stm32f4xx_tim.o(.text)
    TIM_SelectHallSensor                     0x08001ad5   Thumb Code    20  stm32f4xx_tim.o(.text)
    TIM_RemapConfig                          0x08001ae9   Thumb Code     6  stm32f4xx_tim.o(.text)
    USART_DeInit                             0x08001b1d   Thumb Code   138  stm32f4xx_usart.o(.text)
    USART_Init                               0x08001ba7   Thumb Code   164  stm32f4xx_usart.o(.text)
    USART_StructInit                         0x08001c4b   Thumb Code    22  stm32f4xx_usart.o(.text)
    USART_ClockInit                          0x08001c61   Thumb Code    28  stm32f4xx_usart.o(.text)
    USART_ClockStructInit                    0x08001c7d   Thumb Code    12  stm32f4xx_usart.o(.text)
    USART_Cmd                                0x08001c89   Thumb Code    20  stm32f4xx_usart.o(.text)
    USART_SetPrescaler                       0x08001c9d   Thumb Code    16  stm32f4xx_usart.o(.text)
    USART_OverSampling8Cmd                   0x08001cad   Thumb Code    20  stm32f4xx_usart.o(.text)
    USART_OneBitMethodCmd                    0x08001cc1   Thumb Code    20  stm32f4xx_usart.o(.text)
    USART_SendData                           0x08001cd5   Thumb Code     8  stm32f4xx_usart.o(.text)
    USART_ReceiveData                        0x08001cdd   Thumb Code     8  stm32f4xx_usart.o(.text)
    USART_SetAddress                         0x08001ce5   Thumb Code    16  stm32f4xx_usart.o(.text)
    USART_ReceiverWakeUpCmd                  0x08001cf5   Thumb Code    20  stm32f4xx_usart.o(.text)
    USART_WakeUpConfig                       0x08001d09   Thumb Code    16  stm32f4xx_usart.o(.text)
    USART_LINBreakDetectLengthConfig         0x08001d19   Thumb Code    16  stm32f4xx_usart.o(.text)
    USART_LINCmd                             0x08001d29   Thumb Code    20  stm32f4xx_usart.o(.text)
    USART_SendBreak                          0x08001d3d   Thumb Code    10  stm32f4xx_usart.o(.text)
    USART_HalfDuplexCmd                      0x08001d47   Thumb Code    20  stm32f4xx_usart.o(.text)
    USART_SetGuardTime                       0x08001d5b   Thumb Code    16  stm32f4xx_usart.o(.text)
    USART_SmartCardCmd                       0x08001d6b   Thumb Code    20  stm32f4xx_usart.o(.text)
    USART_SmartCardNACKCmd                   0x08001d7f   Thumb Code    20  stm32f4xx_usart.o(.text)
    USART_IrDAConfig                         0x08001d93   Thumb Code    16  stm32f4xx_usart.o(.text)
    USART_IrDACmd                            0x08001da3   Thumb Code    20  stm32f4xx_usart.o(.text)
    USART_DMACmd                             0x08001db7   Thumb Code    16  stm32f4xx_usart.o(.text)
    USART_ITConfig                           0x08001dc7   Thumb Code    48  stm32f4xx_usart.o(.text)
    USART_GetFlagStatus                      0x08001df7   Thumb Code    14  stm32f4xx_usart.o(.text)
    USART_ClearFlag                          0x08001e05   Thumb Code     6  stm32f4xx_usart.o(.text)
    USART_GetITStatus                        0x08001e0b   Thumb Code    62  stm32f4xx_usart.o(.text)
    USART_ClearITPendingBit                  0x08001e49   Thumb Code    12  stm32f4xx_usart.o(.text)
    USBH_Set_Report                          0x080021f7   Thumb Code    36  usbh_hid_core.o(.text)
    USBH_Open_Channel                        0x080023a9   Thumb Code    84  usbh_hcs.o(.text)
    USBH_Modify_Channel                      0x080023fd   Thumb Code    50  usbh_hcs.o(.text)
    USBH_Alloc_Channel                       0x0800242f   Thumb Code    54  usbh_hcs.o(.text)
    USBH_Free_Channel                        0x08002465   Thumb Code    24  usbh_hcs.o(.text)
    USBH_DeAllocate_AllChannel               0x0800247d   Thumb Code    24  usbh_hcs.o(.text)
    USBH_CtlReq                              0x08002495   Thumb Code    70  usbh_ioreq.o(.text)
    USBH_CtlSendSetup                        0x080024db   Thumb Code    38  usbh_ioreq.o(.text)
    USBH_CtlSendData                         0x08002501   Thumb Code    54  usbh_ioreq.o(.text)
    USBH_CtlReceiveData                      0x08002537   Thumb Code    32  usbh_ioreq.o(.text)
    USBH_BulkSendData                        0x08002557   Thumb Code    40  usbh_ioreq.o(.text)
    USBH_BulkReceiveData                     0x0800257f   Thumb Code    38  usbh_ioreq.o(.text)
    USBH_InterruptReceiveData                0x080025a5   Thumb Code    50  usbh_ioreq.o(.text)
    USBH_InterruptSendData                   0x080025d7   Thumb Code    48  usbh_ioreq.o(.text)
    USBH_IsocReceiveData                     0x08002607   Thumb Code    32  usbh_ioreq.o(.text)
    USBH_IsocSendData                        0x08002627   Thumb Code    32  usbh_ioreq.o(.text)
    USBH_GetDescriptor                       0x08002649   Thumb Code    48  usbh_stdreq.o(.text)
    USBH_Get_DevDesc                         0x08002679   Thumb Code   156  usbh_stdreq.o(.text)
    USBH_GetNextDesc                         0x08002715   Thumb Code    14  usbh_stdreq.o(.text)
    USBH_ParseCfgDesc                        0x08002723   Thumb Code   288  usbh_stdreq.o(.text)
    USBH_Get_CfgDesc                         0x08002843   Thumb Code    90  usbh_stdreq.o(.text)
    USBH_Get_StringDesc                      0x0800289d   Thumb Code    72  usbh_stdreq.o(.text)
    USBH_SetAddress                          0x080028e5   Thumb Code    24  usbh_stdreq.o(.text)
    USBH_SetCfg                              0x080028fd   Thumb Code    24  usbh_stdreq.o(.text)
    USBH_SetInterface                        0x08002915   Thumb Code    26  usbh_stdreq.o(.text)
    USBH_SetDeviceFeature                    0x0800292f   Thumb Code    26  usbh_stdreq.o(.text)
    USBH_ClearDeviceFeature                  0x08002949   Thumb Code    26  usbh_stdreq.o(.text)
    USBH_ClrFeature                          0x08002963   Thumb Code    46  usbh_stdreq.o(.text)
    USBH_OTG_ISR_Handler                     0x0800378f   Thumb Code   168  usb_hcd_int.o(.text)
    USBH_Connected                           0x0800383d   Thumb Code    10  usbh_core.o(.text)
    USBH_PortEnabled                         0x08003847   Thumb Code    10  usbh_core.o(.text)
    USBH_PortDisabled                        0x08003851   Thumb Code    10  usbh_core.o(.text)
    USBH_Disconnected                        0x0800385b   Thumb Code    36  usbh_core.o(.text)
    USBH_SOF                                 0x0800387f   Thumb Code     4  usbh_core.o(.text)
    USBH_DeInit                              0x08003883   Thumb Code    52  usbh_core.o(.text)
    USBH_Init                                0x080038b7   Thumb Code    60  usbh_core.o(.text)
    USBH_HandleControl                       0x080038f3   Thumb Code   458  usbh_core.o(.text)
    USBH_ErrorHandle                         0x08003abd   Thumb Code    44  usbh_core.o(.text)
    USBH_Process                             0x08003c7f   Thumb Code   444  usbh_core.o(.text)
    USB_OTG_BSP_Resume                       0x08003e3b   Thumb Code    64  usbh_core.o(.text)
    USB_OTG_BSP_Suspend                      0x08003e7b   Thumb Code    40  usbh_core.o(.text)
    HCD_Init                                 0x08003ead   Thumb Code    86  usb_hcd.o(.text)
    HCD_GetCurrentSpeed                      0x08003f03   Thumb Code    12  usb_hcd.o(.text)
    HCD_ResetPort                            0x08003f0f   Thumb Code    10  usb_hcd.o(.text)
    HCD_IsDeviceConnected                    0x08003f19   Thumb Code     6  usb_hcd.o(.text)
    HCD_IsPortEnabled                        0x08003f1f   Thumb Code     6  usb_hcd.o(.text)
    HCD_GetCurrentFrame                      0x08003f25   Thumb Code     8  usb_hcd.o(.text)
    HCD_GetURB_State                         0x08003f2d   Thumb Code     8  usb_hcd.o(.text)
    HCD_GetXferCnt                           0x08003f35   Thumb Code    10  usb_hcd.o(.text)
    HCD_GetHCState                           0x08003f3f   Thumb Code     8  usb_hcd.o(.text)
    HCD_HC_Init                              0x08003f47   Thumb Code     4  usb_hcd.o(.text)
    HCD_SubmitRequest                        0x08003f4b   Thumb Code    20  usb_hcd.o(.text)
    USB_OTG_WritePacket                      0x08003fd1   Thumb Code    40  usb_core.o(.text)
    USB_OTG_ReadPacket                       0x08003ff9   Thumb Code    32  usb_core.o(.text)
    USB_OTG_SelectCore                       0x08004019   Thumb Code   188  usb_core.o(.text)
    USB_OTG_CoreInit                         0x080040d5   Thumb Code   128  usb_core.o(.text)
    USB_OTG_EnableGlobalInt                  0x08004155   Thumb Code    16  usb_core.o(.text)
    USB_OTG_DisableGlobalInt                 0x08004165   Thumb Code    16  usb_core.o(.text)
    USB_OTG_FlushTxFifo                      0x08004175   Thumb Code    60  usb_core.o(.text)
    USB_OTG_FlushRxFifo                      0x080041b1   Thumb Code    52  usb_core.o(.text)
    USB_OTG_SetCurrentMode                   0x080041e5   Thumb Code    42  usb_core.o(.text)
    USB_OTG_GetMode                          0x0800420f   Thumb Code    10  usb_core.o(.text)
    USB_OTG_IsDeviceMode                     0x08004219   Thumb Code    18  usb_core.o(.text)
    USB_OTG_IsHostMode                       0x0800422b   Thumb Code    14  usb_core.o(.text)
    USB_OTG_ReadCoreItr                      0x08004239   Thumb Code    10  usb_core.o(.text)
    USB_OTG_ReadOtgItr                       0x08004243   Thumb Code     6  usb_core.o(.text)
    USB_OTG_EnableHostInt                    0x08004249   Thumb Code    68  usb_core.o(.text)
    USB_OTG_ReadHPRT0                        0x0800428d   Thumb Code    12  usb_core.o(.text)
    USB_OTG_DriveVbus                        0x08004299   Thumb Code    58  usb_core.o(.text)
    USB_OTG_ResetPort                        0x080042d3   Thumb Code    42  usb_core.o(.text)
    USB_OTG_InitFSLSPClkSel                  0x080042fd   Thumb Code    12  usb_core.o(.text)
    USB_OTG_CoreInitHost                     0x08004309   Thumb Code   186  usb_core.o(.text)
    USB_OTG_IsEvenFrame                      0x080043c3   Thumb Code    12  usb_core.o(.text)
    USB_OTG_ReadHostAllChannels_intr         0x080043cf   Thumb Code     6  usb_core.o(.text)
    USB_OTG_HC_Init                          0x080043d5   Thumb Code   236  usb_core.o(.text)
    USB_OTG_HC_StartXfer                     0x080044c1   Thumb Code   258  usb_core.o(.text)
    USB_OTG_HC_Halt                          0x080045c3   Thumb Code    72  usb_core.o(.text)
    USB_OTG_HC_DoPing                        0x0800460b   Thumb Code    42  usb_core.o(.text)
    USB_OTG_StopHost                         0x08004635   Thumb Code    64  usb_core.o(.text)
    OTG_FS_IRQHandler                        0x08004675   Thumb Code     6  usb_bsp.o(.text)
    USB_OTG_BSP_Init                         0x0800467b   Thumb Code    78  usb_bsp.o(.text)
    USB_OTG_BSP_EnableInterrupt              0x080046c9   Thumb Code    32  usb_bsp.o(.text)
    USB_OTG_BSP_DisableInterrupt             0x080046e9   Thumb Code     2  usb_bsp.o(.text)
    USB_OTG_BSP_DriveVBUS                    0x080046eb   Thumb Code     2  usb_bsp.o(.text)
    USB_OTG_BSP_ConfigVBUS                   0x080046ed   Thumb Code     2  usb_bsp.o(.text)
    USB_OTG_BSP_uDelay                       0x080046ef   Thumb Code    14  usb_bsp.o(.text)
    USB_OTG_BSP_mDelay                       0x080046fd   Thumb Code     8  usb_bsp.o(.text)
    USBH_USR_Init                            0x0800470d   Thumb Code    18  usbh_usr.o(.text)
    USBH_USR_DeviceAttached                  0x0800471f   Thumb Code     6  usbh_usr.o(.text)
    USBH_USR_UnrecoveredError                0x08004725   Thumb Code     6  usbh_usr.o(.text)
    USBH_USR_DeviceDisconnected              0x0800472b   Thumb Code    16  usbh_usr.o(.text)
    USBH_USR_ResetDevice                     0x0800473b   Thumb Code     6  usbh_usr.o(.text)
    USBH_USR_DeviceSpeedDetected             0x08004741   Thumb Code    28  usbh_usr.o(.text)
    USBH_USR_Device_DescAvailable            0x0800475d   Thumb Code    24  usbh_usr.o(.text)
    USBH_USR_DeviceAddressAssigned           0x08004775   Thumb Code     6  usbh_usr.o(.text)
    USBH_USR_Configuration_DescAvailable     0x0800477b   Thumb Code    24  usbh_usr.o(.text)
    USBH_USR_Manufacturer_String             0x08004793   Thumb Code     8  usbh_usr.o(.text)
    USBH_USR_Product_String                  0x0800479b   Thumb Code     8  usbh_usr.o(.text)
    USBH_USR_SerialNum_String                0x080047a3   Thumb Code     8  usbh_usr.o(.text)
    USBH_USR_EnumerationDone                 0x080047ab   Thumb Code     6  usbh_usr.o(.text)
    USBH_USR_DeviceNotSupported              0x080047b1   Thumb Code     6  usbh_usr.o(.text)
    USBH_USR_UserInput                       0x080047b7   Thumb Code    16  usbh_usr.o(.text)
    USBH_USR_OverCurrentDetected             0x080047c7   Thumb Code     6  usbh_usr.o(.text)
    USR_MOUSE_Init                           0x080047cd   Thumb Code     6  usbh_usr.o(.text)
    USR_MOUSE_ProcessData                    0x080047d3   Thumb Code     2  usbh_usr.o(.text)
    USR_KEYBRD_Init                          0x080047d5   Thumb Code    18  usbh_usr.o(.text)
    USR_KEYBRD_ProcessData                   0x080047e7   Thumb Code    22  usbh_usr.o(.text)
    USBH_USR_DeInit                          0x080047fd   Thumb Code     6  usbh_usr.o(.text)
    USR_GAMEPAD_Init                         0x08004803   Thumb Code     6  usbh_usr.o(.text)
    USR_GAMEPAD_ProcessData                  0x08004809   Thumb Code     2  usbh_usr.o(.text)
    fputc                                    0x08004abd   Thumb Code    30  usart.o(.text)
    fgetc                                    0x08004adb   Thumb Code    26  usart.o(.text)
    UART1_Init                               0x08004af5   Thumb Code   162  usart.o(.text)
    uart1_send_byte                          0x08004b97   Thumb Code    26  usart.o(.text)
    uart1_send_str                           0x08004bb1   Thumb Code    20  usart.o(.text)
    USART1_IRQHandler                        0x08004bc5   Thumb Code   164  usart.o(.text)
    UART2_Init                               0x08004c69   Thumb Code   158  usart.o(.text)
    uart2_send_byte                          0x08004d07   Thumb Code    26  usart.o(.text)
    uart2_send_str                           0x08004d21   Thumb Code    20  usart.o(.text)
    USART2_IRQHandler                        0x08004d35   Thumb Code   158  usart.o(.text)
    USART3_Init                              0x08004dd3   Thumb Code   168  usart.o(.text)
    uart3_send_str                           0x08004e7b   Thumb Code   138  usart.o(.text)
    USART3_IRQHandler                        0x08004f05   Thumb Code   158  usart.o(.text)
    UART4_Init                               0x08004fa3   Thumb Code   160  usart.o(.text)
    uart4_send_byte                          0x08005043   Thumb Code    26  usart.o(.text)
    uart4_send_str                           0x0800505d   Thumb Code    20  usart.o(.text)
    UART4_IRQHandler                         0x08005071   Thumb Code   158  usart.o(.text)
    SBUS_Init                                0x0800510f   Thumb Code   164  usart.o(.text)
    UART5_IRQHandler                         0x080051b3   Thumb Code   288  usart.o(.text)
    USART6_Init                              0x080052d3   Thumb Code   282  usart.o(.text)
    uart6_send_str                           0x080053ed   Thumb Code    92  usart.o(.text)
    USART6_IRQHandler                        0x08005449   Thumb Code   152  usart.o(.text)
    KEY_Init                                 0x08005509   Thumb Code    68  gpio_int.o(.text)
    KEY_Scan                                 0x0800554d   Thumb Code    80  gpio_int.o(.text)
    TRACK_IR4_Init                           0x0800559d   Thumb Code    78  gpio_int.o(.text)
    ultrasonic_sensor_init                   0x080055eb   Thumb Code   122  gpio_int.o(.text)
    sensor_sr_ultrasonic_read                0x08005665   Thumb Code   178  gpio_int.o(.text)
    BEEP_Init                                0x08005717   Thumb Code    58  gpio_int.o(.text)
    beep_on_times                            0x08005751   Thumb Code    54  gpio_int.o(.text)
    LED_Init                                 0x08005787   Thumb Code    58  gpio_int.o(.text)
    LED1_On                                  0x080057c1   Thumb Code    10  gpio_int.o(.text)
    LED1_Off                                 0x080057cb   Thumb Code    10  gpio_int.o(.text)
    LED1_Turn                                0x080057d5   Thumb Code    26  gpio_int.o(.text)
    LED7_On                                  0x080057ef   Thumb Code    10  gpio_int.o(.text)
    LED7_Off                                 0x080057f9   Thumb Code    10  gpio_int.o(.text)
    LED7_Turn                                0x08005803   Thumb Code    26  gpio_int.o(.text)
    SysTickConfig                            0x08005835   Thumb Code    60  sys.o(.text)
    Delay_us                                 0x08005871   Thumb Code    20  sys.o(.text)
    Delay_ms                                 0x08005885   Thumb Code    28  sys.o(.text)
    millis                                   0x080058a1   Thumb Code     6  sys.o(.text)
    SysTick_Handler                          0x080058a7   Thumb Code    16  sys.o(.text)
    MOTOR_AB_Init                            0x080058e1   Thumb Code   236  drive_motor.o(.text)
    MOTOR_CD_Init                            0x080059cd   Thumb Code   340  drive_motor.o(.text)
    ENCODER_A_Init                           0x08005b21   Thumb Code   212  drive_motor.o(.text)
    ENCODER_A_GetCounter                     0x08005bf5   Thumb Code    10  drive_motor.o(.text)
    ENCODER_A_SetCounter                     0x08005bff   Thumb Code     8  drive_motor.o(.text)
    ENCODER_B_Init                           0x08005c07   Thumb Code   168  drive_motor.o(.text)
    ENCODER_B_GetCounter                     0x08005caf   Thumb Code    10  drive_motor.o(.text)
    ENCODER_B_SetCounter                     0x08005cb9   Thumb Code     8  drive_motor.o(.text)
    ENCODER_C_Init                           0x08005cc1   Thumb Code   202  drive_motor.o(.text)
    ENCODER_C_GetCounter                     0x08005d8b   Thumb Code    10  drive_motor.o(.text)
    ENCODER_C_SetCounter                     0x08005d95   Thumb Code     8  drive_motor.o(.text)
    ENCODER_D_Init                           0x08005d9d   Thumb Code   164  drive_motor.o(.text)
    ENCODER_D_GetCounter                     0x08005e41   Thumb Code    10  drive_motor.o(.text)
    ENCODER_D_SetCounter                     0x08005e4b   Thumb Code     8  drive_motor.o(.text)
    TIM_IsEnabledIT_UPDATE                   0x08005e53   Thumb Code     8  drive_motor.o(.text)
    TIM_IsActiveFlag_UPDATE                  0x08005e5b   Thumb Code     8  drive_motor.o(.text)
    TIM_GetDirection                         0x08005e63   Thumb Code     8  drive_motor.o(.text)
    SPEED_PidCtlA                            0x08005e79   Thumb Code   182  motor.o(.text)
    SPEED_PidCtlB                            0x08005f2f   Thumb Code   182  motor.o(.text)
    SPEED_PidCtlC                            0x08005fe5   Thumb Code   182  motor.o(.text)
    SPEED_PidCtlD                            0x0800609b   Thumb Code   182  motor.o(.text)
    MOTOR_A_SetSpeed                         0x08006151   Thumb Code    72  motor.o(.text)
    MOTOR_B_SetSpeed                         0x08006199   Thumb Code    72  motor.o(.text)
    MOTOR_D_SetSpeed                         0x080061e1   Thumb Code    72  motor.o(.text)
    MOTOR_C_SetSpeed                         0x08006229   Thumb Code   128  motor.o(.text)
    MOTORS_AllRunCircle                      0x080062a9   Thumb Code   660  motor.o(.text)
    MOTOR_A_RunCircle                        0x0800653d   Thumb Code   134  motor.o(.text)
    MOTOR_B_RunCircle                        0x080065c3   Thumb Code   130  motor.o(.text)
    MOTOR_C_RunCircle                        0x08006645   Thumb Code   132  motor.o(.text)
    MOTOR_D_RunCircle                        0x080066c9   Thumb Code   140  motor.o(.text)
    Calculate_Motor_A_RPM                    0x08006755   Thumb Code   106  motor.o(.text)
    Calculate_Motor_B_RPM                    0x080067bf   Thumb Code   106  motor.o(.text)
    Calculate_Motor_C_RPM                    0x08006829   Thumb Code   106  motor.o(.text)
    Calculate_Motor_D_RPM                    0x08006893   Thumb Code   106  motor.o(.text)
    MOTOR_A_SpeedControl                     0x080068fd   Thumb Code    52  motor.o(.text)
    MOTOR_B_SpeedControl                     0x08006931   Thumb Code    52  motor.o(.text)
    MOTOR_C_SpeedControl                     0x08006965   Thumb Code    52  motor.o(.text)
    MOTOR_D_SpeedControl                     0x08006999   Thumb Code    52  motor.o(.text)
    SpiWriteRead                             0x080069e9   Thumb Code    76  w25q64.o(.text)
    SpiFlashRead                             0x08006a35   Thumb Code    90  w25q64.o(.text)
    spi_set_speed                            0x08006a8f   Thumb Code    26  w25q64.o(.text)
    SpiFlashInit                             0x08006aa9   Thumb Code   190  w25q64.o(.text)
    setup_w25q64                             0x08006b67   Thumb Code   132  w25q64.o(.text)
    ws_delay_us                              0x08006beb   Thumb Code    18  w25q64.o(.text)
    SpiFlashReadID                           0x08006bfd   Thumb Code    76  w25q64.o(.text)
    SpiFlashReadSR                           0x08006c49   Thumb Code    46  w25q64.o(.text)
    SpiFlashWriteSR                          0x08006c77   Thumb Code    46  w25q64.o(.text)
    SpiFlashWriteEnable                      0x08006ca5   Thumb Code    38  w25q64.o(.text)
    SpiFlashWriteDisable                     0x08006ccb   Thumb Code    38  w25q64.o(.text)
    SpiFlashReadChar                         0x08006cf1   Thumb Code    74  w25q64.o(.text)
    SpiFlashWaitBusy                         0x08006d3b   Thumb Code    12  w25q64.o(.text)
    SpiFlashWritePage                        0x08006d47   Thumb Code   106  w25q64.o(.text)
    SpiFlashWriteNoCheck                     0x08006db1   Thumb Code   108  w25q64.o(.text)
    SpiFlashEraseSector                      0x08006e1d   Thumb Code    72  w25q64.o(.text)
    SpiFlashWriteS                           0x08006e65   Thumb Code   152  w25q64.o(.text)
    SpiFlashWriteSector                      0x08006efd   Thumb Code    16  w25q64.o(.text)
    SpiFlashWrite                            0x08006f0d   Thumb Code   166  w25q64.o(.text)
    SpiFlashWriteChar                        0x08006fb3   Thumb Code    86  w25q64.o(.text)
    SpiFlashEraseChip                        0x08007009   Thumb Code    48  w25q64.o(.text)
    SpiFlashPowerDown                        0x08007039   Thumb Code    42  w25q64.o(.text)
    SpiFlashWakeUp                           0x08007063   Thumb Code    42  w25q64.o(.text)
    SERVO_Init                               0x080070b1   Thumb Code   162  servo.o(.text)
    servo_pin_set                            0x08007153   Thumb Code    76  servo.o(.text)
    duoji_doing_set                          0x0800719f   Thumb Code   404  servo.o(.text)
    servo_inc_offset                         0x08007333   Thumb Code   142  servo.o(.text)
    TIM14_Int_Init                           0x080073c1   Thumb Code    96  servo.o(.text)
    TIM8_TRG_COM_TIM14_IRQHandler            0x08007421   Thumb Code   142  servo.o(.text)
    I2C_WriteByte                            0x0800755d   Thumb Code    86  oled.o(.text)
    OLED_Write_Dat                           0x080075b3   Thumb Code     6  oled.o(.text)
    OLED_Write_Cmd                           0x080075b9   Thumb Code     6  oled.o(.text)
    OLED_ON                                  0x080075bf   Thumb Code    22  oled.o(.text)
    OLED_OFF                                 0x080075d5   Thumb Code    22  oled.o(.text)
    OLED_Set_Pos                             0x080075eb   Thumb Code    36  oled.o(.text)
    OLED_Fill                                0x0800760f   Thumb Code    54  oled.o(.text)
    OLED_CLS                                 0x08007645   Thumb Code     4  oled.o(.text)
    OLED_Init                                0x08007649   Thumb Code   248  oled.o(.text)
    OLED_P6x8Str                             0x08007741   Thumb Code    88  oled.o(.text)
    OLED_P8x16Str                            0x08007799   Thumb Code   122  oled.o(.text)
    OLED_ShowStr                             0x08007813   Thumb Code   230  oled.o(.text)
    OLED_P16x16Ch                            0x080078f9   Thumb Code    66  oled.o(.text)
    OLED_ShowColorFont                       0x0800793b   Thumb Code    74  oled.o(.text)
    OLED_DrawBMP                             0x08007985   Thumb Code    66  oled.o(.text)
    OLED_TEST                                0x080079c7   Thumb Code    28  oled.o(.text)
    IIC_Init                                 0x08007a41   Thumb Code    54  myiic.o(.text)
    IIC_Start                                0x08007a77   Thumb Code    56  myiic.o(.text)
    IIC_Stop                                 0x08007aaf   Thumb Code    58  myiic.o(.text)
    IIC_Wait_Ack                             0x08007ae9   Thumb Code    74  myiic.o(.text)
    IIC_Ack                                  0x08007b33   Thumb Code    56  myiic.o(.text)
    IIC_NAck                                 0x08007b6b   Thumb Code    56  myiic.o(.text)
    IIC_Send_Byte                            0x08007ba3   Thumb Code    80  myiic.o(.text)
    IIC_Read_Byte                            0x08007bf3   Thumb Code    98  myiic.o(.text)
    QMI8658A_Init                            0x08007c9b   Thumb Code   154  qmi8658a.o(.text)
    QMI8658A_GetAllData                      0x08007d9b   Thumb Code   488  qmi8658a.o(.text)
    Get_Gyr_Z                                0x08007f83   Thumb Code    92  qmi8658a.o(.text)
    BatteryVoltage_Init                      0x08007ff5   Thumb Code   130  adc.o(.text)
    BatteryVoltage_GetRawAD                  0x08008077   Thumb Code    32  adc.o(.text)
    BatteryVoltage_GetVol_X100               0x08008097   Thumb Code    50  adc.o(.text)
    MotorCurrent_Init                        0x080080c9   Thumb Code   132  adc.o(.text)
    MotorCurrent_PA2_GetRawAD                0x08008179   Thumb Code     4  adc.o(.text)
    MotorCurrent_PA2_GetCurrent_X100         0x0800817d   Thumb Code    42  adc.o(.text)
    MotorCurrent_PA3_GetRawAD                0x080081a7   Thumb Code     4  adc.o(.text)
    MotorCurrent_PA3_GetCurrent_X100         0x080081ab   Thumb Code    42  adc.o(.text)
    MotorCurrent_PA4_GetRawAD                0x080081d5   Thumb Code     4  adc.o(.text)
    MotorCurrent_PA4_GetCurrent_X100         0x080081d9   Thumb Code    42  adc.o(.text)
    MotorCurrent_PC1_GetRawAD                0x08008203   Thumb Code     4  adc.o(.text)
    MotorCurrent_PC1_GetCurrent_X100         0x08008207   Thumb Code    42  adc.o(.text)
    PID_Reset                                0x08008251   Thumb Code    38  pid.o(.text)
    PID_Init                                 0x08008277   Thumb Code    16  pid.o(.text)
    PID_SetTarget                            0x08008287   Thumb Code    10  pid.o(.text)
    PID_Compute                              0x08008291   Thumb Code   184  pid.o(.text)
    kalman_update                            0x0800834d   Thumb Code    66  kalmanfilter.o(.text)
    Reduce_error                             0x0800838f   Thumb Code   132  kalmanfilter.o(.text)
    Update_Angle_Z                           0x08008413   Thumb Code   144  kalmanfilter.o(.text)
    ROBOT_Kinematics                         0x080084c9   Thumb Code   852  kinematics.o(.text)
    ROBOT_Stop                               0x0800881d   Thumb Code    30  kinematics.o(.text)
    setup_kinematics                         0x0800883b   Thumb Code    38  kinematics.o(.text)
    kinematics_analysis                      0x08008861   Thumb Code   974  kinematics.o(.text)
    Robot_Task                               0x08008c61   Thumb Code     4  robot.o(.text)
    Bat_Task                                 0x08008c65   Thumb Code   104  robot.o(.text)
    Key_Task                                 0x08008ccd   Thumb Code     2  robot.o(.text)
    main                                     0x08008cd9   Thumb Code    70  main.o(.text)
    Timer_Task_Count                         0x08008d2d   Thumb Code    38  task_manager.o(.text)
    Execute_Task_List_RUN                    0x08008d53   Thumb Code    44  task_manager.o(.text)
    HFPeriod_1msTask                         0x08008d7f   Thumb Code    80  task_manager.o(.text)
    IMU_Get_Data                             0x08008dcf   Thumb Code   214  task_manager.o(.text)
    task_send_Rece                           0x08008ea5   Thumb Code     4  task_manager.o(.text)
    Robot_Control                            0x08008ea9   Thumb Code     4  task_manager.o(.text)
    KEY_RUN                                  0x08008ead   Thumb Code    30  task_manager.o(.text)
    Task_LED                                 0x08008ecb   Thumb Code     8  task_manager.o(.text)
    Task_Manage_List_Init                    0x08008ed3   Thumb Code    82  task_manager.o(.text)
    app_ps2                                  0x08008f89   Thumb Code   882  app_ps2.o(.text)
    soft_reset                               0x08009349   Thumb Code    36  global.o(.text)
    str_contain_str                          0x0800936d   Thumb Code    64  global.o(.text)
    rewrite_eeprom                           0x080093ad   Thumb Code    24  global.o(.text)
    zx_uart_send_str                         0x080093c5   Thumb Code    48  global.o(.text)
    parse_action                             0x080093f5   Thumb Code   668  global.o(.text)
    kinematics_move                          0x08009691   Thumb Code   238  global.o(.text)
    getMaxTime                               0x0800977f   Thumb Code    80  global.o(.text)
    do_group_once                            0x080097cf   Thumb Code    44  global.o(.text)
    int_exchange                             0x080097fb   Thumb Code    10  global.o(.text)
    print_group                              0x08009805   Thumb Code    62  global.o(.text)
    parse_cmd                                0x08009843   Thumb Code  1386  global.o(.text)
    others_init                              0x08009dad   Thumb Code   156  global.o(.text)
    selection_sort                           0x08009e49   Thumb Code    64  global.o(.text)
    abs_int                                  0x08009e89   Thumb Code     8  global.o(.text)
    abs_float                                0x08009e91   Thumb Code    16  global.o(.text)
    replace_char                             0x08009ea1   Thumb Code    18  global.o(.text)
    save_action                              0x08009eb3   Thumb Code   226  global.o(.text)
    loop_action                              0x08009f95   Thumb Code   120  global.o(.text)
    get_action_index                         0x0800a00d   Thumb Code    56  global.o(.text)
    set_servo                                0x0800a045   Thumb Code   418  global.o(.text)
    __aeabi_memcpy                           0x0800a201   Thumb Code    36  memcpya.o(.text)
    __aeabi_memcpy4                          0x0800a201   Thumb Code     0  memcpya.o(.text)
    __aeabi_memcpy8                          0x0800a201   Thumb Code     0  memcpya.o(.text)
    __aeabi_memset                           0x0800a225   Thumb Code    14  memseta.o(.text)
    __aeabi_memset4                          0x0800a225   Thumb Code     0  memseta.o(.text)
    __aeabi_memset8                          0x0800a225   Thumb Code     0  memseta.o(.text)
    __aeabi_memclr                           0x0800a233   Thumb Code     4  memseta.o(.text)
    __aeabi_memclr4                          0x0800a233   Thumb Code     0  memseta.o(.text)
    __aeabi_memclr8                          0x0800a233   Thumb Code     0  memseta.o(.text)
    _memset$wrapper                          0x0800a237   Thumb Code    18  memseta.o(.text)
    strlen                                   0x0800a249   Thumb Code    14  strlen.o(.text)
    strcpy                                   0x0800a257   Thumb Code    18  strcpy.o(.text)
    __0sscanf                                0x0800a269   Thumb Code    48  __0sscanf.o(.text)
    _scanf_int                               0x0800a2a1   Thumb Code   332  _scanf_int.o(.text)
    _scanf_real                              0x0800a515   Thumb Code     0  scanf_fp.o(.text)
    _scanf_really_real                       0x0800a515   Thumb Code   556  scanf_fp.o(.text)
    __aeabi_dadd                             0x0800a74d   Thumb Code   322  dadd.o(.text)
    __aeabi_dsub                             0x0800a88f   Thumb Code     6  dadd.o(.text)
    __aeabi_drsub                            0x0800a895   Thumb Code     6  dadd.o(.text)
    __aeabi_dmul                             0x0800a89b   Thumb Code   228  dmul.o(.text)
    __aeabi_ddiv                             0x0800a97f   Thumb Code   222  ddiv.o(.text)
    __aeabi_i2d                              0x0800aa5d   Thumb Code    34  dflti.o(.text)
    __aeabi_ui2d                             0x0800aa7f   Thumb Code    26  dfltui.o(.text)
    __aeabi_d2iz                             0x0800aa99   Thumb Code    62  dfixi.o(.text)
    __aeabi_f2d                              0x0800aad7   Thumb Code    38  f2d.o(.text)
    __aeabi_cdrcmple                         0x0800aafd   Thumb Code    48  cdrcmple.o(.text)
    __aeabi_d2f                              0x0800ab2d   Thumb Code    56  d2f.o(.text)
    __aeabi_uidiv                            0x0800ab65   Thumb Code     0  uidiv.o(.text)
    __aeabi_uidivmod                         0x0800ab65   Thumb Code    44  uidiv.o(.text)
    __aeabi_uldivmod                         0x0800ab91   Thumb Code    98  uldiv.o(.text)
    __aeabi_llsl                             0x0800abf3   Thumb Code    30  llshl.o(.text)
    _ll_shift_l                              0x0800abf3   Thumb Code     0  llshl.o(.text)
    __aeabi_llsr                             0x0800ac11   Thumb Code    32  llushr.o(.text)
    _ll_ushift_r                             0x0800ac11   Thumb Code     0  llushr.o(.text)
    __aeabi_lasr                             0x0800ac31   Thumb Code    36  llsshr.o(.text)
    _ll_sshift_r                             0x0800ac31   Thumb Code     0  llsshr.o(.text)
    _chval                                   0x0800ac55   Thumb Code    28  _chval.o(.text)
    __vfscanf_char                           0x0800ac7d   Thumb Code    20  scanf_char.o(.text)
    _sgetc                                   0x0800ac99   Thumb Code    30  _sgetc.o(.text)
    _sbackspace                              0x0800acb7   Thumb Code    34  _sgetc.o(.text)
    __I$use$fp                               0x0800acd9   Thumb Code     0  iusefp.o(.text)
    _float_round                             0x0800acd9   Thumb Code    18  fepilogue.o(.text)
    _float_epilogue                          0x0800aceb   Thumb Code    92  fepilogue.o(.text)
    _double_round                            0x0800ad47   Thumb Code    30  depilogue.o(.text)
    _double_epilogue                         0x0800ad65   Thumb Code   156  depilogue.o(.text)
    _dsqrt                                   0x0800ae01   Thumb Code   162  dsqrt.o(.text)
    __aeabi_ul2d                             0x0800aea3   Thumb Code    24  dfltul.o(.text)
    __aeabi_d2ulz                            0x0800aebb   Thumb Code    48  dfixul.o(.text)
    __scatterload                            0x0800aeed   Thumb Code    28  init.o(.text)
    __scatterload_rt2                        0x0800aeed   Thumb Code     0  init.o(.text)
    isspace                                  0x0800af11   Thumb Code    10  isspace_c.o(.text)
    __vfscanf                                0x0800af1d   Thumb Code   810  _scanf.o(.text)
    __ctype_lookup                           0x0800b24d   Thumb Code    34  ctype_c.o(.text)
    __decompress                             0x0800b275   Thumb Code     0  __dczerorl2.o(.text)
    __decompress1                            0x0800b275   Thumb Code    86  __dczerorl2.o(.text)
    __0printf                                0x0800b2cd   Thumb Code    22  printfa.o(i.__0printf)
    __1printf                                0x0800b2cd   Thumb Code     0  printfa.o(i.__0printf)
    __2printf                                0x0800b2cd   Thumb Code     0  printfa.o(i.__0printf)
    __c89printf                              0x0800b2cd   Thumb Code     0  printfa.o(i.__0printf)
    printf                                   0x0800b2cd   Thumb Code     0  printfa.o(i.__0printf)
    __0sprintf                               0x0800b2ed   Thumb Code    34  printfa.o(i.__0sprintf)
    __1sprintf                               0x0800b2ed   Thumb Code     0  printfa.o(i.__0sprintf)
    __2sprintf                               0x0800b2ed   Thumb Code     0  printfa.o(i.__0sprintf)
    __c89sprintf                             0x0800b2ed   Thumb Code     0  printfa.o(i.__0sprintf)
    sprintf                                  0x0800b2ed   Thumb Code     0  printfa.o(i.__0sprintf)
    __ARM_fpclassify                         0x0800b315   Thumb Code    48  fpclassify.o(i.__ARM_fpclassify)
    __hardfp_acos                            0x0800b349   Thumb Code   738  acos.o(i.__hardfp_acos)
    __hardfp_atan                            0x0800b6a1   Thumb Code   622  atan.o(i.__hardfp_atan)
    __hardfp_cos                             0x0800b979   Thumb Code   180  cos.o(i.__hardfp_cos)
    __hardfp_sin                             0x0800ba41   Thumb Code   180  sin.o(i.__hardfp_sin)
    __hardfp_sqrt                            0x0800bb09   Thumb Code   122  sqrt.o(i.__hardfp_sqrt)
    __ieee754_rem_pio2                       0x0800bb89   Thumb Code   938  rred.o(i.__ieee754_rem_pio2)
    __kernel_cos                             0x0800bfc1   Thumb Code   322  cos_i.o(i.__kernel_cos)
    __kernel_poly                            0x0800c131   Thumb Code   248  poly.o(i.__kernel_poly)
    __kernel_sin                             0x0800c229   Thumb Code   280  sin_i.o(i.__kernel_sin)
    __mathlib_dbl_infnan                     0x0800c359   Thumb Code    20  dunder.o(i.__mathlib_dbl_infnan)
    __mathlib_dbl_invalid                    0x0800c371   Thumb Code    24  dunder.o(i.__mathlib_dbl_invalid)
    __mathlib_dbl_underflow                  0x0800c391   Thumb Code    24  dunder.o(i.__mathlib_dbl_underflow)
    __scatterload_copy                       0x0800c3b1   Thumb Code    14  handlers.o(i.__scatterload_copy)
    __scatterload_null                       0x0800c3bf   Thumb Code     2  handlers.o(i.__scatterload_null)
    __scatterload_zeroinit                   0x0800c3c1   Thumb Code    14  handlers.o(i.__scatterload_zeroinit)
    __set_errno                              0x0800c3d1   Thumb Code     6  errno.o(i.__set_errno)
    _is_digit                                0x0800c561   Thumb Code    14  scanf_fp.o(i._is_digit)
    fabs                                     0x0800cc81   Thumb Code    24  fabs.o(i.fabs)
    sqrt                                     0x0800cc99   Thumb Code   110  sqrt.o(i.sqrt)
    F6x8                                     0x0800cef2   Data         552  oled.o(.constdata)
    F8X16                                    0x0800d11a   Data        1520  oled.o(.constdata)
    __ctype_categories                       0x0800d918   Data          64  ctype_c.o(.constdata)
    Region$$Table$$Base                      0x0800dbc8   Number         0  anon$$obj.o(Region$$Table)
    Region$$Table$$Limit                     0x0800dbe8   Number         0  anon$$obj.o(Region$$Table)
    SystemCoreClock                          0x20000000   Data           4  system_stm32f4xx.o(.data)
    AHBPrescTable                            0x20000004   Data          16  system_stm32f4xx.o(.data)
    start_toggle                             0x20000024   Data           1  usbh_hid_core.o(.data)
    HID_cb                                   0x20000028   Data          16  usbh_hid_core.o(.data)
    ps2_do_ok                                0x20000038   Data           1  usbh_hid_gamepad.o(.data)
    HID_GAMEPAD_cb                           0x2000003c   Data           8  usbh_hid_gamepad.o(.data)
    HID_KEYBRD_cb                            0x20000044   Data           8  usbh_hid_keybd.o(.data)
    USBH_HCD_INT_cb                          0x20000068   Data          20  usbh_core.o(.data)
    USBH_HCD_INT_fops                        0x2000007c   Data           4  usbh_core.o(.data)
    HID_MOUSE_cb                             0x20000084   Data           8  usbh_hid_mouse.o(.data)
    HID_MOUSE_Data                           0x2000008c   Data           4  usbh_hid_mouse.o(.data)
    bDeviceState                             0x20000090   Data           1  usbh_usr.o(.data)
    USR_Callbacks                            0x20000094   Data          72  usbh_usr.o(.data)
    i                                        0x20000150   Data           4  w25q64.o(.data)
    GPIO_InitStructure                       0x20000154   Data           8  w25q64.o(.data)
    FONT_COLOR                               0x2000015e   Data         160  oled.o(.data)
    F16x16                                   0x200001fe   Data         128  oled.o(.data)
    BMP1                                     0x2000027e   Data         768  oled.o(.data)
    gyro_offset_gx                           0x20000580   Data           4  kalmanfilter.o(.data)
    gyro_offset_gy                           0x20000584   Data           4  kalmanfilter.o(.data)
    gyro_offset_gz                           0x20000588   Data           4  kalmanfilter.o(.data)
    z_angle                                  0x2000058c   Data           4  kalmanfilter.o(.data)
    kf_x                                     0x20000594   Data          20  kalmanfilter.o(.data)
    kf_y                                     0x200005a8   Data          20  kalmanfilter.o(.data)
    kf_z                                     0x200005bc   Data          20  kalmanfilter.o(.data)
    reset_flag_A                             0x200005d0   Data           4  kinematics.o(.data)
    reset_flag_B                             0x200005d4   Data           4  kinematics.o(.data)
    reset_flag_C                             0x200005d8   Data           4  kinematics.o(.data)
    reset_flag_D                             0x200005dc   Data           4  kinematics.o(.data)
    zhixing_flag                             0x200005e0   Data           1  kinematics.o(.data)
    motor_kp                                 0x200005e2   Data           2  robot.o(.data)
    motor_ki                                 0x200005e4   Data           2  robot.o(.data)
    motor_kd                                 0x200005e6   Data           2  robot.o(.data)
    Bat_Vol                                  0x200005ea   Data           2  robot.o(.data)
    ps2_cmd_grn                              0x200005f8   Data          64  app_ps2.o(.data)
    pre_cmd_set_grn                          0x20000638   Data          64  app_ps2.o(.data)
    AI_mode                                  0x20000678   Data           1  global.o(.data)
    group_do_ok                              0x20000679   Data           1  global.o(.data)
    forbid_turn                              0x2000067a   Data           1  global.o(.data)
    uart_receive_num                         0x2000067b   Data           1  global.o(.data)
    uart1_get_ok                             0x2000067c   Data           2  global.o(.data)
    action_time                              0x20000680   Data           4  global.o(.data)
    do_start_index                           0x20000684   Data           4  global.o(.data)
    do_time                                  0x20000688   Data           4  global.o(.data)
    group_num_start                          0x2000068c   Data           4  global.o(.data)
    group_num_end                            0x20000690   Data           4  global.o(.data)
    group_num_times                          0x20000694   Data           4  global.o(.data)
    uart1_mode                               0x200006a0   Data           1  global.o(.data)
    __stdout                                 0x200006a4   Data           4  stdout.o(.data)
    HID_Machine                              0x200006ac   Data          84  usbh_hid_core.o(.bss)
    HID_Desc                                 0x20000700   Data          10  usbh_hid_core.o(.bss)
    ps2_buf                                  0x2000070a   Data          12  usbh_hid_gamepad.o(.bss)
    USBH_CfgDesc                             0x20000716   Data         512  usbh_stdreq.o(.bss)
    motor_A_pid                              0x20000954   Data          44  motor.o(.bss)
    motor_B_pid                              0x20000980   Data          44  motor.o(.bss)
    motor_C_pid                              0x200009ac   Data          44  motor.o(.bss)
    motor_D_pid                              0x200009d8   Data          44  motor.o(.bss)
    SPI_InitStructure                        0x20000a04   Data          18  w25q64.o(.bss)
    W25Q_BUF                                 0x20000a16   Data        4096  w25q64.o(.bss)
    duoji_doing                              0x20001a18   Data          72  servo.o(.bss)
    kinematics                               0x20001a60   Data          88  kinematics.o(.bss)
    Vel                                      0x20001ab8   Data          36  robot.o(.bss)
    Wheel_A                                  0x20001ae0   Data          16  robot.o(.bss)
    Wheel_B                                  0x20001af0   Data          16  robot.o(.bss)
    Wheel_C                                  0x20001b00   Data          16  robot.o(.bss)
    Wheel_D                                  0x20001b10   Data          16  robot.o(.bss)
    USB_OTG_Core_dev                         0x20001b20   Data        1456  main.o(.bss)
    USB_Host                                 0x200020d0   Data         132  main.o(.bss)
    TasksPare                                0x20002154   Data          48  task_manager.o(.bss)
    qdata                                    0x20002184   Data          28  task_manager.o(.bss)
    cmd_return                               0x200021a0   Data        1024  global.o(.bss)
    eeprom_info                              0x200025a0   Data         188  global.o(.bss)
    uart_receive_buf                         0x2000265c   Data        1024  global.o(.bss)
    __initial_sp                             0x20002e60   Data           0  startup_stm32f40_41xxx.o(STACK)



==============================================================================

Memory Map of the image

  Image Entry point : 0x08000189

  Load Region LR_IROM1 (Base: 0x08000000, Size: 0x0000e294, Max: 0x00080000, ABSOLUTE, COMPRESSED[0x0000df4c])

    Execution Region ER_IROM1 (Exec base: 0x08000000, Load base: 0x08000000, Size: 0x0000dbe8, Max: 0x00080000, ABSOLUTE)

    Exec Addr    Load Addr    Size         Type   Attr      Idx    E Section Name        Object

    0x08000000   0x08000000   0x00000188   Data   RO          159    RESET               startup_stm32f40_41xxx.o
    0x08000188   0x08000188   0x00000000   Code   RO         2199  * .ARM.Collect$$$$00000000  mc_w.l(entry.o)
    0x08000188   0x08000188   0x00000004   Code   RO         2537    .ARM.Collect$$$$00000001  mc_w.l(entry2.o)
    0x0800018c   0x0800018c   0x00000004   Code   RO         2540    .ARM.Collect$$$$00000004  mc_w.l(entry5.o)
    0x08000190   0x08000190   0x00000000   Code   RO         2542    .ARM.Collect$$$$00000008  mc_w.l(entry7b.o)
    0x08000190   0x08000190   0x00000000   Code   RO         2544    .ARM.Collect$$$$0000000A  mc_w.l(entry8b.o)
    0x08000190   0x08000190   0x00000008   Code   RO         2545    .ARM.Collect$$$$0000000B  mc_w.l(entry9a.o)
    0x08000198   0x08000198   0x00000004   Code   RO         2552    .ARM.Collect$$$$0000000E  mc_w.l(entry12b.o)
    0x0800019c   0x0800019c   0x00000000   Code   RO         2547    .ARM.Collect$$$$0000000F  mc_w.l(entry10a.o)
    0x0800019c   0x0800019c   0x00000000   Code   RO         2549    .ARM.Collect$$$$00000011  mc_w.l(entry11a.o)
    0x0800019c   0x0800019c   0x00000004   Code   RO         2538    .ARM.Collect$$$$00002712  mc_w.l(entry2.o)
    0x080001a0   0x080001a0   0x00000010   Code   RO            3    .text               stm32f4xx_it.o
    0x080001b0   0x080001b0   0x00000180   Code   RO          133    .text               system_stm32f4xx.o
    0x08000330   0x08000330   0x00000024   Code   RO          160    .text               startup_stm32f40_41xxx.o
    0x08000354   0x08000354   0x000000b0   Code   RO          166    .text               misc.o
    0x08000404   0x08000404   0x00000354   Code   RO          186    .text               stm32f4xx_adc.o
    0x08000758   0x08000758   0x00000238   Code   RO          266    .text               stm32f4xx_gpio.o
    0x08000990   0x08000990   0x00000484   Code   RO          306    .text               stm32f4xx_rcc.o
    0x08000e14   0x08000e14   0x0000032c   Code   RO          369    .text               stm32f4xx_spi.o
    0x08001140   0x08001140   0x000009dc   Code   RO          409    .text               stm32f4xx_tim.o
    0x08001b1c   0x08001b1c   0x00000358   Code   RO          430    .text               stm32f4xx_usart.o
    0x08001e74   0x08001e74   0x000003ec   Code   RO          490    .text               usbh_hid_core.o
    0x08002260   0x08002260   0x00000054   Code   RO          765    .text               usbh_hid_gamepad.o
    0x080022b4   0x080022b4   0x000000f4   Code   RO         1015    .text               usbh_hid_keybd.o
    0x080023a8   0x080023a8   0x000000ec   Code   RO         1046    .text               usbh_hcs.o
    0x08002494   0x08002494   0x000001b2   Code   RO         1066    .text               usbh_ioreq.o
    0x08002646   0x08002646   0x00000002   PAD
    0x08002648   0x08002648   0x00000378   Code   RO         1086    .text               usbh_stdreq.o
    0x080029c0   0x080029c0   0x00000e7c   Code   RO         1114    .text               usb_hcd_int.o
    0x0800383c   0x0800383c   0x00000670   Code   RO         1138    .text               usbh_core.o
    0x08003eac   0x08003eac   0x000000b2   Code   RO         1168    .text               usb_hcd.o
    0x08003f5e   0x08003f5e   0x00000002   PAD
    0x08003f60   0x08003f60   0x0000001c   Code   RO         1188    .text               usbh_hid_mouse.o
    0x08003f7c   0x08003f7c   0x000006f8   Code   RO         1214    .text               usb_core.o
    0x08004674   0x08004674   0x00000098   Code   RO         1235    .text               usb_bsp.o
    0x0800470c   0x0800470c   0x000003b0   Code   RO         1256    .text               usbh_usr.o
    0x08004abc   0x08004abc   0x00000a4c   Code   RO         1292    .text               usart.o
    0x08005508   0x08005508   0x0000032c   Code   RO         1316    .text               gpio_int.o
    0x08005834   0x08005834   0x000000ac   Code   RO         1337    .text               sys.o
    0x080058e0   0x080058e0   0x00000598   Code   RO         1383    .text               drive_motor.o
    0x08005e78   0x08005e78   0x00000b70   Code   RO         1403    .text               motor.o
    0x080069e8   0x080069e8   0x000006c8   Code   RO         1428    .text               w25q64.o
    0x080070b0   0x080070b0   0x00000430   Code   RO         1453    .text               servo.o
    0x080074e0   0x080074e0   0x00000560   Code   RO         1480    .text               oled.o
    0x08007a40   0x08007a40   0x0000021c   Code   RO         1508    .text               myiic.o
    0x08007c5c   0x08007c5c   0x00000398   Code   RO         1540    .text               qmi8658a.o
    0x08007ff4   0x08007ff4   0x0000025c   Code   RO         1567    .text               adc.o
    0x08008250   0x08008250   0x000000fc   Code   RO         1612    .text               pid.o
    0x0800834c   0x0800834c   0x0000017c   Code   RO         1653    .text               kalmanfilter.o
    0x080084c8   0x080084c8   0x00000798   Code   RO         1702    .text               kinematics.o
    0x08008c60   0x08008c60   0x00000078   Code   RO         1730    .text               robot.o
    0x08008cd8   0x08008cd8   0x00000054   Code   RO         1772    .text               main.o
    0x08008d2c   0x08008d2c   0x0000025c   Code   RO         2019    .text               task_manager.o
    0x08008f88   0x08008f88   0x000003c0   Code   RO         2069    .text               app_ps2.o
    0x08009348   0x08009348   0x00000eb8   Code   RO         2098    .text               global.o
    0x0800a200   0x0800a200   0x00000024   Code   RO         2202    .text               mc_w.l(memcpya.o)
    0x0800a224   0x0800a224   0x00000024   Code   RO         2204    .text               mc_w.l(memseta.o)
    0x0800a248   0x0800a248   0x0000000e   Code   RO         2206    .text               mc_w.l(strlen.o)
    0x0800a256   0x0800a256   0x00000012   Code   RO         2208    .text               mc_w.l(strcpy.o)
    0x0800a268   0x0800a268   0x00000038   Code   RO         2473    .text               mc_w.l(__0sscanf.o)
    0x0800a2a0   0x0800a2a0   0x0000014c   Code   RO         2475    .text               mc_w.l(_scanf_int.o)
    0x0800a3ec   0x0800a3ec   0x00000360   Code   RO         2477    .text               mc_w.l(scanf_fp.o)
    0x0800a74c   0x0800a74c   0x0000014e   Code   RO         2481    .text               mf_w.l(dadd.o)
    0x0800a89a   0x0800a89a   0x000000e4   Code   RO         2483    .text               mf_w.l(dmul.o)
    0x0800a97e   0x0800a97e   0x000000de   Code   RO         2485    .text               mf_w.l(ddiv.o)
    0x0800aa5c   0x0800aa5c   0x00000022   Code   RO         2487    .text               mf_w.l(dflti.o)
    0x0800aa7e   0x0800aa7e   0x0000001a   Code   RO         2489    .text               mf_w.l(dfltui.o)
    0x0800aa98   0x0800aa98   0x0000003e   Code   RO         2491    .text               mf_w.l(dfixi.o)
    0x0800aad6   0x0800aad6   0x00000026   Code   RO         2493    .text               mf_w.l(f2d.o)
    0x0800aafc   0x0800aafc   0x00000030   Code   RO         2495    .text               mf_w.l(cdrcmple.o)
    0x0800ab2c   0x0800ab2c   0x00000038   Code   RO         2497    .text               mf_w.l(d2f.o)
    0x0800ab64   0x0800ab64   0x0000002c   Code   RO         2554    .text               mc_w.l(uidiv.o)
    0x0800ab90   0x0800ab90   0x00000062   Code   RO         2556    .text               mc_w.l(uldiv.o)
    0x0800abf2   0x0800abf2   0x0000001e   Code   RO         2558    .text               mc_w.l(llshl.o)
    0x0800ac10   0x0800ac10   0x00000020   Code   RO         2560    .text               mc_w.l(llushr.o)
    0x0800ac30   0x0800ac30   0x00000024   Code   RO         2562    .text               mc_w.l(llsshr.o)
    0x0800ac54   0x0800ac54   0x0000001c   Code   RO         2571    .text               mc_w.l(_chval.o)
    0x0800ac70   0x0800ac70   0x00000028   Code   RO         2573    .text               mc_w.l(scanf_char.o)
    0x0800ac98   0x0800ac98   0x00000040   Code   RO         2575    .text               mc_w.l(_sgetc.o)
    0x0800acd8   0x0800acd8   0x00000000   Code   RO         2577    .text               mc_w.l(iusefp.o)
    0x0800acd8   0x0800acd8   0x0000006e   Code   RO         2578    .text               mf_w.l(fepilogue.o)
    0x0800ad46   0x0800ad46   0x000000ba   Code   RO         2580    .text               mf_w.l(depilogue.o)
    0x0800ae00   0x0800ae00   0x000000a2   Code   RO         2584    .text               mf_w.l(dsqrt.o)
    0x0800aea2   0x0800aea2   0x00000018   Code   RO         2586    .text               mf_w.l(dfltul.o)
    0x0800aeba   0x0800aeba   0x00000030   Code   RO         2588    .text               mf_w.l(dfixul.o)
    0x0800aeea   0x0800aeea   0x00000002   PAD
    0x0800aeec   0x0800aeec   0x00000024   Code   RO         2592    .text               mc_w.l(init.o)
    0x0800af10   0x0800af10   0x0000000a   Code   RO         2594    .text               mc_w.l(isspace_c.o)
    0x0800af1a   0x0800af1a   0x00000002   PAD
    0x0800af1c   0x0800af1c   0x00000330   Code   RO         2596    .text               mc_w.l(_scanf.o)
    0x0800b24c   0x0800b24c   0x00000028   Code   RO         2598    .text               mc_w.l(ctype_c.o)
    0x0800b274   0x0800b274   0x00000056   Code   RO         2609    .text               mc_w.l(__dczerorl2.o)
    0x0800b2ca   0x0800b2ca   0x00000002   PAD
    0x0800b2cc   0x0800b2cc   0x00000020   Code   RO         2445    i.__0printf         mc_w.l(printfa.o)
    0x0800b2ec   0x0800b2ec   0x00000028   Code   RO         2447    i.__0sprintf        mc_w.l(printfa.o)
    0x0800b314   0x0800b314   0x00000030   Code   RO         2522    i.__ARM_fpclassify  m_wm.l(fpclassify.o)
    0x0800b344   0x0800b344   0x00000004   PAD
    0x0800b348   0x0800b348   0x00000358   Code   RO         2135    i.__hardfp_acos     m_wm.l(acos.o)
    0x0800b6a0   0x0800b6a0   0x000002d8   Code   RO         2149    i.__hardfp_atan     m_wm.l(atan.o)
    0x0800b978   0x0800b978   0x000000c8   Code   RO         2163    i.__hardfp_cos      m_wm.l(cos.o)
    0x0800ba40   0x0800ba40   0x000000c8   Code   RO         2175    i.__hardfp_sin      m_wm.l(sin.o)
    0x0800bb08   0x0800bb08   0x0000007a   Code   RO         2187    i.__hardfp_sqrt     m_wm.l(sqrt.o)
    0x0800bb82   0x0800bb82   0x00000006   PAD
    0x0800bb88   0x0800bb88   0x00000438   Code   RO         2526    i.__ieee754_rem_pio2  m_wm.l(rred.o)
    0x0800bfc0   0x0800bfc0   0x00000170   Code   RO         2499    i.__kernel_cos      m_wm.l(cos_i.o)
    0x0800c130   0x0800c130   0x000000f8   Code   RO         2524    i.__kernel_poly     m_wm.l(poly.o)
    0x0800c228   0x0800c228   0x00000130   Code   RO         2531    i.__kernel_sin      m_wm.l(sin_i.o)
    0x0800c358   0x0800c358   0x00000014   Code   RO         2503    i.__mathlib_dbl_infnan  m_wm.l(dunder.o)
    0x0800c36c   0x0800c36c   0x00000004   PAD
    0x0800c370   0x0800c370   0x00000020   Code   RO         2505    i.__mathlib_dbl_invalid  m_wm.l(dunder.o)
    0x0800c390   0x0800c390   0x00000020   Code   RO         2508    i.__mathlib_dbl_underflow  m_wm.l(dunder.o)
    0x0800c3b0   0x0800c3b0   0x0000000e   Code   RO         2603    i.__scatterload_copy  mc_w.l(handlers.o)
    0x0800c3be   0x0800c3be   0x00000002   Code   RO         2604    i.__scatterload_null  mc_w.l(handlers.o)
    0x0800c3c0   0x0800c3c0   0x0000000e   Code   RO         2605    i.__scatterload_zeroinit  mc_w.l(handlers.o)
    0x0800c3ce   0x0800c3ce   0x00000002   PAD
    0x0800c3d0   0x0800c3d0   0x0000000c   Code   RO         2566    i.__set_errno       mc_w.l(errno.o)
    0x0800c3dc   0x0800c3dc   0x00000184   Code   RO         2452    i._fp_digits        mc_w.l(printfa.o)
    0x0800c560   0x0800c560   0x0000000e   Code   RO         2479    i._is_digit         mc_w.l(scanf_fp.o)
    0x0800c56e   0x0800c56e   0x00000002   PAD
    0x0800c570   0x0800c570   0x000006b4   Code   RO         2453    i._printf_core      mc_w.l(printfa.o)
    0x0800cc24   0x0800cc24   0x00000024   Code   RO         2454    i._printf_post_padding  mc_w.l(printfa.o)
    0x0800cc48   0x0800cc48   0x0000002e   Code   RO         2455    i._printf_pre_padding  mc_w.l(printfa.o)
    0x0800cc76   0x0800cc76   0x0000000a   Code   RO         2457    i._sputc            mc_w.l(printfa.o)
    0x0800cc80   0x0800cc80   0x00000018   Code   RO         2518    i.fabs              m_wm.l(fabs.o)
    0x0800cc98   0x0800cc98   0x0000006e   Code   RO         2189    i.sqrt              m_wm.l(sqrt.o)
    0x0800cd06   0x0800cd06   0x000001ec   Data   RO         1016    .constdata          usbh_hid_keybd.o
    0x0800cef2   0x0800cef2   0x00000818   Data   RO         1481    .constdata          oled.o
    0x0800d70a   0x0800d70a   0x00000006   PAD
    0x0800d710   0x0800d710   0x00000050   Data   RO         2138    .constdata          m_wm.l(acos.o)
    0x0800d760   0x0800d760   0x00000098   Data   RO         2152    .constdata          m_wm.l(atan.o)
    0x0800d7f8   0x0800d7f8   0x00000030   Data   RO         2500    .constdata          m_wm.l(cos_i.o)
    0x0800d828   0x0800d828   0x000000c8   Data   RO         2528    .constdata          m_wm.l(rred.o)
    0x0800d8f0   0x0800d8f0   0x00000028   Data   RO         2532    .constdata          m_wm.l(sin_i.o)
    0x0800d918   0x0800d918   0x00000040   Data   RO         2599    .constdata          mc_w.l(ctype_c.o)
    0x0800d958   0x0800d958   0x0000026d   Data   RO         2070    .conststring        app_ps2.o
    0x0800dbc5   0x0800dbc5   0x00000003   PAD
    0x0800dbc8   0x0800dbc8   0x00000020   Data   RO         2601    Region$$Table       anon$$obj.o


    Execution Region RW_IRAM2 (Exec base: 0x10000000, Load base: 0x0800df4c, Size: 0x00000000, Max: 0x00010000, ABSOLUTE)

    **** No section assigned to this execution region ****


    Execution Region RW_IRAM1 (Exec base: 0x20000000, Load base: 0x0800dbe8, Size: 0x00002e60, Max: 0x00020000, ABSOLUTE, COMPRESSED[0x00000364])

    Exec Addr    Load Addr    Size         Type   Attr      Idx    E Section Name        Object

    0x20000000   COMPRESSED   0x00000014   Data   RW          134    .data               system_stm32f4xx.o
    0x20000014   COMPRESSED   0x00000010   Data   RW          307    .data               stm32f4xx_rcc.o
    0x20000024   COMPRESSED   0x00000001   Data   RW          493    .data               usbh_hid_core.o
    0x20000025   COMPRESSED   0x00000003   PAD
    0x20000028   COMPRESSED   0x00000010   Data   RW          494    .data               usbh_hid_core.o
    0x20000038   COMPRESSED   0x00000001   Data   RW          767    .data               usbh_hid_gamepad.o
    0x20000039   COMPRESSED   0x00000003   PAD
    0x2000003c   COMPRESSED   0x00000008   Data   RW          768    .data               usbh_hid_gamepad.o
    0x20000044   COMPRESSED   0x00000008   Data   RW         1017    .data               usbh_hid_keybd.o
    0x2000004c   COMPRESSED   0x00000017   Data   RW         1018    .data               usbh_hid_keybd.o
    0x20000063   COMPRESSED   0x00000001   PAD
    0x20000064   COMPRESSED   0x00000004   Data   RW         1088    .data               usbh_stdreq.o
    0x20000068   COMPRESSED   0x00000014   Data   RW         1139    .data               usbh_core.o
    0x2000007c   COMPRESSED   0x00000004   Data   RW         1140    .data               usbh_core.o
    0x20000080   COMPRESSED   0x00000002   Data   RW         1142    .data               usbh_core.o
    0x20000082   COMPRESSED   0x00000002   PAD
    0x20000084   COMPRESSED   0x00000008   Data   RW         1189    .data               usbh_hid_mouse.o
    0x2000008c   COMPRESSED   0x00000004   Data   RW         1190    .data               usbh_hid_mouse.o
    0x20000090   COMPRESSED   0x00000001   Data   RW         1257    .data               usbh_usr.o
    0x20000091   COMPRESSED   0x00000003   PAD
    0x20000094   COMPRESSED   0x00000048   Data   RW         1259    .data               usbh_usr.o
    0x200000dc   COMPRESSED   0x0000000c   Data   RW         1294    .data               usart.o
    0x200000e8   COMPRESSED   0x00000004   Data   RW         1338    .data               sys.o
    0x200000ec   COMPRESSED   0x00000060   Data   RW         1405    .data               motor.o
    0x2000014c   COMPRESSED   0x00000010   Data   RW         1430    .data               w25q64.o
    0x2000015c   COMPRESSED   0x00000002   Data   RW         1455    .data               servo.o
    0x2000015e   COMPRESSED   0x00000420   Data   RW         1482    .data               oled.o
    0x2000057e   COMPRESSED   0x00000002   PAD
    0x20000580   COMPRESSED   0x00000014   Data   RW         1654    .data               kalmanfilter.o
    0x20000594   COMPRESSED   0x00000014   Data   RW         1655    .data               kalmanfilter.o
    0x200005a8   COMPRESSED   0x00000014   Data   RW         1656    .data               kalmanfilter.o
    0x200005bc   COMPRESSED   0x00000014   Data   RW         1657    .data               kalmanfilter.o
    0x200005d0   COMPRESSED   0x00000010   Data   RW         1704    .data               kinematics.o
    0x200005e0   COMPRESSED   0x00000001   Data   RW         1705    .data               kinematics.o
    0x200005e1   COMPRESSED   0x00000001   PAD
    0x200005e2   COMPRESSED   0x00000002   Data   RW         1738    .data               robot.o
    0x200005e4   COMPRESSED   0x00000002   Data   RW         1739    .data               robot.o
    0x200005e6   COMPRESSED   0x00000002   Data   RW         1740    .data               robot.o
    0x200005e8   COMPRESSED   0x00000004   Data   RW         1742    .data               robot.o
    0x200005ec   COMPRESSED   0x00000004   Data   RW         2022    .data               task_manager.o
    0x200005f0   COMPRESSED   0x00000088   Data   RW         2071    .data               app_ps2.o
    0x20000678   COMPRESSED   0x00000028   Data   RW         2100    .data               global.o
    0x200006a0   COMPRESSED   0x00000001   Data   RW         2103    .data               global.o
    0x200006a1   COMPRESSED   0x00000003   PAD
    0x200006a4   COMPRESSED   0x00000004   Data   RW         2553    .data               mc_w.l(stdout.o)
    0x200006a8   COMPRESSED   0x00000004   Data   RW         2567    .data               mc_w.l(errno.o)
    0x200006ac        -       0x0000005e   Zero   RW          491    .bss                usbh_hid_core.o
    0x2000070a        -       0x0000000c   Zero   RW          766    .bss                usbh_hid_gamepad.o
    0x20000716        -       0x00000200   Zero   RW         1087    .bss                usbh_stdreq.o
    0x20000916        -       0x0000003c   Zero   RW         1293    .bss                usart.o
    0x20000952   COMPRESSED   0x00000002   PAD
    0x20000954        -       0x000000b0   Zero   RW         1404    .bss                motor.o
    0x20000a04        -       0x00001012   Zero   RW         1429    .bss                w25q64.o
    0x20001a16   COMPRESSED   0x00000002   PAD
    0x20001a18        -       0x00000048   Zero   RW         1454    .bss                servo.o
    0x20001a60        -       0x00000058   Zero   RW         1703    .bss                kinematics.o
    0x20001ab8        -       0x00000024   Zero   RW         1732    .bss                robot.o
    0x20001adc   COMPRESSED   0x00000004   PAD
    0x20001ae0        -       0x00000010   Zero   RW         1733    .bss                robot.o
    0x20001af0        -       0x00000010   Zero   RW         1734    .bss                robot.o
    0x20001b00        -       0x00000010   Zero   RW         1735    .bss                robot.o
    0x20001b10        -       0x00000010   Zero   RW         1736    .bss                robot.o
    0x20001b20        -       0x00000634   Zero   RW         1773    .bss                main.o
    0x20002154        -       0x0000004c   Zero   RW         2020    .bss                task_manager.o
    0x200021a0        -       0x000008bc   Zero   RW         2099    .bss                global.o
    0x20002a5c   COMPRESSED   0x00000004   PAD
    0x20002a60        -       0x00000400   Zero   RW          157    STACK               startup_stm32f40_41xxx.o


==============================================================================

Image component sizes


      Code (inc. data)   RO Data    RW Data    ZI Data      Debug   Object Name

       604         32          0          0          0       3405   adc.o
       960         78        621        136          0       2083   app_ps2.o
      1432         46          0          0          0       4754   drive_motor.o
      3768        764          0         41       2236      12327   global.o
       812         24          0          0          0       3413   gpio_int.o
       380         38          0         80          0       2786   kalmanfilter.o
      1944        130          0         17         88       3957   kinematics.o
        84         14          0          0       1588      25443   main.o
       176         12          0          0          0       1885   misc.o
      2928         90          0         96        176      12418   motor.o
       540          8          0          0          0       1976   myiic.o
      1376         32       2072       1056          0       7239   oled.o
       252          4          0          0          0       1861   pid.o
       920         22          0          0          0       4766   qmi8658a.o
       120         10          0         10        100       4004   robot.o
      1072         56          0          2         72       4467   servo.o
        36          8        392          0       1024        808   startup_stm32f40_41xxx.o
       852         20          0          0          0      10774   stm32f4xx_adc.o
       568         46          0          0          0       4461   stm32f4xx_gpio.o
        16          0          0          0          0     304486   stm32f4xx_it.o
      1156         52          0         16          0      13244   stm32f4xx_rcc.o
       812         38          0          0          0       7265   stm32f4xx_spi.o
      2524         52          0          0          0      22974   stm32f4xx_tim.o
       856         32          0          0          0       8120   stm32f4xx_usart.o
       172         10          0          4          0      28308   sys.o
       384         40          0         20          0       1867   system_stm32f4xx.o
       604        100          0          4         76       2962   task_manager.o
      2636        180          0         12         60       7080   usart.o
       152          8          0          0          0       2337   usb_bsp.o
      1784         16          0          0          0      10432   usb_core.o
       178          0          0          0          0       3110   usb_hcd.o
      3708         10          0          0          0       6779   usb_hcd_int.o
      1648         46          0         26          0       7676   usbh_core.o
       236          0          0          0          0       2684   usbh_hcs.o
      1004         76          0         17         94     319614   usbh_hid_core.o
        84         22          0          9         12     255032   usbh_hid_gamepad.o
       244         12        492         31          0       3537   usbh_hid_keybd.o
        28          4          0         12          0       1598   usbh_hid_mouse.o
       434          0          0          0          0       4400   usbh_ioreq.o
       888         10          0          4        512       6631   usbh_stdreq.o
       944        690          0         73          0       5060   usbh_usr.o
      1736         80          0         16       4114       7446   w25q64.o

    ----------------------------------------------------------------------
     41056       2912       3618       1700      10164    1145469   Object Totals
         0          0         32          0          0          0   (incl. Generated)
         4          0          9         18         12          0   (incl. Padding)

    ----------------------------------------------------------------------

      Code (inc. data)   RO Data    RW Data    ZI Data      Debug   Library Member Name

       856        118         80          0          0        288   acos.o
       728        106        152          0          0        228   atan.o
       200         20          0          0          0        164   cos.o
       368         46         48          0          0        200   cos_i.o
        84         16          0          0          0        372   dunder.o
        24          0          0          0          0        124   fabs.o
        48          0          0          0          0        124   fpclassify.o
       248          0          0          0          0        152   poly.o
      1080        142        200          0          0        188   rred.o
       200         20          0          0          0        164   sin.o
       304         24         40          0          0        208   sin_i.o
       232          0          0          0          0        296   sqrt.o
        56          8          0          0          0         84   __0sscanf.o
        86          0          0          0          0          0   __dczerorl2.o
        28          0          0          0          0         68   _chval.o
       816          6          0          0          0        112   _scanf.o
       332          0          0          0          0         96   _scanf_int.o
        64          0          0          0          0         84   _sgetc.o
        40          6         64          0          0         68   ctype_c.o
         0          0          0          0          0          0   entry.o
         0          0          0          0          0          0   entry10a.o
         0          0          0          0          0          0   entry11a.o
         4          0          0          0          0          0   entry12b.o
         8          4          0          0          0          0   entry2.o
         4          0          0          0          0          0   entry5.o
         0          0          0          0          0          0   entry7b.o
         0          0          0          0          0          0   entry8b.o
         8          4          0          0          0          0   entry9a.o
        12          6          0          4          0         68   errno.o
        30          0          0          0          0          0   handlers.o
        36          8          0          0          0         68   init.o
        10          0          0          0          0         68   isspace_c.o
         0          0          0          0          0          0   iusefp.o
        30          0          0          0          0         68   llshl.o
        36          0          0          0          0         68   llsshr.o
        32          0          0          0          0         68   llushr.o
        36          0          0          0          0         68   memcpya.o
        36          0          0          0          0        108   memseta.o
      2268         96          0          0          0        616   printfa.o
        40          8          0          0          0         84   scanf_char.o
       878         12          0          0          0        216   scanf_fp.o
         0          0          0          4          0          0   stdout.o
        18          0          0          0          0         68   strcpy.o
        14          0          0          0          0         68   strlen.o
        44          0          0          0          0         80   uidiv.o
        98          0          0          0          0         92   uldiv.o
        48          0          0          0          0         68   cdrcmple.o
        56          0          0          0          0         88   d2f.o
       334          0          0          0          0        148   dadd.o
       222          0          0          0          0        100   ddiv.o
       186          0          0          0          0        176   depilogue.o
        62          0          0          0          0         80   dfixi.o
        48          0          0          0          0         68   dfixul.o
        34          0          0          0          0         76   dflti.o
        26          0          0          0          0         76   dfltui.o
        24          0          0          0          0         76   dfltul.o
       228          0          0          0          0         96   dmul.o
       162          0          0          0          0        100   dsqrt.o
        38          0          0          0          0         68   f2d.o
       110          0          0          0          0        168   fepilogue.o

    ----------------------------------------------------------------------
     11038        650        584          8          0       6216   Library Totals
        24          0          0          0          0          0   (incl. Padding)

    ----------------------------------------------------------------------

      Code (inc. data)   RO Data    RW Data    ZI Data      Debug   Library Name

      4372        492        520          0          0       2508   m_wm.l
      5064        158         64          8          0       2320   mc_w.l
      1578          0          0          0          0       1388   mf_w.l

    ----------------------------------------------------------------------
     11038        650        584          8          0       6216   Library Totals

    ----------------------------------------------------------------------

==============================================================================


      Code (inc. data)   RO Data    RW Data    ZI Data      Debug   

     52094       3562       4202       1708      10164    1139641   Grand Totals
     52094       3562       4202        868      10164    1139641   ELF Image Totals (compressed)
     52094       3562       4202        868          0          0   ROM Totals

==============================================================================

    Total RO  Size (Code + RO Data)                56296 (  54.98kB)
    Total RW  Size (RW Data + ZI Data)             11872 (  11.59kB)
    Total ROM Size (Code + RO Data + RW Data)      57164 (  55.82kB)

==============================================================================

