Component: ARM Compiler 5.06 update 7 (build 960) Tool: armlink [4d3601]

==============================================================================

Section Cross References

    system_stm32f4xx.o(.text) refers to system_stm32f4xx.o(.data) for .data
    startup_stm32f40_41xxx.o(RESET) refers to startup_stm32f40_41xxx.o(STACK) for __initial_sp
    startup_stm32f40_41xxx.o(RESET) refers to startup_stm32f40_41xxx.o(.text) for Reset_Handler
    startup_stm32f40_41xxx.o(RESET) refers to stm32f4xx_it.o(.text) for NMI_Handler
    startup_stm32f40_41xxx.o(RESET) refers to sys.o(.text) for SysTick_Handler
    startup_stm32f40_41xxx.o(RESET) refers to usart.o(.text) for USART1_IRQHandler
    startup_stm32f40_41xxx.o(RESET) refers to servo.o(.text) for TIM8_TRG_COM_TIM14_IRQHandler
    startup_stm32f40_41xxx.o(RESET) refers to usb_bsp.o(.text) for OTG_FS_IRQHandler
    startup_stm32f40_41xxx.o(.text) refers to system_stm32f4xx.o(.text) for SystemInit
    startup_stm32f40_41xxx.o(.text) refers to entry.o(.ARM.Collect$$$$00000000) for __main
    stm32f4xx_adc.o(.text) refers to stm32f4xx_rcc.o(.text) for RCC_APB2PeriphResetCmd
    stm32f4xx_can.o(.text) refers to stm32f4xx_rcc.o(.text) for RCC_APB1PeriphResetCmd
    stm32f4xx_gpio.o(.text) refers to stm32f4xx_rcc.o(.text) for RCC_AHB1PeriphResetCmd
    stm32f4xx_i2c.o(.text) refers to stm32f4xx_rcc.o(.text) for RCC_APB1PeriphResetCmd
    stm32f4xx_rcc.o(.text) refers to stm32f4xx_rcc.o(.data) for .data
    stm32f4xx_sdio.o(.text) refers to stm32f4xx_rcc.o(.text) for RCC_APB2PeriphResetCmd
    stm32f4xx_spi.o(.text) refers to stm32f4xx_rcc.o(.text) for RCC_APB1PeriphResetCmd
    stm32f4xx_syscfg.o(.text) refers to stm32f4xx_rcc.o(.text) for RCC_APB2PeriphResetCmd
    stm32f4xx_tim.o(.text) refers to stm32f4xx_rcc.o(.text) for RCC_APB2PeriphResetCmd
    stm32f4xx_usart.o(.text) refers to stm32f4xx_rcc.o(.text) for RCC_APB2PeriphResetCmd
    stm32f4xx_dac.o(.text) refers to stm32f4xx_rcc.o(.text) for RCC_APB1PeriphResetCmd
    usbh_hid_core.o(.text) refers to printf8.o(i.__0printf$8) for __2printf
    usbh_hid_core.o(.text) refers to usbh_hcs.o(.text) for USBH_Alloc_Channel
    usbh_hid_core.o(.text) refers to usb_core.o(.text) for USB_OTG_HC_Halt
    usbh_hid_core.o(.text) refers to usbh_ioreq.o(.text) for USBH_CtlReq
    usbh_hid_core.o(.text) refers to usbh_hid_core.o(.bss) for .bss
    usbh_hid_core.o(.text) refers to usbh_hid_core.o(.conststring) for .conststring
    usbh_hid_core.o(.text) refers to usbh_hid_gamepad.o(.data) for HID_GAMEPAD_cb
    usbh_hid_core.o(.text) refers to usbh_hid_core.o(.data) for .data
    usbh_hid_core.o(.text) refers to usbh_stdreq.o(.text) for USBH_GetDescriptor
    usbh_hid_core.o(.text) refers to usb_hcd.o(.text) for HCD_GetCurrentFrame
    usbh_hid_core.o(.data) refers to usbh_hid_core.o(.text) for USBH_HID_InterfaceInit
    usbh_hid_gamepad.o(.text) refers to usbh_usr.o(.text) for USR_GAMEPAD_Init
    usbh_hid_gamepad.o(.text) refers to usbh_hid_gamepad.o(.bss) for .bss
    usbh_hid_gamepad.o(.text) refers to usbh_hid_gamepad.o(.data) for .data
    usbh_hid_gamepad.o(.data) refers to usbh_hid_gamepad.o(.text) for GAMEPAD_Init
    usbh_hid_keybd.o(.text) refers to usbh_usr.o(.text) for USR_KEYBRD_Init
    usbh_hid_keybd.o(.text) refers to usbh_hid_keybd.o(.data) for .data
    usbh_hid_keybd.o(.text) refers to usbh_hid_keybd.o(.constdata) for .constdata
    usbh_hid_keybd.o(.data) refers to usbh_hid_keybd.o(.text) for KEYBRD_Init
    usbh_hcs.o(.text) refers to usb_core.o(.text) for USB_OTG_HC_Init
    usbh_ioreq.o(.text) refers to usb_hcd.o(.text) for HCD_SubmitRequest
    usbh_stdreq.o(.text) refers to usbh_ioreq.o(.text) for USBH_CtlReq
    usbh_stdreq.o(.text) refers to usbh_stdreq.o(.data) for .data
    usbh_stdreq.o(.text) refers to usbh_stdreq.o(.bss) for .bss
    usb_hcd_int.o(.text) refers to usb_core.o(.text) for USB_OTG_InitFSLSPClkSel
    usb_hcd_int.o(.text) refers to usbh_core.o(.data) for USBH_HCD_INT_fops
    usbh_core.o(.text) refers to usb_bsp.o(.text) for USB_OTG_BSP_DriveVBUS
    usbh_core.o(.text) refers to usb_core.o(.text) for USB_OTG_DisableGlobalInt
    usbh_core.o(.text) refers to usbh_hcs.o(.text) for USBH_Free_Channel
    usbh_core.o(.text) refers to usb_hcd.o(.text) for HCD_Init
    usbh_core.o(.text) refers to usbh_ioreq.o(.text) for USBH_CtlSendSetup
    usbh_core.o(.text) refers to usbh_stdreq.o(.text) for USBH_Get_DevDesc
    usbh_core.o(.text) refers to usbh_core.o(.data) for .data
    usbh_core.o(.data) refers to usbh_core.o(.text) for USBH_SOF
    usbh_core.o(.data) refers to usbh_core.o(.data) for USBH_HCD_INT_cb
    usb_hcd.o(.text) refers to usb_core.o(.text) for USB_OTG_SelectCore
    usbh_hid_mouse.o(.text) refers to usbh_usr.o(.text) for USR_MOUSE_Init
    usbh_hid_mouse.o(.text) refers to usbh_hid_mouse.o(.data) for .data
    usbh_hid_mouse.o(.data) refers to usbh_hid_mouse.o(.text) for MOUSE_Init
    usb_core.o(.text) refers to usb_bsp.o(.text) for USB_OTG_BSP_uDelay
[...]
    ADC_MultiModeDMARequestAfterLastTransferCmd 0x08000611   Thumb Code    26  stm32f4xx_adc.o(.text)
    ADC_InjectedChannelConfig                0x0800062b   Thumb Code    74  stm32f4xx_adc.o(.text)
    ADC_InjectedSequencerLengthConfig        0x08000675   Thumb Code    16  stm32f4xx_adc.o(.text)
    ADC_SetInjectedOffset                    0x08000685   Thumb Code    10  stm32f4xx_adc.o(.text)
    ADC_ExternalTrigInjectedConvConfig       0x0800068f   Thumb Code    12  stm32f4xx_adc.o(.text)
    ADC_ExternalTrigInjectedConvEdgeConfig   0x0800069b   Thumb Code    12  stm32f4xx_adc.o(.text)
    ADC_SoftwareStartInjectedConv            0x080006a7   Thumb Code    10  stm32f4xx_adc.o(.text)
    ADC_GetSoftwareStartInjectedConvCmdStatus 0x080006b1   Thumb Code    14  stm32f4xx_adc.o(.text)
    ADC_AutoInjectedConvCmd                  0x080006bf   Thumb Code    20  stm32f4xx_adc.o(.text)
    ADC_InjectedDiscModeCmd                  0x080006d3   Thumb Code    20  stm32f4xx_adc.o(.text)
    ADC_GetInjectedConversionValue           0x080006e7   Thumb Code    14  stm32f4xx_adc.o(.text)
    ADC_ITConfig                             0x080006f5   Thumb Code    18  stm32f4xx_adc.o(.text)
    ADC_GetFlagStatus                        0x08000707   Thumb Code    14  stm32f4xx_adc.o(.text)
    ADC_ClearFlag                            0x08000715   Thumb Code     6  stm32f4xx_adc.o(.text)
    ADC_GetITStatus                          0x0800071b   Thumb Code    30  stm32f4xx_adc.o(.text)
    ADC_ClearITPendingBit                    0x08000739   Thumb Code     8  stm32f4xx_adc.o(.text)
    GPIO_DeInit                              0x08000755   Thumb Code   216  stm32f4xx_gpio.o(.text)
    GPIO_Init                                0x0800082d   Thumb Code   162  stm32f4xx_gpio.o(.text)
    GPIO_StructInit                          0x080008cf   Thumb Code    18  stm32f4xx_gpio.o(.text)
    GPIO_PinLockConfig                       0x080008e1   Thumb Code    24  stm32f4xx_gpio.o(.text)
    GPIO_ReadInputDataBit                    0x080008f9   Thumb Code    14  stm32f4xx_gpio.o(.text)
    GPIO_ReadInputData                       0x08000907   Thumb Code     6  stm32f4xx_gpio.o(.text)
    GPIO_ReadOutputDataBit                   0x0800090d   Thumb Code    14  stm32f4xx_gpio.o(.text)
    GPIO_ReadOutputData                      0x0800091b   Thumb Code     6  stm32f4xx_gpio.o(.text)
    GPIO_SetBits                             0x08000921   Thumb Code     4  stm32f4xx_gpio.o(.text)
    GPIO_ResetBits                           0x08000925   Thumb Code     4  stm32f4xx_gpio.o(.text)
    GPIO_WriteBit                            0x08000929   Thumb Code    10  stm32f4xx_gpio.o(.text)
    GPIO_Write                               0x08000933   Thumb Code     4  stm32f4xx_gpio.o(.text)
    GPIO_ToggleBits                          0x08000937   Thumb Code     8  stm32f4xx_gpio.o(.text)
    GPIO_PinAFConfig                         0x0800093f   Thumb Code    32  stm32f4xx_gpio.o(.text)
    RCC_DeInit                               0x0800098d   Thumb Code    68  stm32f4xx_rcc.o(.text)
    RCC_HSEConfig                            0x080009d1   Thumb Code    12  stm32f4xx_rcc.o(.text)
    RCC_GetFlagStatus                        0x080009dd   Thumb Code    46  stm32f4xx_rcc.o(.text)
    RCC_WaitForHSEStartUp                    0x08000a0b   Thumb Code    44  stm32f4xx_rcc.o(.text)
    RCC_AdjustHSICalibrationValue            0x08000a37   Thumb Code    16  stm32f4xx_rcc.o(.text)
    RCC_HSICmd                               0x08000a47   Thumb Code     6  stm32f4xx_rcc.o(.text)
    RCC_LSEConfig                            0x08000a4d   Thumb Code    24  stm32f4xx_rcc.o(.text)
    RCC_LSICmd                               0x08000a65   Thumb Code     6  stm32f4xx_rcc.o(.text)
    RCC_PLLConfig                            0x08000a6b   Thumb Code    32  stm32f4xx_rcc.o(.text)
    RCC_PLLCmd                               0x08000a8b   Thumb Code     6  stm32f4xx_rcc.o(.text)
    RCC_PLLI2SConfig                         0x08000a91   Thumb Code    14  stm32f4xx_rcc.o(.text)
    RCC_PLLI2SCmd                            0x08000a9f   Thumb Code     6  stm32f4xx_rcc.o(.text)
    RCC_PLLSAIConfig                         0x08000aa5   Thumb Code    18  stm32f4xx_rcc.o(.text)
    RCC_PLLSAICmd                            0x08000ab7   Thumb Code     6  stm32f4xx_rcc.o(.text)
    RCC_ClockSecuritySystemCmd               0x08000abd   Thumb Code     6  stm32f4xx_rcc.o(.text)
    RCC_MCO1Config                           0x08000ac3   Thumb Code    18  stm32f4xx_rcc.o(.text)
    RCC_MCO2Config                           0x08000ad5   Thumb Code    18  stm32f4xx_rcc.o(.text)
    RCC_SYSCLKConfig                         0x08000ae7   Thumb Code    16  stm32f4xx_rcc.o(.text)
    RCC_GetSYSCLKSource                      0x08000af7   Thumb Code    12  stm32f4xx_rcc.o(.text)
    RCC_HCLKConfig                           0x08000b03   Thumb Code    16  stm32f4xx_rcc.o(.text)
    RCC_PCLK1Config                          0x08000b13   Thumb Code    16  stm32f4xx_rcc.o(.text)
    RCC_PCLK2Config                          0x08000b23   Thumb Code    18  stm32f4xx_rcc.o(.text)
    RCC_GetClocksFreq                        0x08000b35   Thumb Code   134  stm32f4xx_rcc.o(.text)
    RCC_RTCCLKConfig                         0x08000bbb   Thumb Code    42  stm32f4xx_rcc.o(.text)
    RCC_RTCCLKCmd                            0x08000be5   Thumb Code     8  stm32f4xx_rcc.o(.text)
    RCC_BackupResetCmd                       0x08000bed   Thumb Code     8  stm32f4xx_rcc.o(.text)
    RCC_I2SCLKConfig                         0x08000bf5   Thumb Code     8  stm32f4xx_rcc.o(.text)
    RCC_SAIPLLI2SClkDivConfig                0x08000bfd   Thumb Code    18  stm32f4xx_rcc.o(.text)
    RCC_SAIPLLSAIClkDivConfig                0x08000c0f   Thumb Code    24  stm32f4xx_rcc.o(.text)
    RCC_SAIBlockACLKConfig                   0x08000c27   Thumb Code    16  stm32f4xx_rcc.o(.text)
    RCC_SAIBlockBCLKConfig                   0x08000c37   Thumb Code    16  stm32f4xx_rcc.o(.text)
    RCC_LTDCCLKDivConfig                     0x08000c47   Thumb Code    16  stm32f4xx_rcc.o(.text)
    RCC_TIMCLKPresConfig                     0x08000c57   Thumb Code     8  stm32f4xx_rcc.o(.text)
    RCC_AHB1PeriphClockCmd                   0x08000c5f   Thumb Code    20  stm32f4xx_rcc.o(.text)
    RCC_AHB2PeriphClockCmd                   0x08000c73   Thumb Code    20  stm32f4xx_rcc.o(.text)
    RCC_AHB3PeriphClockCmd                   0x08000c87   Thumb Code    20  stm32f4xx_rcc.o(.text)
    RCC_APB1PeriphClockCmd                   0x08000c9b   Thumb Code    20  stm32f4xx_rcc.o(.text)
    RCC_APB2PeriphClockCmd                   0x08000caf   Thumb Code    20  stm32f4xx_rcc.o(.text)
    RCC_AHB1PeriphResetCmd                   0x08000cc3   Thumb Code    20  stm32f4xx_rcc.o(.text)
    RCC_AHB2PeriphResetCmd                   0x08000cd7   Thumb Code    20  stm32f4xx_rcc.o(.text)
    RCC_AHB3PeriphResetCmd                   0x08000ceb   Thumb Code    20  stm32f4xx_rcc.o(.text)
    RCC_APB1PeriphResetCmd                   0x08000cff   Thumb Code    20  stm32f4xx_rcc.o(.text)
    RCC_APB2PeriphResetCmd                   0x08000d13   Thumb Code    20  stm32f4xx_rcc.o(.text)
    RCC_AHB1PeriphClockLPModeCmd             0x08000d27   Thumb Code    20  stm32f4xx_rcc.o(.text)
    RCC_AHB2PeriphClockLPModeCmd             0x08000d3b   Thumb Code    20  stm32f4xx_rcc.o(.text)
    RCC_AHB3PeriphClockLPModeCmd             0x08000d4f   Thumb Code    20  stm32f4xx_rcc.o(.text)
    RCC_APB1PeriphClockLPModeCmd             0x08000d63   Thumb Code    64  stm32f4xx_rcc.o(.text)
    RCC_APB2PeriphClockLPModeCmd             0x08000da3   Thumb Code    18  stm32f4xx_rcc.o(.text)
    RCC_LSEModeConfig                        0x08000db5   Thumb Code    24  stm32f4xx_rcc.o(.text)
    RCC_ITConfig                             0x08000dcd   Thumb Code    20  stm32f4xx_rcc.o(.text)
    RCC_ClearFlag                            0x08000de1   Thumb Code    14  stm32f4xx_rcc.o(.text)
    RCC_GetITStatus                          0x08000def   Thumb Code    18  stm32f4xx_rcc.o(.text)
    RCC_ClearITPendingBit                    0x08000e01   Thumb Code     8  stm32f4xx_rcc.o(.text)
    SPI_I2S_DeInit                           0x08000e0d   Thumb Code   108  stm32f4xx_spi.o(.text)
    SPI_Init                                 0x08000e79   Thumb Code    56  stm32f4xx_spi.o(.text)
    I2S_Init                                 0x08000eb1   Thumb Code   198  stm32f4xx_spi.o(.text)
    SPI_StructInit                           0x08000f77   Thumb Code    24  stm32f4xx_spi.o(.text)
    I2S_StructInit                           0x08000f8f   Thumb Code    18  stm32f4xx_spi.o(.text)
    SPI_Cmd                                  0x08000fa1   Thumb Code    20  stm32f4xx_spi.o(.text)
    I2S_Cmd                                  0x08000fb5   Thumb Code    20  stm32f4xx_spi.o(.text)
    SPI_DataSizeConfig                       0x08000fc9   Thumb Code    16  stm32f4xx_spi.o(.text)
    SPI_BiDirectionalLineConfig              0x08000fd9   Thumb Code    22  stm32f4xx_spi.o(.text)
    SPI_NSSInternalSoftwareConfig            0x08000fef   Thumb Code    24  stm32f4xx_spi.o(.text)
    SPI_SSOutputCmd                          0x08001007   Thumb Code    20  stm32f4xx_spi.o(.text)
    SPI_TIModeCmd                            0x0800101b   Thumb Code    20  stm32f4xx_spi.o(.text)
    I2S_FullDuplexConfig                     0x0800102f   Thumb Code    58  stm32f4xx_spi.o(.text)
    SPI_I2S_ReceiveData                      0x08001069   Thumb Code     4  stm32f4xx_spi.o(.text)
    SPI_I2S_SendData                         0x0800106d   Thumb Code     4  stm32f4xx_spi.o(.text)
    SPI_CalculateCRC                         0x08001071   Thumb Code    20  stm32f4xx_spi.o(.text)
    SPI_TransmitCRC                          0x08001085   Thumb Code    10  stm32f4xx_spi.o(.text)
    SPI_GetCRC                               0x0800108f   Thumb Code    12  stm32f4xx_spi.o(.text)
    SPI_GetCRCPolynomial                     0x0800109b   Thumb Code     4  stm32f4xx_spi.o(.text)
    SPI_I2S_DMACmd                           0x0800109f   Thumb Code    16  stm32f4xx_spi.o(.text)
    SPI_I2S_ITConfig                         0x080010af   Thumb Code    24  stm32f4xx_spi.o(.text)
    SPI_I2S_GetFlagStatus                    0x080010c7   Thumb Code    14  stm32f4xx_spi.o(.text)
    SPI_I2S_ClearFlag                        0x080010d5   Thumb Code     6  stm32f4xx_spi.o(.text)
    SPI_I2S_GetITStatus                      0x080010db   Thumb Code    42  stm32f4xx_spi.o(.text)
    SPI_I2S_ClearITPendingBit                0x08001105   Thumb Code    14  stm32f4xx_spi.o(.text)
    TIM_DeInit                               0x08001139   Thumb Code   284  stm32f4xx_tim.o(.text)
    TIM_TimeBaseInit                         0x08001255   Thumb Code    96  stm32f4xx_tim.o(.text)
    TIM_TimeBaseStructInit                   0x080012b5   Thumb Code    18  stm32f4xx_tim.o(.text)
    TIM_PrescalerConfig                      0x080012c7   Thumb Code     6  stm32f4xx_tim.o(.text)
    TIM_CounterModeConfig                    0x080012cd   Thumb Code    12  stm32f4xx_tim.o(.text)
    TIM_SetCounter                           0x080012d9   Thumb Code     4  stm32f4xx_tim.o(.text)
    TIM_SetAutoreload                        0x080012dd   Thumb Code     4  stm32f4xx_tim.o(.text)
    TIM_GetCounter                           0x080012e1   Thumb Code     4  stm32f4xx_tim.o(.text)
    TIM_GetPrescaler                         0x080012e5   Thumb Code     4  stm32f4xx_tim.o(.text)
    TIM_UpdateDisableConfig                  0x080012e9   Thumb Code    20  stm32f4xx_tim.o(.text)
    TIM_UpdateRequestConfig                  0x080012fd   Thumb Code    20  stm32f4xx_tim.o(.text)
    TIM_ARRPreloadConfig                     0x08001311   Thumb Code    20  stm32f4xx_tim.o(.text)
    TIM_SelectOnePulseMode                   0x08001325   Thumb Code    16  stm32f4xx_tim.o(.text)
    TIM_SetClockDivision                     0x08001335   Thumb Code    16  stm32f4xx_tim.o(.text)
    TIM_Cmd                                  0x08001345   Thumb Code    20  stm32f4xx_tim.o(.text)
    TIM_OC1Init                              0x08001359   Thumb Code    88  stm32f4xx_tim.o(.text)
    TIM_OC2Init                              0x080013b1   Thumb Code   120  stm32f4xx_tim.o(.text)
    TIM_OC3Init                              0x08001429   Thumb Code   116  stm32f4xx_tim.o(.text)
    TIM_OC4Init                              0x0800149d   Thumb Code    88  stm32f4xx_tim.o(.text)
    TIM_OCStructInit                         0x080014f5   Thumb Code    20  stm32f4xx_tim.o(.text)
    TIM_SelectOCxM                           0x08001509   Thumb Code   130  stm32f4xx_tim.o(.text)
    TIM_SetCompare1                          0x0800158b   Thumb Code     4  stm32f4xx_tim.o(.text)
    TIM_SetCompare2                          0x0800158f   Thumb Code     4  stm32f4xx_tim.o(.text)
    TIM_SetCompare3                          0x08001593   Thumb Code     4  stm32f4xx_tim.o(.text)
    TIM_SetCompare4                          0x08001597   Thumb Code     4  stm32f4xx_tim.o(.text)
    TIM_ForcedOC1Config                      0x0800159b   Thumb Code    12  stm32f4xx_tim.o(.text)
    TIM_ForcedOC2Config                      0x080015a7   Thumb Code    20  stm32f4xx_tim.o(.text)
    TIM_ForcedOC3Config                      0x080015bb   Thumb Code    12  stm32f4xx_tim.o(.text)
    TIM_ForcedOC4Config                      0x080015c7   Thumb Code    20  stm32f4xx_tim.o(.text)
    TIM_OC1PreloadConfig                     0x080015db   Thumb Code    12  stm32f4xx_tim.o(.text)
    TIM_OC2PreloadConfig                     0x080015e7   Thumb Code    20  stm32f4xx_tim.o(.text)
    TIM_OC3PreloadConfig                     0x080015fb   Thumb Code    12  stm32f4xx_tim.o(.text)
    TIM_OC4PreloadConfig                     0x08001607   Thumb Code    20  stm32f4xx_tim.o(.text)
    TIM_OC1FastConfig                        0x0800161b   Thumb Code    12  stm32f4xx_tim.o(.text)
    TIM_OC2FastConfig                        0x08001627   Thumb Code    20  stm32f4xx_tim.o(.text)
    TIM_OC3FastConfig                        0x0800163b   Thumb Code    12  stm32f4xx_tim.o(.text)
    TIM_OC4FastConfig                        0x08001647   Thumb Code    20  stm32f4xx_tim.o(.text)
    TIM_ClearOC1Ref                          0x0800165b   Thumb Code    12  stm32f4xx_tim.o(.text)
    TIM_ClearOC2Ref                          0x08001667   Thumb Code    20  stm32f4xx_tim.o(.text)
    TIM_ClearOC3Ref                          0x0800167b   Thumb Code    12  stm32f4xx_tim.o(.text)
    TIM_ClearOC4Ref                          0x08001687   Thumb Code    20  stm32f4xx_tim.o(.text)
    TIM_OC1PolarityConfig                    0x0800169b   Thumb Code    12  stm32f4xx_tim.o(.text)
    TIM_OC1NPolarityConfig                   0x080016a7   Thumb Code    12  stm32f4xx_tim.o(.text)
    TIM_OC2PolarityConfig                    0x080016b3   Thumb Code    20  stm32f4xx_tim.o(.text)
    TIM_OC2NPolarityConfig                   0x080016c7   Thumb Code    20  stm32f4xx_tim.o(.text)
    TIM_OC3PolarityConfig                    0x080016db   Thumb Code    20  stm32f4xx_tim.o(.text)
    TIM_OC3NPolarityConfig                   0x080016ef   Thumb Code    20  stm32f4xx_tim.o(.text)
    TIM_OC4PolarityConfig                    0x08001703   Thumb Code    20  stm32f4xx_tim.o(.text)
    TIM_CCxCmd                               0x08001717   Thumb Code    22  stm32f4xx_tim.o(.text)
    TIM_CCxNCmd                              0x0800172d   Thumb Code    22  stm32f4xx_tim.o(.text)
    TIM_SetIC4Prescaler                      0x08001743   Thumb Code    24  stm32f4xx_tim.o(.text)
    TIM_SetIC3Prescaler                      0x0800175b   Thumb Code    16  stm32f4xx_tim.o(.text)
    TIM_SetIC2Prescaler                      0x0800176b   Thumb Code    24  stm32f4xx_tim.o(.text)
    TIM_SetIC1Prescaler                      0x080017b9   Thumb Code    16  stm32f4xx_tim.o(.text)
    TIM_ICInit                               0x080017c9   Thumb Code   164  stm32f4xx_tim.o(.text)
    TIM_ICStructInit                         0x0800186d   Thumb Code    16  stm32f4xx_tim.o(.text)
    TIM_PWMIConfig                           0x0800187d   Thumb Code   104  stm32f4xx_tim.o(.text)
    TIM_GetCapture1                          0x080018e5   Thumb Code     4  stm32f4xx_tim.o(.text)
    TIM_GetCapture2                          0x080018e9   Thumb Code     4  stm32f4xx_tim.o(.text)
    TIM_GetCapture3                          0x080018ed   Thumb Code     4  stm32f4xx_tim.o(.text)
    TIM_GetCapture4                          0x080018f1   Thumb Code     4  stm32f4xx_tim.o(.text)
    TIM_BDTRConfig                           0x080018f5   Thumb Code    34  stm32f4xx_tim.o(.text)
    TIM_BDTRStructInit                       0x08001917   Thumb Code    18  stm32f4xx_tim.o(.text)
    TIM_CtrlPWMOutputs                       0x08001929   Thumb Code    22  stm32f4xx_tim.o(.text)
    TIM_SelectCOM                            0x0800193f   Thumb Code    20  stm32f4xx_tim.o(.text)
    TIM_CCPreloadControl                     0x08001953   Thumb Code    20  stm32f4xx_tim.o(.text)
    TIM_ITConfig                             0x08001967   Thumb Code    16  stm32f4xx_tim.o(.text)
    TIM_GenerateEvent                        0x08001977   Thumb Code     4  stm32f4xx_tim.o(.text)
    TIM_GetFlagStatus                        0x0800197b   Thumb Code    14  stm32f4xx_tim.o(.text)
    TIM_ClearFlag                            0x08001989   Thumb Code     6  stm32f4xx_tim.o(.text)
    TIM_GetITStatus                          0x0800198f   Thumb Code    24  stm32f4xx_tim.o(.text)
    TIM_ClearITPendingBit                    0x080019a7   Thumb Code     6  stm32f4xx_tim.o(.text)
    TIM_DMAConfig                            0x080019ad   Thumb Code     8  stm32f4xx_tim.o(.text)
    TIM_DMACmd                               0x080019b5   Thumb Code    16  stm32f4xx_tim.o(.text)
    TIM_SelectCCDMA                          0x080019c5   Thumb Code    20  stm32f4xx_tim.o(.text)
    TIM_InternalClockConfig                  0x080019d9   Thumb Code    10  stm32f4xx_tim.o(.text)
    TIM_SelectInputTrigger                   0x080019e3   Thumb Code    12  stm32f4xx_tim.o(.text)
    TIM_ITRxExternalClockConfig              0x080019ef   Thumb Code    18  stm32f4xx_tim.o(.text)
    TIM_TIxExternalClockConfig               0x08001a01   Thumb Code    46  stm32f4xx_tim.o(.text)
    TIM_ETRConfig                            0x08001a2f   Thumb Code    24  stm32f4xx_tim.o(.text)
    TIM_ETRClockMode1Config                  0x08001a47   Thumb Code    18  stm32f4xx_tim.o(.text)
    TIM_ETRClockMode2Config                  0x08001a59   Thumb Code    18  stm32f4xx_tim.o(.text)
    TIM_SelectOutputTrigger                  0x08001a6b   Thumb Code    16  stm32f4xx_tim.o(.text)
    TIM_SelectSlaveMode                      0x08001a7b   Thumb Code    16  stm32f4xx_tim.o(.text)
    TIM_SelectMasterSlaveMode                0x08001a8b   Thumb Code    16  stm32f4xx_tim.o(.text)
    TIM_EncoderInterfaceConfig               0x08001a9b   Thumb Code    50  stm32f4xx_tim.o(.text)
    TIM_SelectHallSensor                     0x08001acd   Thumb Code    20  stm32f4xx_tim.o(.text)
    TIM_RemapConfig                          0x08001ae1   Thumb Code     6  stm32f4xx_tim.o(.text)
    USART_DeInit                             0x08001b15   Thumb Code   138  stm32f4xx_usart.o(.text)
    USART_Init                               0x08001b9f   Thumb Code   164  stm32f4xx_usart.o(.text)
    USART_StructInit                         0x08001c43   Thumb Code    22  stm32f4xx_usart.o(.text)
    USART_ClockInit                          0x08001c59   Thumb Code    28  stm32f4xx_usart.o(.text)
    USART_ClockStructInit                    0x08001c75   Thumb Code    12  stm32f4xx_usart.o(.text)
    USART_Cmd                                0x08001c81   Thumb Code    20  stm32f4xx_usart.o(.text)
    USART_SetPrescaler                       0x08001c95   Thumb Code    16  stm32f4xx_usart.o(.text)
    USART_OverSampling8Cmd                   0x08001ca5   Thumb Code    20  stm32f4xx_usart.o(.text)
    USART_OneBitMethodCmd                    0x08001cb9   Thumb Code    20  stm32f4xx_usart.o(.text)
    USART_SendData                           0x08001ccd   Thumb Code     8  stm32f4xx_usart.o(.text)
    USART_ReceiveData                        0x08001cd5   Thumb Code     8  stm32f4xx_usart.o(.text)
    USART_SetAddress                         0x08001cdd   Thumb Code    16  stm32f4xx_usart.o(.text)
    USART_ReceiverWakeUpCmd                  0x08001ced   Thumb Code    20  stm32f4xx_usart.o(.text)
    USART_WakeUpConfig                       0x08001d01   Thumb Code    16  stm32f4xx_usart.o(.text)
    USART_LINBreakDetectLengthConfig         0x08001d11   Thumb Code    16  stm32f4xx_usart.o(.text)
    USART_LINCmd                             0x08001d21   Thumb Code    20  stm32f4xx_usart.o(.text)
    USART_SendBreak                          0x08001d35   Thumb Code    10  stm32f4xx_usart.o(.text)
    USART_HalfDuplexCmd                      0x08001d3f   Thumb Code    20  stm32f4xx_usart.o(.text)
    USART_SetGuardTime                       0x08001d53   Thumb Code    16  stm32f4xx_usart.o(.text)
    USART_SmartCardCmd                       0x08001d63   Thumb Code    20  stm32f4xx_usart.o(.text)
    USART_SmartCardNACKCmd                   0x08001d77   Thumb Code    20  stm32f4xx_usart.o(.text)
    USART_IrDAConfig                         0x08001d8b   Thumb Code    16  stm32f4xx_usart.o(.text)
    USART_IrDACmd                            0x08001d9b   Thumb Code    20  stm32f4xx_usart.o(.text)
    USART_DMACmd                             0x08001daf   Thumb Code    16  stm32f4xx_usart.o(.text)
    USART_ITConfig                           0x08001dbf   Thumb Code    48  stm32f4xx_usart.o(.text)
    USART_GetFlagStatus                      0x08001def   Thumb Code    14  stm32f4xx_usart.o(.text)
    USART_ClearFlag                          0x08001dfd   Thumb Code     6  stm32f4xx_usart.o(.text)
    USART_GetITStatus                        0x08001e03   Thumb Code    62  stm32f4xx_usart.o(.text)
    USART_ClearITPendingBit                  0x08001e41   Thumb Code    12  stm32f4xx_usart.o(.text)
    USBH_Set_Report                          0x08002069   Thumb Code    36  usbh_hid_core.o(.text)
    USBH_HID_SendVendorCommand               0x08002889   Thumb Code    20  usbh_hid_core.o(.text)
    USBH_HID_GetVendorData                   0x0800289d   Thumb Code   744  usbh_hid_core.o(.text)
    USBH_Open_Channel                        0x08002bb5   Thumb Code    84  usbh_hcs.o(.text)
    USBH_Modify_Channel                      0x08002c09   Thumb Code    50  usbh_hcs.o(.text)
    USBH_Alloc_Channel                       0x08002c3b   Thumb Code    54  usbh_hcs.o(.text)
    USBH_Free_Channel                        0x08002c71   Thumb Code    24  usbh_hcs.o(.text)
    USBH_DeAllocate_AllChannel               0x08002c89   Thumb Code    24  usbh_hcs.o(.text)
    USBH_CtlReq                              0x08002ca1   Thumb Code    70  usbh_ioreq.o(.text)
    USBH_CtlSendSetup                        0x08002ce7   Thumb Code    38  usbh_ioreq.o(.text)
    USBH_CtlSendData                         0x08002d0d   Thumb Code    54  usbh_ioreq.o(.text)
    USBH_CtlReceiveData                      0x08002d43   Thumb Code    32  usbh_ioreq.o(.text)
    USBH_BulkSendData                        0x08002d63   Thumb Code    40  usbh_ioreq.o(.text)
    USBH_BulkReceiveData                     0x08002d8b   Thumb Code    38  usbh_ioreq.o(.text)
    USBH_InterruptReceiveData                0x08002db1   Thumb Code    50  usbh_ioreq.o(.text)
    USBH_InterruptSendData                   0x08002de3   Thumb Code    48  usbh_ioreq.o(.text)
    USBH_IsocReceiveData                     0x08002e13   Thumb Code    32  usbh_ioreq.o(.text)
    USBH_IsocSendData                        0x08002e33   Thumb Code    32  usbh_ioreq.o(.text)
    USBH_GetDescriptor                       0x08002e55   Thumb Code    48  usbh_stdreq.o(.text)
    USBH_Get_DevDesc                         0x08002e85   Thumb Code   156  usbh_stdreq.o(.text)
    USBH_GetNextDesc                         0x08002f21   Thumb Code    14  usbh_stdreq.o(.text)
    USBH_ParseCfgDesc                        0x08002f2f   Thumb Code   288  usbh_stdreq.o(.text)
    USBH_Get_CfgDesc                         0x0800304f   Thumb Code    90  usbh_stdreq.o(.text)
    USBH_Get_StringDesc                      0x080030a9   Thumb Code    72  usbh_stdreq.o(.text)
    USBH_SetAddress                          0x080030f1   Thumb Code    24  usbh_stdreq.o(.text)
    USBH_SetCfg                              0x08003109   Thumb Code    24  usbh_stdreq.o(.text)
    USBH_SetInterface                        0x08003121   Thumb Code    26  usbh_stdreq.o(.text)
    USBH_SetDeviceFeature                    0x0800313b   Thumb Code    26  usbh_stdreq.o(.text)
    USBH_ClearDeviceFeature                  0x08003155   Thumb Code    26  usbh_stdreq.o(.text)
    USBH_ClrFeature                          0x0800316f   Thumb Code    46  usbh_stdreq.o(.text)
    USBH_OTG_ISR_Handler                     0x08003f9b   Thumb Code   168  usb_hcd_int.o(.text)
    USBH_Connected                           0x08004049   Thumb Code    10  usbh_core.o(.text)
    USBH_PortEnabled                         0x08004053   Thumb Code    10  usbh_core.o(.text)
    USBH_PortDisabled                        0x0800405d   Thumb Code    10  usbh_core.o(.text)
    USBH_Disconnected                        0x08004067   Thumb Code    36  usbh_core.o(.text)
    USBH_SOF                                 0x0800408b   Thumb Code     4  usbh_core.o(.text)
    USBH_DeInit                              0x0800408f   Thumb Code    52  usbh_core.o(.text)
    USBH_Init                                0x080040c3   Thumb Code    60  usbh_core.o(.text)
    USBH_HandleControl                       0x080040ff   Thumb Code   458  usbh_core.o(.text)
    USBH_ErrorHandle                         0x080042c9   Thumb Code    44  usbh_core.o(.text)
    USBH_Process                             0x0800448b   Thumb Code   444  usbh_core.o(.text)
    USB_OTG_BSP_Resume                       0x08004647   Thumb Code    64  usbh_core.o(.text)
    USB_OTG_BSP_Suspend                      0x08004687   Thumb Code    40  usbh_core.o(.text)
    HCD_Init                                 0x080046b9   Thumb Code    86  usb_hcd.o(.text)
    HCD_GetCurrentSpeed                      0x0800470f   Thumb Code    12  usb_hcd.o(.text)
    HCD_ResetPort                            0x0800471b   Thumb Code    10  usb_hcd.o(.text)
    HCD_IsDeviceConnected                    0x08004725   Thumb Code     6  usb_hcd.o(.text)
    HCD_IsPortEnabled                        0x0800472b   Thumb Code     6  usb_hcd.o(.text)
    HCD_GetCurrentFrame                      0x08004731   Thumb Code     8  usb_hcd.o(.text)
    HCD_GetURB_State                         0x08004739   Thumb Code     8  usb_hcd.o(.text)
    HCD_GetXferCnt                           0x08004741   Thumb Code    10  usb_hcd.o(.text)
    HCD_GetHCState                           0x0800474b   Thumb Code     8  usb_hcd.o(.text)
    HCD_HC_Init                              0x08004753   Thumb Code     4  usb_hcd.o(.text)
    HCD_SubmitRequest                        0x08004757   Thumb Code    20  usb_hcd.o(.text)
    USB_OTG_WritePacket                      0x080047c1   Thumb Code    40  usb_core.o(.text)
    USB_OTG_ReadPacket                       0x080047e9   Thumb Code    32  usb_core.o(.text)
    USB_OTG_SelectCore                       0x08004809   Thumb Code   188  usb_core.o(.text)
    USB_OTG_CoreInit                         0x080048c5   Thumb Code   128  usb_core.o(.text)
    USB_OTG_EnableGlobalInt                  0x08004945   Thumb Code    16  usb_core.o(.text)
    USB_OTG_DisableGlobalInt                 0x08004955   Thumb Code    16  usb_core.o(.text)
    USB_OTG_FlushTxFifo                      0x08004965   Thumb Code    60  usb_core.o(.text)
    USB_OTG_FlushRxFifo                      0x080049a1   Thumb Code    52  usb_core.o(.text)
    USB_OTG_SetCurrentMode                   0x080049d5   Thumb Code    42  usb_core.o(.text)
    USB_OTG_GetMode                          0x080049ff   Thumb Code    10  usb_core.o(.text)
    USB_OTG_IsDeviceMode                     0x08004a09   Thumb Code    18  usb_core.o(.text)
    USB_OTG_IsHostMode                       0x08004a1b   Thumb Code    14  usb_core.o(.text)
    USB_OTG_ReadCoreItr                      0x08004a29   Thumb Code    10  usb_core.o(.text)
    USB_OTG_ReadOtgItr                       0x08004a33   Thumb Code     6  usb_core.o(.text)
    USB_OTG_EnableHostInt                    0x08004a39   Thumb Code    68  usb_core.o(.text)
    USB_OTG_ReadHPRT0                        0x08004a7d   Thumb Code    12  usb_core.o(.text)
    USB_OTG_DriveVbus                        0x08004a89   Thumb Code    58  usb_core.o(.text)
    USB_OTG_ResetPort                        0x08004ac3   Thumb Code    42  usb_core.o(.text)
    USB_OTG_InitFSLSPClkSel                  0x08004aed   Thumb Code    12  usb_core.o(.text)
    USB_OTG_CoreInitHost                     0x08004af9   Thumb Code   186  usb_core.o(.text)
    USB_OTG_IsEvenFrame                      0x08004bb3   Thumb Code    12  usb_core.o(.text)
    USB_OTG_ReadHostAllChannels_intr         0x08004bbf   Thumb Code     6  usb_core.o(.text)
    USB_OTG_HC_Init                          0x08004bc5   Thumb Code   236  usb_core.o(.text)
    USB_OTG_HC_StartXfer                     0x08004cb1   Thumb Code   258  usb_core.o(.text)
    USB_OTG_HC_Halt                          0x08004db3   Thumb Code    72  usb_core.o(.text)
    USB_OTG_HC_DoPing                        0x08004dfb   Thumb Code    42  usb_core.o(.text)
    USB_OTG_StopHost                         0x08004e25   Thumb Code    64  usb_core.o(.text)
    OTG_FS_IRQHandler                        0x08004e65   Thumb Code     6  usb_bsp.o(.text)
    USB_OTG_BSP_Init                         0x08004e6b   Thumb Code    78  usb_bsp.o(.text)
    USB_OTG_BSP_EnableInterrupt              0x08004eb9   Thumb Code    32  usb_bsp.o(.text)
    USB_OTG_BSP_DisableInterrupt             0x08004ed9   Thumb Code     2  usb_bsp.o(.text)
    USB_OTG_BSP_DriveVBUS                    0x08004edb   Thumb Code     2  usb_bsp.o(.text)
    USB_OTG_BSP_ConfigVBUS                   0x08004edd   Thumb Code     2  usb_bsp.o(.text)
    USB_OTG_BSP_uDelay                       0x08004edf   Thumb Code    14  usb_bsp.o(.text)
    USB_OTG_BSP_mDelay                       0x08004eed   Thumb Code     8  usb_bsp.o(.text)
    USBH_USR_Init                            0x08004efd   Thumb Code    18  usbh_usr.o(.text)
    USBH_USR_DeviceAttached                  0x08004f0f   Thumb Code     6  usbh_usr.o(.text)
    USBH_USR_UnrecoveredError                0x08004f15   Thumb Code     6  usbh_usr.o(.text)
    USBH_USR_DeviceDisconnected              0x08004f1b   Thumb Code    16  usbh_usr.o(.text)
    USBH_USR_ResetDevice                     0x08004f2b   Thumb Code     6  usbh_usr.o(.text)
    USBH_USR_DeviceSpeedDetected             0x08004f31   Thumb Code    28  usbh_usr.o(.text)
    USBH_USR_Device_DescAvailable            0x08004f4d   Thumb Code    24  usbh_usr.o(.text)
    USBH_USR_DeviceAddressAssigned           0x08004f65   Thumb Code     6  usbh_usr.o(.text)
    USBH_USR_Configuration_DescAvailable     0x08004f6b   Thumb Code    24  usbh_usr.o(.text)
    USBH_USR_Manufacturer_String             0x08004f83   Thumb Code     8  usbh_usr.o(.text)
    USBH_USR_Product_String                  0x08004f8b   Thumb Code     8  usbh_usr.o(.text)
    USBH_USR_SerialNum_String                0x08004f93   Thumb Code     8  usbh_usr.o(.text)
    USBH_USR_EnumerationDone                 0x08004f9b   Thumb Code     6  usbh_usr.o(.text)
    USBH_USR_DeviceNotSupported              0x08004fa1   Thumb Code     6  usbh_usr.o(.text)
    USBH_USR_UserInput                       0x08004fa7   Thumb Code    16  usbh_usr.o(.text)
    USBH_USR_OverCurrentDetected             0x08004fb7   Thumb Code     6  usbh_usr.o(.text)
    USR_MOUSE_Init                           0x08004fbd   Thumb Code     6  usbh_usr.o(.text)
    USR_MOUSE_ProcessData                    0x08004fc3   Thumb Code     2  usbh_usr.o(.text)
    USR_KEYBRD_Init                          0x08004fc5   Thumb Code    18  usbh_usr.o(.text)
    USR_KEYBRD_ProcessData                   0x08004fd7   Thumb Code    22  usbh_usr.o(.text)
    USBH_USR_DeInit                          0x08004fed   Thumb Code     6  usbh_usr.o(.text)
    USR_GAMEPAD_Init                         0x08004ff3   Thumb Code     6  usbh_usr.o(.text)
    USR_GAMEPAD_ProcessData                  0x08004ff9   Thumb Code     2  usbh_usr.o(.text)
    fputc                                    0x080052ad   Thumb Code    30  usart.o(.text)
    fgetc                                    0x080052cb   Thumb Code    26  usart.o(.text)
    UART1_Init                               0x080052e5   Thumb Code   162  usart.o(.text)
    uart1_send_byte                          0x08005387   Thumb Code    26  usart.o(.text)
    uart1_send_str                           0x080053a1   Thumb Code    20  usart.o(.text)
    USART1_IRQHandler                        0x080053b5   Thumb Code   164  usart.o(.text)
    UART2_Init                               0x08005459   Thumb Code   158  usart.o(.text)
    uart2_send_byte                          0x080054f7   Thumb Code    26  usart.o(.text)
    uart2_send_str                           0x08005511   Thumb Code    20  usart.o(.text)
    USART2_IRQHandler                        0x08005525   Thumb Code   158  usart.o(.text)
    USART3_Init                              0x080055c3   Thumb Code   168  usart.o(.text)
    uart3_send_str                           0x0800566b   Thumb Code   138  usart.o(.text)
    USART3_IRQHandler                        0x080056f5   Thumb Code   158  usart.o(.text)
    UART4_Init                               0x08005793   Thumb Code   160  usart.o(.text)
    uart4_send_byte                          0x08005833   Thumb Code    26  usart.o(.text)
    uart4_send_str                           0x0800584d   Thumb Code    20  usart.o(.text)
    UART4_IRQHandler                         0x08005861   Thumb Code   158  usart.o(.text)
    SBUS_Init                                0x080058ff   Thumb Code   164  usart.o(.text)
    UART5_IRQHandler                         0x080059a3   Thumb Code   288  usart.o(.text)
    USART6_Init                              0x08005ac3   Thumb Code   282  usart.o(.text)
    uart6_send_str                           0x08005bdd   Thumb Code    92  usart.o(.text)
    USART6_IRQHandler                        0x08005c39   Thumb Code   152  usart.o(.text)
    KEY_Init                                 0x08005cf9   Thumb Code    68  gpio_int.o(.text)
    KEY_Scan                                 0x08005d3d   Thumb Code    80  gpio_int.o(.text)
    TRACK_IR4_Init                           0x08005d8d   Thumb Code    78  gpio_int.o(.text)
    ultrasonic_sensor_init                   0x08005ddb   Thumb Code   122  gpio_int.o(.text)
    sensor_sr_ultrasonic_read                0x08005e55   Thumb Code   178  gpio_int.o(.text)
    BEEP_Init                                0x08005f07   Thumb Code    58  gpio_int.o(.text)
    beep_on_times                            0x08005f41   Thumb Code    54  gpio_int.o(.text)
    LED_Init                                 0x08005f77   Thumb Code    58  gpio_int.o(.text)
    LED1_On                                  0x08005fb1   Thumb Code    10  gpio_int.o(.text)
    LED1_Off                                 0x08005fbb   Thumb Code    10  gpio_int.o(.text)
    LED1_Turn                                0x08005fc5   Thumb Code    26  gpio_int.o(.text)
    LED7_On                                  0x08005fdf   Thumb Code    10  gpio_int.o(.text)
    LED7_Off                                 0x08005fe9   Thumb Code    10  gpio_int.o(.text)
    LED7_Turn                                0x08005ff3   Thumb Code    26  gpio_int.o(.text)
    SysTickConfig                            0x08006025   Thumb Code    60  sys.o(.text)
    Delay_us                                 0x08006061   Thumb Code    20  sys.o(.text)
    Delay_ms                                 0x08006075   Thumb Code    28  sys.o(.text)
    millis                                   0x08006091   Thumb Code     6  sys.o(.text)
    SysTick_Handler                          0x08006097   Thumb Code    16  sys.o(.text)
    MOTOR_AB_Init                            0x080060d1   Thumb Code   236  drive_motor.o(.text)
    MOTOR_CD_Init                            0x080061bd   Thumb Code   340  drive_motor.o(.text)
    ENCODER_A_Init                           0x08006311   Thumb Code   212  drive_motor.o(.text)
    ENCODER_A_GetCounter                     0x080063e5   Thumb Code    10  drive_motor.o(.text)
    ENCODER_A_SetCounter                     0x080063ef   Thumb Code     8  drive_motor.o(.text)
    ENCODER_B_Init                           0x080063f7   Thumb Code   168  drive_motor.o(.text)
    ENCODER_B_GetCounter                     0x0800649f   Thumb Code    10  drive_motor.o(.text)
    ENCODER_B_SetCounter                     0x080064a9   Thumb Code     8  drive_motor.o(.text)
    ENCODER_C_Init                           0x080064b1   Thumb Code   202  drive_motor.o(.text)
    ENCODER_C_GetCounter                     0x0800657b   Thumb Code    10  drive_motor.o(.text)
    ENCODER_C_SetCounter                     0x08006585   Thumb Code     8  drive_motor.o(.text)
    ENCODER_D_Init                           0x0800658d   Thumb Code   164  drive_motor.o(.text)
    ENCODER_D_GetCounter                     0x08006631   Thumb Code    10  drive_motor.o(.text)
    ENCODER_D_SetCounter                     0x0800663b   Thumb Code     8  drive_motor.o(.text)
    TIM_IsEnabledIT_UPDATE                   0x08006643   Thumb Code     8  drive_motor.o(.text)
    TIM_IsActiveFlag_UPDATE                  0x0800664b   Thumb Code     8  drive_motor.o(.text)
    TIM_GetDirection                         0x08006653   Thumb Code     8  drive_motor.o(.text)
    SPEED_PidCtlA                            0x08006669   Thumb Code   182  motor.o(.text)
    SPEED_PidCtlB                            0x0800671f   Thumb Code   182  motor.o(.text)
    SPEED_PidCtlC                            0x080067d5   Thumb Code   182  motor.o(.text)
    SPEED_PidCtlD                            0x0800688b   Thumb Code   182  motor.o(.text)
    MOTOR_A_SetSpeed                         0x08006941   Thumb Code    72  motor.o(.text)
    MOTOR_B_SetSpeed                         0x08006989   Thumb Code    72  motor.o(.text)
    MOTOR_D_SetSpeed                         0x080069d1   Thumb Code    72  motor.o(.text)
    MOTOR_C_SetSpeed                         0x08006a19   Thumb Code   128  motor.o(.text)
    MOTORS_AllRunCircle                      0x08006a99   Thumb Code   660  motor.o(.text)
    MOTOR_A_RunCircle                        0x08006d2d   Thumb Code   134  motor.o(.text)
    MOTOR_B_RunCircle                        0x08006db3   Thumb Code   130  motor.o(.text)
    MOTOR_C_RunCircle                        0x08006e35   Thumb Code   132  motor.o(.text)
    MOTOR_D_RunCircle                        0x08006eb9   Thumb Code   140  motor.o(.text)
    Calculate_Motor_A_RPM                    0x08006f45   Thumb Code   106  motor.o(.text)
    Calculate_Motor_B_RPM                    0x08006faf   Thumb Code   106  motor.o(.text)
    Calculate_Motor_C_RPM                    0x08007019   Thumb Code   106  motor.o(.text)
    Calculate_Motor_D_RPM                    0x08007083   Thumb Code   106  motor.o(.text)
    MOTOR_A_SpeedControl                     0x080070ed   Thumb Code    52  motor.o(.text)
    MOTOR_B_SpeedControl                     0x08007121   Thumb Code    52  motor.o(.text)
    MOTOR_C_SpeedControl                     0x08007155   Thumb Code    52  motor.o(.text)
    MOTOR_D_SpeedControl                     0x08007189   Thumb Code    52  motor.o(.text)
    SpiWriteRead                             0x080071d9   Thumb Code    76  w25q64.o(.text)
    SpiFlashRead                             0x08007225   Thumb Code    90  w25q64.o(.text)
    spi_set_speed                            0x0800727f   Thumb Code    26  w25q64.o(.text)
    SpiFlashInit                             0x08007299   Thumb Code   190  w25q64.o(.text)
    setup_w25q64                             0x08007357   Thumb Code   132  w25q64.o(.text)
    ws_delay_us                              0x080073db   Thumb Code    18  w25q64.o(.text)
    SpiFlashReadID                           0x080073ed   Thumb Code    76  w25q64.o(.text)
    SpiFlashReadSR                           0x08007439   Thumb Code    46  w25q64.o(.text)
    SpiFlashWriteSR                          0x08007467   Thumb Code    46  w25q64.o(.text)
    SpiFlashWriteEnable                      0x08007495   Thumb Code    38  w25q64.o(.text)
    SpiFlashWriteDisable                     0x080074bb   Thumb Code    38  w25q64.o(.text)
    SpiFlashReadChar                         0x080074e1   Thumb Code    74  w25q64.o(.text)
    SpiFlashWaitBusy                         0x0800752b   Thumb Code    12  w25q64.o(.text)
    SpiFlashWritePage                        0x08007537   Thumb Code   106  w25q64.o(.text)
    SpiFlashWriteNoCheck                     0x080075a1   Thumb Code   108  w25q64.o(.text)
    SpiFlashEraseSector                      0x0800760d   Thumb Code    72  w25q64.o(.text)
    SpiFlashWriteS                           0x08007655   Thumb Code   152  w25q64.o(.text)
    SpiFlashWriteSector                      0x080076ed   Thumb Code    16  w25q64.o(.text)
    SpiFlashWrite                            0x080076fd   Thumb Code   166  w25q64.o(.text)
    SpiFlashWriteChar                        0x080077a3   Thumb Code    86  w25q64.o(.text)
    SpiFlashEraseChip                        0x080077f9   Thumb Code    48  w25q64.o(.text)
    SpiFlashPowerDown                        0x08007829   Thumb Code    42  w25q64.o(.text)
    SpiFlashWakeUp                           0x08007853   Thumb Code    42  w25q64.o(.text)
    SERVO_Init                               0x080078a1   Thumb Code   162  servo.o(.text)
    servo_pin_set                            0x08007943   Thumb Code    76  servo.o(.text)
    duoji_doing_set                          0x0800798f   Thumb Code   404  servo.o(.text)
    servo_inc_offset                         0x08007b23   Thumb Code   142  servo.o(.text)
    TIM14_Int_Init                           0x08007bb1   Thumb Code    96  servo.o(.text)
    TIM8_TRG_COM_TIM14_IRQHandler            0x08007c11   Thumb Code   142  servo.o(.text)
    I2C_WriteByte                            0x08007d4d   Thumb Code    86  oled.o(.text)
    OLED_Write_Dat                           0x08007da3   Thumb Code     6  oled.o(.text)
    OLED_Write_Cmd                           0x08007da9   Thumb Code     6  oled.o(.text)
    OLED_ON                                  0x08007daf   Thumb Code    22  oled.o(.text)
    OLED_OFF                                 0x08007dc5   Thumb Code    22  oled.o(.text)
    OLED_Set_Pos                             0x08007ddb   Thumb Code    36  oled.o(.text)
    OLED_Fill                                0x08007dff   Thumb Code    54  oled.o(.text)
    OLED_CLS                                 0x08007e35   Thumb Code     4  oled.o(.text)
    OLED_Init                                0x08007e39   Thumb Code   248  oled.o(.text)
    OLED_P6x8Str                             0x08007f31   Thumb Code    88  oled.o(.text)
    OLED_P8x16Str                            0x08007f89   Thumb Code   122  oled.o(.text)
    OLED_ShowStr                             0x08008003   Thumb Code   230  oled.o(.text)
    OLED_P16x16Ch                            0x080080e9   Thumb Code    66  oled.o(.text)
    OLED_ShowColorFont                       0x0800812b   Thumb Code    74  oled.o(.text)
    OLED_DrawBMP                             0x08008175   Thumb Code    66  oled.o(.text)
    OLED_TEST                                0x080081b7   Thumb Code    28  oled.o(.text)
    IIC_Init                                 0x08008231   Thumb Code    54  myiic.o(.text)
    IIC_Start                                0x08008267   Thumb Code    56  myiic.o(.text)
    IIC_Stop                                 0x0800829f   Thumb Code    58  myiic.o(.text)
    IIC_Wait_Ack                             0x080082d9   Thumb Code    74  myiic.o(.text)
    IIC_Ack                                  0x08008323   Thumb Code    56  myiic.o(.text)
    IIC_NAck                                 0x0800835b   Thumb Code    56  myiic.o(.text)
    IIC_Send_Byte                            0x08008393   Thumb Code    80  myiic.o(.text)
    IIC_Read_Byte                            0x080083e3   Thumb Code    98  myiic.o(.text)
    QMI8658A_Init                            0x0800848b   Thumb Code   154  qmi8658a.o(.text)
    QMI8658A_GetAllData                      0x0800858b   Thumb Code   488  qmi8658a.o(.text)
    Get_Gyr_Z                                0x08008773   Thumb Code    92  qmi8658a.o(.text)
    BatteryVoltage_Init                      0x080087e5   Thumb Code   130  adc.o(.text)
    BatteryVoltage_GetRawAD                  0x08008867   Thumb Code    32  adc.o(.text)
    BatteryVoltage_GetVol_X100               0x08008887   Thumb Code    50  adc.o(.text)
    MotorCurrent_Init                        0x080088b9   Thumb Code   132  adc.o(.text)
    MotorCurrent_PA2_GetRawAD                0x08008969   Thumb Code     4  adc.o(.text)
    MotorCurrent_PA2_GetCurrent_X100         0x0800896d   Thumb Code    42  adc.o(.text)
    MotorCurrent_PA3_GetRawAD                0x08008997   Thumb Code     4  adc.o(.text)
    MotorCurrent_PA3_GetCurrent_X100         0x0800899b   Thumb Code    42  adc.o(.text)
    MotorCurrent_PA4_GetRawAD                0x080089c5   Thumb Code     4  adc.o(.text)
    MotorCurrent_PA4_GetCurrent_X100         0x080089c9   Thumb Code    42  adc.o(.text)
    MotorCurrent_PC1_GetRawAD                0x080089f3   Thumb Code     4  adc.o(.text)
    MotorCurrent_PC1_GetCurrent_X100         0x080089f7   Thumb Code    42  adc.o(.text)
    PID_Reset                                0x08008a41   Thumb Code    38  pid.o(.text)
    PID_Init                                 0x08008a67   Thumb Code    16  pid.o(.text)
    PID_SetTarget                            0x08008a77   Thumb Code    10  pid.o(.text)
    PID_Compute                              0x08008a81   Thumb Code   184  pid.o(.text)
    kalman_update                            0x08008b3d   Thumb Code    66  kalmanfilter.o(.text)
    Reduce_error                             0x08008b7f   Thumb Code   132  kalmanfilter.o(.text)
    Update_Angle_Z                           0x08008c03   Thumb Code   144  kalmanfilter.o(.text)
    ROBOT_Kinematics                         0x08008cb9   Thumb Code   852  kinematics.o(.text)
    ROBOT_Stop                               0x0800900d   Thumb Code    30  kinematics.o(.text)
    setup_kinematics                         0x0800902b   Thumb Code    38  kinematics.o(.text)
    kinematics_analysis                      0x08009051   Thumb Code   974  kinematics.o(.text)
    Robot_Task                               0x08009451   Thumb Code     4  robot.o(.text)
    Bat_Task                                 0x08009455   Thumb Code   104  robot.o(.text)
    Key_Task                                 0x080094bd   Thumb Code     2  robot.o(.text)
    main                                     0x080094c9   Thumb Code   118  main.o(.text)
    Timer_Task_Count                         0x0800954d   Thumb Code    38  task_manager.o(.text)
    Execute_Task_List_RUN                    0x08009573   Thumb Code    44  task_manager.o(.text)
    HFPeriod_1msTask                         0x0800959f   Thumb Code    80  task_manager.o(.text)
    IMU_Get_Data                             0x080095ef   Thumb Code    80  task_manager.o(.text)
    task_send_Rece                           0x0800963f   Thumb Code     4  task_manager.o(.text)
    Robot_Control                            0x08009643   Thumb Code     4  task_manager.o(.text)
    KEY_RUN                                  0x08009647   Thumb Code    28  task_manager.o(.text)
    Task_LED                                 0x08009663   Thumb Code     8  task_manager.o(.text)
    Task_Manage_List_Init                    0x0800966b   Thumb Code    82  task_manager.o(.text)
    combine_bytes                            0x080096f5   Thumb Code    16  app_ps2.o(.text)
    app_ps2                                  0x08009705   Thumb Code   894  app_ps2.o(.text)
    soft_reset                               0x08009ad1   Thumb Code    36  global.o(.text)
    str_contain_str                          0x08009af5   Thumb Code    64  global.o(.text)
    rewrite_eeprom                           0x08009b35   Thumb Code    24  global.o(.text)
    zx_uart_send_str                         0x08009b4d   Thumb Code    48  global.o(.text)
    parse_action                             0x08009b7d   Thumb Code   668  global.o(.text)
    kinematics_move                          0x08009e19   Thumb Code   238  global.o(.text)
    getMaxTime                               0x08009f07   Thumb Code    80  global.o(.text)
    do_group_once                            0x08009f57   Thumb Code    44  global.o(.text)
    int_exchange                             0x08009f83   Thumb Code    10  global.o(.text)
    print_group                              0x08009f8d   Thumb Code    62  global.o(.text)
    parse_cmd                                0x08009fcb   Thumb Code  1386  global.o(.text)
    others_init                              0x0800a535   Thumb Code   156  global.o(.text)
    selection_sort                           0x0800a5d1   Thumb Code    64  global.o(.text)
    abs_int                                  0x0800a611   Thumb Code     8  global.o(.text)
    abs_float                                0x0800a619   Thumb Code    16  global.o(.text)
    replace_char                             0x0800a629   Thumb Code    18  global.o(.text)
    save_action                              0x0800a63b   Thumb Code   226  global.o(.text)
    loop_action                              0x0800a71d   Thumb Code   120  global.o(.text)
    get_action_index                         0x0800a795   Thumb Code    56  global.o(.text)
    set_servo                                0x0800a7cd   Thumb Code   418  global.o(.text)
    __aeabi_memcpy                           0x0800a989   Thumb Code    36  memcpya.o(.text)
    __aeabi_memcpy4                          0x0800a989   Thumb Code     0  memcpya.o(.text)
    __aeabi_memcpy8                          0x0800a989   Thumb Code     0  memcpya.o(.text)
    __aeabi_memset                           0x0800a9ad   Thumb Code    14  memseta.o(.text)
    __aeabi_memset4                          0x0800a9ad   Thumb Code     0  memseta.o(.text)
    __aeabi_memset8                          0x0800a9ad   Thumb Code     0  memseta.o(.text)
    __aeabi_memclr                           0x0800a9bb   Thumb Code     4  memseta.o(.text)
    __aeabi_memclr4                          0x0800a9bb   Thumb Code     0  memseta.o(.text)
    __aeabi_memclr8                          0x0800a9bb   Thumb Code     0  memseta.o(.text)
    _memset$wrapper                          0x0800a9bf   Thumb Code    18  memseta.o(.text)
    strlen                                   0x0800a9d1   Thumb Code    14  strlen.o(.text)
    strcpy                                   0x0800a9df   Thumb Code    18  strcpy.o(.text)
    __0sscanf                                0x0800a9f1   Thumb Code    48  __0sscanf.o(.text)
    _scanf_int                               0x0800aa29   Thumb Code   332  _scanf_int.o(.text)
    _scanf_real                              0x0800ac9d   Thumb Code     0  scanf_fp.o(.text)
    _scanf_really_real                       0x0800ac9d   Thumb Code   556  scanf_fp.o(.text)
    __aeabi_dadd                             0x0800aed5   Thumb Code   322  dadd.o(.text)
    __aeabi_dsub                             0x0800b017   Thumb Code     6  dadd.o(.text)
    __aeabi_drsub                            0x0800b01d   Thumb Code     6  dadd.o(.text)
    __aeabi_dmul                             0x0800b023   Thumb Code   228  dmul.o(.text)
    __aeabi_ddiv                             0x0800b107   Thumb Code   222  ddiv.o(.text)
    __aeabi_i2d                              0x0800b1e5   Thumb Code    34  dflti.o(.text)
    __aeabi_ui2d                             0x0800b207   Thumb Code    26  dfltui.o(.text)
    __aeabi_d2iz                             0x0800b221   Thumb Code    62  dfixi.o(.text)
    __aeabi_f2d                              0x0800b25f   Thumb Code    38  f2d.o(.text)
    __aeabi_cdrcmple                         0x0800b285   Thumb Code    48  cdrcmple.o(.text)
    __aeabi_d2f                              0x0800b2b5   Thumb Code    56  d2f.o(.text)
    __aeabi_uldivmod                         0x0800b2ed   Thumb Code    98  uldiv.o(.text)
    __aeabi_llsl                             0x0800b34f   Thumb Code    30  llshl.o(.text)
    _ll_shift_l                              0x0800b34f   Thumb Code     0  llshl.o(.text)
    __aeabi_llsr                             0x0800b36d   Thumb Code    32  llushr.o(.text)
    _ll_ushift_r                             0x0800b36d   Thumb Code     0  llushr.o(.text)
    __aeabi_lasr                             0x0800b38d   Thumb Code    36  llsshr.o(.text)
    _ll_sshift_r                             0x0800b38d   Thumb Code     0  llsshr.o(.text)
    _chval                                   0x0800b3b1   Thumb Code    28  _chval.o(.text)
    __vfscanf_char                           0x0800b3d9   Thumb Code    20  scanf_char.o(.text)
    _sgetc                                   0x0800b3f5   Thumb Code    30  _sgetc.o(.text)
    _sbackspace                              0x0800b413   Thumb Code    34  _sgetc.o(.text)
    __I$use$fp                               0x0800b435   Thumb Code     0  iusefp.o(.text)
    _float_round                             0x0800b435   Thumb Code    18  fepilogue.o(.text)
    _float_epilogue                          0x0800b447   Thumb Code    92  fepilogue.o(.text)
    _double_round                            0x0800b4a3   Thumb Code    30  depilogue.o(.text)
    _double_epilogue                         0x0800b4c1   Thumb Code   156  depilogue.o(.text)
    _dsqrt                                   0x0800b55d   Thumb Code   162  dsqrt.o(.text)
    __aeabi_ul2d                             0x0800b5ff   Thumb Code    24  dfltul.o(.text)
    __scatterload                            0x0800b619   Thumb Code    28  init.o(.text)
    __scatterload_rt2                        0x0800b619   Thumb Code     0  init.o(.text)
    isspace                                  0x0800b63d   Thumb Code    10  isspace_c.o(.text)
    __vfscanf                                0x0800b649   Thumb Code   810  _scanf.o(.text)
    __ctype_lookup                           0x0800b979   Thumb Code    34  ctype_c.o(.text)
    __decompress                             0x0800b9a1   Thumb Code     0  __dczerorl2.o(.text)
    __decompress1                            0x0800b9a1   Thumb Code    86  __dczerorl2.o(.text)
    __0printf$8                              0x0800b9f9   Thumb Code    22  printf8.o(i.__0printf$8)
    __1printf$8                              0x0800b9f9   Thumb Code     0  printf8.o(i.__0printf$8)
    __2printf                                0x0800b9f9   Thumb Code     0  printf8.o(i.__0printf$8)
    __0sprintf$8                             0x0800ba19   Thumb Code    34  printf8.o(i.__0sprintf$8)
    __1sprintf$8                             0x0800ba19   Thumb Code     0  printf8.o(i.__0sprintf$8)
    __2sprintf                               0x0800ba19   Thumb Code     0  printf8.o(i.__0sprintf$8)
    __ARM_fpclassify                         0x0800ba41   Thumb Code    48  fpclassify.o(i.__ARM_fpclassify)
    __hardfp_acos                            0x0800ba71   Thumb Code   738  acos.o(i.__hardfp_acos)
    __hardfp_atan                            0x0800bdc9   Thumb Code   622  atan.o(i.__hardfp_atan)
    __hardfp_cos                             0x0800c0a1   Thumb Code   180  cos.o(i.__hardfp_cos)
    __hardfp_sin                             0x0800c169   Thumb Code   180  sin.o(i.__hardfp_sin)
    __hardfp_sqrt                            0x0800c231   Thumb Code   122  sqrt.o(i.__hardfp_sqrt)
    __ieee754_rem_pio2                       0x0800c2b1   Thumb Code   938  rred.o(i.__ieee754_rem_pio2)
    __kernel_cos                             0x0800c6e9   Thumb Code   322  cos_i.o(i.__kernel_cos)
    __kernel_poly                            0x0800c859   Thumb Code   248  poly.o(i.__kernel_poly)
    __kernel_sin                             0x0800c951   Thumb Code   280  sin_i.o(i.__kernel_sin)
    __mathlib_dbl_infnan                     0x0800ca81   Thumb Code    20  dunder.o(i.__mathlib_dbl_infnan)
    __mathlib_dbl_invalid                    0x0800ca99   Thumb Code    24  dunder.o(i.__mathlib_dbl_invalid)
    __mathlib_dbl_underflow                  0x0800cab9   Thumb Code    24  dunder.o(i.__mathlib_dbl_underflow)
    __scatterload_copy                       0x0800cad9   Thumb Code    14  handlers.o(i.__scatterload_copy)
    __scatterload_null                       0x0800cae7   Thumb Code     2  handlers.o(i.__scatterload_null)
    __scatterload_zeroinit                   0x0800cae9   Thumb Code    14  handlers.o(i.__scatterload_zeroinit)
    __set_errno                              0x0800caf9   Thumb Code     6  errno.o(i.__set_errno)
    _is_digit                                0x0800cb05   Thumb Code    14  scanf_fp.o(i._is_digit)
    fabs                                     0x0800cf75   Thumb Code    24  fabs.o(i.fabs)
    sqrt                                     0x0800cf8d   Thumb Code   110  sqrt.o(i.sqrt)
    F6x8                                     0x0800cffa   Data         552  oled.o(.constdata)
    F8X16                                    0x0800d222   Data        1520  oled.o(.constdata)
    __ctype_categories                       0x0800da20   Data          64  ctype_c.o(.constdata)
    Region$$Table$$Base                      0x0800dda0   Number         0  anon$$obj.o(Region$$Table)
    Region$$Table$$Limit                     0x0800ddc0   Number         0  anon$$obj.o(Region$$Table)
    SystemCoreClock                          0x20000000   Data           4  system_stm32f4xx.o(.data)
    AHBPrescTable                            0x20000004   Data          16  system_stm32f4xx.o(.data)
    start_toggle                             0x20000024   Data           1  usbh_hid_core.o(.data)
    HID_cb                                   0x20000030   Data          16  usbh_hid_core.o(.data)
    ps2_do_ok                                0x20000040   Data           1  usbh_hid_gamepad.o(.data)
    HID_GAMEPAD_cb                           0x20000044   Data           8  usbh_hid_gamepad.o(.data)
    USBH_HCD_INT_cb                          0x20000050   Data          20  usbh_core.o(.data)
    USBH_HCD_INT_fops                        0x20000064   Data           4  usbh_core.o(.data)
    bDeviceState                             0x2000006a   Data           1  usbh_usr.o(.data)
    USR_Callbacks                            0x2000006c   Data          72  usbh_usr.o(.data)
    i                                        0x20000128   Data           4  w25q64.o(.data)
    GPIO_InitStructure                       0x2000012c   Data           8  w25q64.o(.data)
    FONT_COLOR                               0x20000136   Data         160  oled.o(.data)
    F16x16                                   0x200001d6   Data         128  oled.o(.data)
    BMP1                                     0x20000256   Data         768  oled.o(.data)
    gyro_offset_gx                           0x20000558   Data           4  kalmanfilter.o(.data)
    gyro_offset_gy                           0x2000055c   Data           4  kalmanfilter.o(.data)
    gyro_offset_gz                           0x20000560   Data           4  kalmanfilter.o(.data)
    z_angle                                  0x20000564   Data           4  kalmanfilter.o(.data)
    kf_x                                     0x2000056c   Data          20  kalmanfilter.o(.data)
    kf_y                                     0x20000580   Data          20  kalmanfilter.o(.data)
    kf_z                                     0x20000594   Data          20  kalmanfilter.o(.data)
    reset_flag_A                             0x200005a8   Data           4  kinematics.o(.data)
    reset_flag_B                             0x200005ac   Data           4  kinematics.o(.data)
    reset_flag_C                             0x200005b0   Data           4  kinematics.o(.data)
    reset_flag_D                             0x200005b4   Data           4  kinematics.o(.data)
    zhixing_flag                             0x200005b8   Data           1  kinematics.o(.data)
    motor_kp                                 0x200005ba   Data           2  robot.o(.data)
    motor_ki                                 0x200005bc   Data           2  robot.o(.data)
    motor_kd                                 0x200005be   Data           2  robot.o(.data)
    Bat_Vol                                  0x200005c2   Data           2  robot.o(.data)
    ps2_cmd_grn                              0x200005d0   Data          64  app_ps2.o(.data)
    pre_cmd_set_grn                          0x20000610   Data          64  app_ps2.o(.data)
    AI_mode                                  0x20000650   Data           1  global.o(.data)
    group_do_ok                              0x20000651   Data           1  global.o(.data)
    forbid_turn                              0x20000652   Data           1  global.o(.data)
    uart_receive_num                         0x20000653   Data           1  global.o(.data)
    uart1_get_ok                             0x20000654   Data           2  global.o(.data)
    action_time                              0x20000658   Data           4  global.o(.data)
    do_start_index                           0x2000065c   Data           4  global.o(.data)
    do_time                                  0x20000660   Data           4  global.o(.data)
    group_num_start                          0x20000664   Data           4  global.o(.data)
    group_num_end                            0x20000668   Data           4  global.o(.data)
    group_num_times                          0x2000066c   Data           4  global.o(.data)
    uart1_mode                               0x20000678   Data           1  global.o(.data)
    __stdout                                 0x2000067c   Data           4  stdout.o(.data)
    HID_Machine                              0x20000684   Data          84  usbh_hid_core.o(.bss)
    HID_Desc                                 0x200006d8   Data          10  usbh_hid_core.o(.bss)
    ps2_buf                                  0x20000722   Data          14  usbh_hid_gamepad.o(.bss)
    USBH_CfgDesc                             0x20000730   Data         512  usbh_stdreq.o(.bss)
    motor_A_pid                              0x2000096c   Data          44  motor.o(.bss)
    motor_B_pid                              0x20000998   Data          44  motor.o(.bss)
    motor_C_pid                              0x200009c4   Data          44  motor.o(.bss)
    motor_D_pid                              0x200009f0   Data          44  motor.o(.bss)
    SPI_InitStructure                        0x20000a1c   Data          18  w25q64.o(.bss)
    W25Q_BUF                                 0x20000a2e   Data        4096  w25q64.o(.bss)
    duoji_doing                              0x20001a30   Data          96  servo.o(.bss)
    kinematics                               0x20001a90   Data          88  kinematics.o(.bss)
    Vel                                      0x20001ae8   Data          36  robot.o(.bss)
    Wheel_A                                  0x20001b10   Data          16  robot.o(.bss)
    Wheel_B                                  0x20001b20   Data          16  robot.o(.bss)
    Wheel_C                                  0x20001b30   Data          16  robot.o(.bss)
    Wheel_D                                  0x20001b40   Data          16  robot.o(.bss)
    USB_OTG_Core_dev                         0x20001b50   Data        1456  main.o(.bss)
    USB_Host                                 0x20002100   Data         132  main.o(.bss)
    TasksPare                                0x20002184   Data          48  task_manager.o(.bss)
    qdata                                    0x200021b4   Data          28  task_manager.o(.bss)
    cmd_return                               0x200021d0   Data        1024  global.o(.bss)
    eeprom_info                              0x200025d0   Data         196  global.o(.bss)
    uart_receive_buf                         0x20002694   Data        1024  global.o(.bss)
    __initial_sp                             0x20002e98   Data           0  startup_stm32f40_41xxx.o(STACK)



==============================================================================

Memory Map of the image

  Image Entry point : 0x08000189

  Load Region LR_IROM1 (Base: 0x08000000, Size: 0x0000e444, Max: 0x00080000, ABSOLUTE, COMPRESSED[0x0000e118])

    Execution Region ER_IROM1 (Exec base: 0x08000000, Load base: 0x08000000, Size: 0x0000ddc0, Max: 0x00080000, ABSOLUTE)

    Exec Addr    Load Addr    Size         Type   Attr      Idx    E Section Name        Object

    0x08000000   0x08000000   0x00000188   Data   RO          159    RESET               startup_stm32f40_41xxx.o
    0x08000188   0x08000188   0x00000000   Code   RO         1645  * .ARM.Collect$$$$00000000  mc_w.l(entry.o)
    0x08000188   0x08000188   0x00000004   Code   RO         1983    .ARM.Collect$$$$00000001  mc_w.l(entry2.o)
    0x0800018c   0x0800018c   0x00000004   Code   RO         1986    .ARM.Collect$$$$00000004  mc_w.l(entry5.o)
    0x08000190   0x08000190   0x00000000   Code   RO         1988    .ARM.Collect$$$$00000008  mc_w.l(entry7b.o)
    0x08000190   0x08000190   0x00000000   Code   RO         1990    .ARM.Collect$$$$0000000A  mc_w.l(entry8b.o)
    0x08000190   0x08000190   0x00000008   Code   RO         1991    .ARM.Collect$$$$0000000B  mc_w.l(entry9a.o)
    0x08000198   0x08000198   0x00000004   Code   RO         1998    .ARM.Collect$$$$0000000E  mc_w.l(entry12b.o)
    0x0800019c   0x0800019c   0x00000000   Code   RO         1993    .ARM.Collect$$$$0000000F  mc_w.l(entry10a.o)
    0x0800019c   0x0800019c   0x00000000   Code   RO         1995    .ARM.Collect$$$$00000011  mc_w.l(entry11a.o)
    0x0800019c   0x0800019c   0x00000004   Code   RO         1984    .ARM.Collect$$$$00002712  mc_w.l(entry2.o)
    0x080001a0   0x080001a0   0x00000010   Code   RO            3    .text               stm32f4xx_it.o
    0x080001b0   0x080001b0   0x0000017c   Code   RO          133    .text               system_stm32f4xx.o
    0x0800032c   0x0800032c   0x00000024   Code   RO          160    .text               startup_stm32f40_41xxx.o
    0x08000350   0x08000350   0x000000b0   Code   RO          166    .text               misc.o
    0x08000400   0x08000400   0x00000354   Code   RO          186    .text               stm32f4xx_adc.o
    0x08000754   0x08000754   0x00000238   Code   RO          266    .text               stm32f4xx_gpio.o
    0x0800098c   0x0800098c   0x00000480   Code   RO          306    .text               stm32f4xx_rcc.o
    0x08000e0c   0x08000e0c   0x0000032c   Code   RO          369    .text               stm32f4xx_spi.o
    0x08001138   0x08001138   0x000009dc   Code   RO          409    .text               stm32f4xx_tim.o
    0x08001b14   0x08001b14   0x00000358   Code   RO          430    .text               stm32f4xx_usart.o
    0x08001e6c   0x08001e6c   0x00000d18   Code   RO          490    .text               usbh_hid_core.o
    0x08002b84   0x08002b84   0x00000030   Code   RO          666    .text               usbh_hid_gamepad.o
    0x08002bb4   0x08002bb4   0x000000ec   Code   RO          724    .text               usbh_hcs.o
    0x08002ca0   0x08002ca0   0x000001b2   Code   RO          744    .text               usbh_ioreq.o
    0x08002e52   0x08002e52   0x00000002   PAD
    0x08002e54   0x08002e54   0x00000378   Code   RO          764    .text               usbh_stdreq.o
    0x080031cc   0x080031cc   0x00000e7c   Code   RO          792    .text               usb_hcd_int.o
    0x08004048   0x08004048   0x00000670   Code   RO          816    .text               usbh_core.o
    0x080046b8   0x080046b8   0x000000b2   Code   RO          846    .text               usb_hcd.o
    0x0800476a   0x0800476a   0x00000002   PAD
    0x0800476c   0x0800476c   0x000006f8   Code   RO          892    .text               usb_core.o
    0x08004e64   0x08004e64   0x00000098   Code   RO          913    .text               usb_bsp.o
    0x08004efc   0x08004efc   0x000003b0   Code   RO          934    .text               usbh_usr.o
    0x080052ac   0x080052ac   0x00000a4c   Code   RO          970    .text               usart.o
    0x08005cf8   0x08005cf8   0x0000032c   Code   RO          994    .text               gpio_int.o
    0x08006024   0x08006024   0x000000ac   Code   RO         1015    .text               sys.o
    0x080060d0   0x080060d0   0x00000598   Code   RO         1061    .text               drive_motor.o
    0x08006668   0x08006668   0x00000b70   Code   RO         1081    .text               motor.o
    0x080071d8   0x080071d8   0x000006c8   Code   RO         1106    .text               w25q64.o
    0x080078a0   0x080078a0   0x00000430   Code   RO         1131    .text               servo.o
    0x08007cd0   0x08007cd0   0x00000560   Code   RO         1158    .text               oled.o
    0x08008230   0x08008230   0x0000021c   Code   RO         1186    .text               myiic.o
    0x0800844c   0x0800844c   0x00000398   Code   RO         1212    .text               qmi8658a.o
    0x080087e4   0x080087e4   0x0000025c   Code   RO         1236    .text               adc.o
    0x08008a40   0x08008a40   0x000000fc   Code   RO         1281    .text               pid.o
    0x08008b3c   0x08008b3c   0x0000017c   Code   RO         1322    .text               kalmanfilter.o
    0x08008cb8   0x08008cb8   0x00000798   Code   RO         1371    .text               kinematics.o
    0x08009450   0x08009450   0x00000078   Code   RO         1399    .text               robot.o
    0x080094c8   0x080094c8   0x00000084   Code   RO         1441    .text               main.o
    0x0800954c   0x0800954c   0x000001a8   Code   RO         1465    .text               task_manager.o
    0x080096f4   0x080096f4   0x000003dc   Code   RO         1515    .text               app_ps2.o
    0x08009ad0   0x08009ad0   0x00000eb8   Code   RO         1544    .text               global.o
    0x0800a988   0x0800a988   0x00000024   Code   RO         1648    .text               mc_w.l(memcpya.o)
    0x0800a9ac   0x0800a9ac   0x00000024   Code   RO         1650    .text               mc_w.l(memseta.o)
    0x0800a9d0   0x0800a9d0   0x0000000e   Code   RO         1652    .text               mc_w.l(strlen.o)
    0x0800a9de   0x0800a9de   0x00000012   Code   RO         1654    .text               mc_w.l(strcpy.o)
    0x0800a9f0   0x0800a9f0   0x00000038   Code   RO         1919    .text               mc_w.l(__0sscanf.o)
    0x0800aa28   0x0800aa28   0x0000014c   Code   RO         1921    .text               mc_w.l(_scanf_int.o)
    0x0800ab74   0x0800ab74   0x00000360   Code   RO         1923    .text               mc_w.l(scanf_fp.o)
    0x0800aed4   0x0800aed4   0x0000014e   Code   RO         1927    .text               mf_w.l(dadd.o)
    0x0800b022   0x0800b022   0x000000e4   Code   RO         1929    .text               mf_w.l(dmul.o)
    0x0800b106   0x0800b106   0x000000de   Code   RO         1931    .text               mf_w.l(ddiv.o)
    0x0800b1e4   0x0800b1e4   0x00000022   Code   RO         1933    .text               mf_w.l(dflti.o)
    0x0800b206   0x0800b206   0x0000001a   Code   RO         1935    .text               mf_w.l(dfltui.o)
    0x0800b220   0x0800b220   0x0000003e   Code   RO         1937    .text               mf_w.l(dfixi.o)
    0x0800b25e   0x0800b25e   0x00000026   Code   RO         1939    .text               mf_w.l(f2d.o)
    0x0800b284   0x0800b284   0x00000030   Code   RO         1941    .text               mf_w.l(cdrcmple.o)
    0x0800b2b4   0x0800b2b4   0x00000038   Code   RO         1943    .text               mf_w.l(d2f.o)
    0x0800b2ec   0x0800b2ec   0x00000062   Code   RO         2002    .text               mc_w.l(uldiv.o)
    0x0800b34e   0x0800b34e   0x0000001e   Code   RO         2004    .text               mc_w.l(llshl.o)
    0x0800b36c   0x0800b36c   0x00000020   Code   RO         2006    .text               mc_w.l(llushr.o)
    0x0800b38c   0x0800b38c   0x00000024   Code   RO         2008    .text               mc_w.l(llsshr.o)
    0x0800b3b0   0x0800b3b0   0x0000001c   Code   RO         2017    .text               mc_w.l(_chval.o)
    0x0800b3cc   0x0800b3cc   0x00000028   Code   RO         2019    .text               mc_w.l(scanf_char.o)
    0x0800b3f4   0x0800b3f4   0x00000040   Code   RO         2021    .text               mc_w.l(_sgetc.o)
    0x0800b434   0x0800b434   0x00000000   Code   RO         2023    .text               mc_w.l(iusefp.o)
    0x0800b434   0x0800b434   0x0000006e   Code   RO         2024    .text               mf_w.l(fepilogue.o)
    0x0800b4a2   0x0800b4a2   0x000000ba   Code   RO         2026    .text               mf_w.l(depilogue.o)
    0x0800b55c   0x0800b55c   0x000000a2   Code   RO         2030    .text               mf_w.l(dsqrt.o)
    0x0800b5fe   0x0800b5fe   0x00000018   Code   RO         2032    .text               mf_w.l(dfltul.o)
    0x0800b616   0x0800b616   0x00000002   PAD
    0x0800b618   0x0800b618   0x00000024   Code   RO         2038    .text               mc_w.l(init.o)
    0x0800b63c   0x0800b63c   0x0000000a   Code   RO         2040    .text               mc_w.l(isspace_c.o)
    0x0800b646   0x0800b646   0x00000002   PAD
    0x0800b648   0x0800b648   0x00000330   Code   RO         2042    .text               mc_w.l(_scanf.o)
    0x0800b978   0x0800b978   0x00000028   Code   RO         2044    .text               mc_w.l(ctype_c.o)
    0x0800b9a0   0x0800b9a0   0x00000056   Code   RO         2055    .text               mc_w.l(__dczerorl2.o)
    0x0800b9f6   0x0800b9f6   0x00000002   PAD
    0x0800b9f8   0x0800b9f8   0x00000020   Code   RO         1865    i.__0printf$8       mc_w.l(printf8.o)
    0x0800ba18   0x0800ba18   0x00000028   Code   RO         1867    i.__0sprintf$8      mc_w.l(printf8.o)
    0x0800ba40   0x0800ba40   0x00000030   Code   RO         1968    i.__ARM_fpclassify  m_wm.l(fpclassify.o)
    0x0800ba70   0x0800ba70   0x00000358   Code   RO         1581    i.__hardfp_acos     m_wm.l(acos.o)
    0x0800bdc8   0x0800bdc8   0x000002d8   Code   RO         1595    i.__hardfp_atan     m_wm.l(atan.o)
    0x0800c0a0   0x0800c0a0   0x000000c8   Code   RO         1609    i.__hardfp_cos      m_wm.l(cos.o)
    0x0800c168   0x0800c168   0x000000c8   Code   RO         1621    i.__hardfp_sin      m_wm.l(sin.o)
    0x0800c230   0x0800c230   0x0000007a   Code   RO         1633    i.__hardfp_sqrt     m_wm.l(sqrt.o)
    0x0800c2aa   0x0800c2aa   0x00000006   PAD
    0x0800c2b0   0x0800c2b0   0x00000438   Code   RO         1972    i.__ieee754_rem_pio2  m_wm.l(rred.o)
    0x0800c6e8   0x0800c6e8   0x00000170   Code   RO         1945    i.__kernel_cos      m_wm.l(cos_i.o)
    0x0800c858   0x0800c858   0x000000f8   Code   RO         1970    i.__kernel_poly     m_wm.l(poly.o)
    0x0800c950   0x0800c950   0x00000130   Code   RO         1977    i.__kernel_sin      m_wm.l(sin_i.o)
    0x0800ca80   0x0800ca80   0x00000014   Code   RO         1949    i.__mathlib_dbl_infnan  m_wm.l(dunder.o)
    0x0800ca94   0x0800ca94   0x00000004   PAD
    0x0800ca98   0x0800ca98   0x00000020   Code   RO         1951    i.__mathlib_dbl_invalid  m_wm.l(dunder.o)
    0x0800cab8   0x0800cab8   0x00000020   Code   RO         1954    i.__mathlib_dbl_underflow  m_wm.l(dunder.o)
    0x0800cad8   0x0800cad8   0x0000000e   Code   RO         2049    i.__scatterload_copy  mc_w.l(handlers.o)
    0x0800cae6   0x0800cae6   0x00000002   Code   RO         2050    i.__scatterload_null  mc_w.l(handlers.o)
    0x0800cae8   0x0800cae8   0x0000000e   Code   RO         2051    i.__scatterload_zeroinit  mc_w.l(handlers.o)
    0x0800caf6   0x0800caf6   0x00000002   PAD
    0x0800caf8   0x0800caf8   0x0000000c   Code   RO         2012    i.__set_errno       mc_w.l(errno.o)
    0x0800cb04   0x0800cb04   0x0000000e   Code   RO         1925    i._is_digit         mc_w.l(scanf_fp.o)
    0x0800cb12   0x0800cb12   0x00000002   PAD
    0x0800cb14   0x0800cb14   0x00000404   Code   RO         1872    i._printf_core      mc_w.l(printf8.o)
    0x0800cf18   0x0800cf18   0x00000024   Code   RO         1873    i._printf_post_padding  mc_w.l(printf8.o)
    0x0800cf3c   0x0800cf3c   0x0000002e   Code   RO         1874    i._printf_pre_padding  mc_w.l(printf8.o)
    0x0800cf6a   0x0800cf6a   0x0000000a   Code   RO         1876    i._sputc            mc_w.l(printf8.o)
    0x0800cf74   0x0800cf74   0x00000018   Code   RO         1964    i.fabs              m_wm.l(fabs.o)
    0x0800cf8c   0x0800cf8c   0x0000006e   Code   RO         1635    i.sqrt              m_wm.l(sqrt.o)
    0x0800cffa   0x0800cffa   0x00000818   Data   RO         1159    .constdata          oled.o
    0x0800d812   0x0800d812   0x00000006   PAD
    0x0800d818   0x0800d818   0x00000050   Data   RO         1584    .constdata          m_wm.l(acos.o)
    0x0800d868   0x0800d868   0x00000098   Data   RO         1598    .constdata          m_wm.l(atan.o)
    0x0800d900   0x0800d900   0x00000030   Data   RO         1946    .constdata          m_wm.l(cos_i.o)
    0x0800d930   0x0800d930   0x000000c8   Data   RO         1974    .constdata          m_wm.l(rred.o)
    0x0800d9f8   0x0800d9f8   0x00000028   Data   RO         1978    .constdata          m_wm.l(sin_i.o)
    0x0800da20   0x0800da20   0x00000040   Data   RO         2045    .constdata          mc_w.l(ctype_c.o)
    0x0800da60   0x0800da60   0x000000cf   Data   RO          493    .conststring        usbh_hid_core.o
    0x0800db2f   0x0800db2f   0x00000001   PAD
    0x0800db30   0x0800db30   0x0000026d   Data   RO         1516    .conststring        app_ps2.o
    0x0800dd9d   0x0800dd9d   0x00000003   PAD
    0x0800dda0   0x0800dda0   0x00000020   Data   RO         2047    Region$$Table       anon$$obj.o


    Execution Region RW_IRAM2 (Exec base: 0x10000000, Load base: 0x0800e118, Size: 0x00000000, Max: 0x00010000, ABSOLUTE)

    **** No section assigned to this execution region ****


    Execution Region RW_IRAM1 (Exec base: 0x20000000, Load base: 0x0800ddc0, Size: 0x00002e98, Max: 0x00020000, ABSOLUTE, COMPRESSED[0x00000358])

    Exec Addr    Load Addr    Size         Type   Attr      Idx    E Section Name        Object

    0x20000000   COMPRESSED   0x00000014   Data   RW          134    .data               system_stm32f4xx.o
    0x20000014   COMPRESSED   0x00000010   Data   RW          307    .data               stm32f4xx_rcc.o
    0x20000024   COMPRESSED   0x0000000c   Data   RW          494    .data               usbh_hid_core.o
    0x20000030   COMPRESSED   0x00000010   Data   RW          495    .data               usbh_hid_core.o
    0x20000040   COMPRESSED   0x00000001   Data   RW          668    .data               usbh_hid_gamepad.o
    0x20000041   COMPRESSED   0x00000003   PAD
    0x20000044   COMPRESSED   0x00000008   Data   RW          669    .data               usbh_hid_gamepad.o
    0x2000004c   COMPRESSED   0x00000004   Data   RW          766    .data               usbh_stdreq.o
    0x20000050   COMPRESSED   0x00000014   Data   RW          817    .data               usbh_core.o
    0x20000064   COMPRESSED   0x00000004   Data   RW          818    .data               usbh_core.o
    0x20000068   COMPRESSED   0x00000002   Data   RW          820    .data               usbh_core.o
    0x2000006a   COMPRESSED   0x00000001   Data   RW          935    .data               usbh_usr.o
    0x2000006b   COMPRESSED   0x00000001   PAD
    0x2000006c   COMPRESSED   0x00000048   Data   RW          937    .data               usbh_usr.o
    0x200000b4   COMPRESSED   0x0000000c   Data   RW          972    .data               usart.o
    0x200000c0   COMPRESSED   0x00000004   Data   RW         1016    .data               sys.o
    0x200000c4   COMPRESSED   0x00000060   Data   RW         1083    .data               motor.o
    0x20000124   COMPRESSED   0x00000010   Data   RW         1108    .data               w25q64.o
    0x20000134   COMPRESSED   0x00000002   Data   RW         1133    .data               servo.o
    0x20000136   COMPRESSED   0x00000420   Data   RW         1160    .data               oled.o
    0x20000556   COMPRESSED   0x00000002   PAD
    0x20000558   COMPRESSED   0x00000014   Data   RW         1323    .data               kalmanfilter.o
    0x2000056c   COMPRESSED   0x00000014   Data   RW         1324    .data               kalmanfilter.o
    0x20000580   COMPRESSED   0x00000014   Data   RW         1325    .data               kalmanfilter.o
    0x20000594   COMPRESSED   0x00000014   Data   RW         1326    .data               kalmanfilter.o
    0x200005a8   COMPRESSED   0x00000010   Data   RW         1373    .data               kinematics.o
    0x200005b8   COMPRESSED   0x00000001   Data   RW         1374    .data               kinematics.o
    0x200005b9   COMPRESSED   0x00000001   PAD
    0x200005ba   COMPRESSED   0x00000002   Data   RW         1407    .data               robot.o
    0x200005bc   COMPRESSED   0x00000002   Data   RW         1408    .data               robot.o
    0x200005be   COMPRESSED   0x00000002   Data   RW         1409    .data               robot.o
    0x200005c0   COMPRESSED   0x00000004   Data   RW         1411    .data               robot.o
    0x200005c4   COMPRESSED   0x00000004   Data   RW         1468    .data               task_manager.o
    0x200005c8   COMPRESSED   0x00000088   Data   RW         1517    .data               app_ps2.o
    0x20000650   COMPRESSED   0x00000028   Data   RW         1546    .data               global.o
    0x20000678   COMPRESSED   0x00000001   Data   RW         1549    .data               global.o
    0x20000679   COMPRESSED   0x00000003   PAD
    0x2000067c   COMPRESSED   0x00000004   Data   RW         1999    .data               mc_w.l(stdout.o)
    0x20000680   COMPRESSED   0x00000004   Data   RW         2013    .data               mc_w.l(errno.o)
    0x20000684        -       0x0000009e   Zero   RW          491    .bss                usbh_hid_core.o
    0x20000722        -       0x0000000e   Zero   RW          667    .bss                usbh_hid_gamepad.o
    0x20000730        -       0x00000200   Zero   RW          765    .bss                usbh_stdreq.o
    0x20000930        -       0x0000003c   Zero   RW          971    .bss                usart.o
    0x2000096c        -       0x000000b0   Zero   RW         1082    .bss                motor.o
    0x20000a1c        -       0x00001012   Zero   RW         1107    .bss                w25q64.o
    0x20001a2e   COMPRESSED   0x00000002   PAD
    0x20001a30        -       0x00000060   Zero   RW         1132    .bss                servo.o
    0x20001a90        -       0x00000058   Zero   RW         1372    .bss                kinematics.o
    0x20001ae8        -       0x00000024   Zero   RW         1401    .bss                robot.o
    0x20001b0c   COMPRESSED   0x00000004   PAD
    0x20001b10        -       0x00000010   Zero   RW         1402    .bss                robot.o
    0x20001b20        -       0x00000010   Zero   RW         1403    .bss                robot.o
    0x20001b30        -       0x00000010   Zero   RW         1404    .bss                robot.o
    0x20001b40        -       0x00000010   Zero   RW         1405    .bss                robot.o
    0x20001b50        -       0x00000634   Zero   RW         1442    .bss                main.o
    0x20002184        -       0x0000004c   Zero   RW         1466    .bss                task_manager.o
    0x200021d0        -       0x000008c4   Zero   RW         1545    .bss                global.o
    0x20002a94   COMPRESSED   0x00000004   PAD
    0x20002a98        -       0x00000400   Zero   RW          157    STACK               startup_stm32f40_41xxx.o


==============================================================================

Image component sizes


      Code (inc. data)   RO Data    RW Data    ZI Data      Debug   Object Name

       604         32          0          0          0       3445   adc.o
       988         78        621        136          0       2509   app_ps2.o
      1432         46          0          0          0       4798   drive_motor.o
      3768        764          0         41       2244      12443   global.o
       812         24          0          0          0       3457   gpio_int.o
       380         38          0         80          0       2910   kalmanfilter.o
      1944        130          0         17         88       4045   kinematics.o
       132         14          0          0       1588        859   main.o
       176         12          0          0          0       1945   misc.o
      2928         90          0         96        176      12482   motor.o
       540          8          0          0          0       2004   myiic.o
      1376         32       2072       1056          0       7327   oled.o
       252          4          0          0          0       1901   pid.o
       920         22          0          0          0       4406   qmi8658a.o
       120         10          0         10        100       4088   robot.o
      1072         56          0          2         96       4559   servo.o
        36          8        392          0       1024        836   startup_stm32f40_41xxx.o
       852         20          0          0          0      10830   stm32f4xx_adc.o
       568         46          0          0          0       4521   stm32f4xx_gpio.o
        16          0          0          0          0     304762   stm32f4xx_it.o
      1152         48          0         16          0      13332   stm32f4xx_rcc.o
       812         38          0          0          0       7329   stm32f4xx_spi.o
      2524         52          0          0          0      23030   stm32f4xx_tim.o
       856         32          0          0          0       8176   stm32f4xx_usart.o
       172         10          0          4          0      28376   sys.o
       380         36          0         20          0       1951   system_stm32f4xx.o
       424         56          0          4         76       2854   task_manager.o
      2636        180          0         12         60       7144   usart.o
       152          8          0          0          0       2377   usb_bsp.o
      1784         16          0          0          0      10476   usb_core.o
       178          0          0          0          0       3158   usb_hcd.o
      3708         10          0          0          0       6819   usb_hcd_int.o
      1648         46          0         26          0       7768   usbh_core.o
       236          0          0          0          0       2724   usbh_hcs.o
      3352       1612        207         28        158      39470   usbh_hid_core.o
        48          8          0          9         14       3056   usbh_hid_gamepad.o
       434          0          0          0          0       4448   usbh_ioreq.o
       888         10          0          4        512       6691   usbh_stdreq.o
       944        690          0         73          0       5152   usbh_usr.o
      1736         80          0         16       4114       7510   w25q64.o

    ----------------------------------------------------------------------
     42984       4366       3334       1660      10260     585968   Object Totals
         0          0         32          0          0          0   (incl. Generated)
         4          0         10         10         10          0   (incl. Padding)

    ----------------------------------------------------------------------

      Code (inc. data)   RO Data    RW Data    ZI Data      Debug   Library Member Name

       856        118         80          0          0        288   acos.o
       728        106        152          0          0        228   atan.o
       200         20          0          0          0        164   cos.o
       368         46         48          0          0        200   cos_i.o
        84         16          0          0          0        372   dunder.o
        24          0          0          0          0        124   fabs.o
        48          0          0          0          0        124   fpclassify.o
       248          0          0          0          0        152   poly.o
      1080        142        200          0          0        188   rred.o
       200         20          0          0          0        164   sin.o
       304         24         40          0          0        208   sin_i.o
       232          0          0          0          0        296   sqrt.o
        56          8          0          0          0         84   __0sscanf.o
        86          0          0          0          0          0   __dczerorl2.o
        28          0          0          0          0         68   _chval.o
       816          6          0          0          0        112   _scanf.o
       332          0          0          0          0         96   _scanf_int.o
        64          0          0          0          0         84   _sgetc.o
        40          6         64          0          0         68   ctype_c.o
         0          0          0          0          0          0   entry.o
         0          0          0          0          0          0   entry10a.o
         0          0          0          0          0          0   entry11a.o
         4          0          0          0          0          0   entry12b.o
         8          4          0          0          0          0   entry2.o
         4          0          0          0          0          0   entry5.o
         0          0          0          0          0          0   entry7b.o
         0          0          0          0          0          0   entry8b.o
         8          4          0          0          0          0   entry9a.o
        12          6          0          4          0         68   errno.o
        30          0          0          0          0          0   handlers.o
        36          8          0          0          0         68   init.o
        10          0          0          0          0         68   isspace_c.o
         0          0          0          0          0          0   iusefp.o
        30          0          0          0          0         68   llshl.o
        36          0          0          0          0         68   llsshr.o
        32          0          0          0          0         68   llushr.o
        36          0          0          0          0         68   memcpya.o
        36          0          0          0          0        108   memseta.o
      1192         60          0          0          0        504   printf8.o
        40          8          0          0          0         84   scanf_char.o
       878         12          0          0          0        216   scanf_fp.o
         0          0          0          4          0          0   stdout.o
        18          0          0          0          0         68   strcpy.o
        14          0          0          0          0         68   strlen.o
        98          0          0          0          0         92   uldiv.o
        48          0          0          0          0         68   cdrcmple.o
        56          0          0          0          0         88   d2f.o
       334          0          0          0          0        148   dadd.o
       222          0          0          0          0        100   ddiv.o
       186          0          0          0          0        176   depilogue.o
        62          0          0          0          0         80   dfixi.o
        34          0          0          0          0         76   dflti.o
        26          0          0          0          0         76   dfltui.o
        24          0          0          0          0         76   dfltul.o
       228          0          0          0          0         96   dmul.o
       162          0          0          0          0        100   dsqrt.o
        38          0          0          0          0         68   f2d.o
       110          0          0          0          0        168   fepilogue.o

    ----------------------------------------------------------------------
      9866        614        584          8          0       5956   Library Totals
        20          0          0          0          0          0   (incl. Padding)

    ----------------------------------------------------------------------

      Code (inc. data)   RO Data    RW Data    ZI Data      Debug   Library Name

      4372        492        520          0          0       2508   m_wm.l
      3944        122         64          8          0       2128   mc_w.l
      1530          0          0          0          0       1320   mf_w.l

    ----------------------------------------------------------------------
      9866        614        584          8          0       5956   Library Totals

    ----------------------------------------------------------------------

==============================================================================


      Code (inc. data)   RO Data    RW Data    ZI Data      Debug   

     52850       4980       3918       1668      10260     580136   Grand Totals
     52850       4980       3918        856      10260     580136   ELF Image Totals (compressed)
     52850       4980       3918        856          0          0   ROM Totals

==============================================================================

    Total RO  Size (Code + RO Data)                56768 (  55.44kB)
    Total RW  Size (RW Data + ZI Data)             11928 (  11.65kB)
    Total ROM Size (Code + RO Data + RW Data)      57624 (  56.27kB)

==============================================================================

